05-16 10:33:19.285  3893  3948 E Finsky:background: 	at bmsc.r(PG:28)
05-16 10:33:19.285  3893  3948 E Finsky:background: 	at bmue.run(PG:5)
05-16 10:33:19.285  3893  3948 E Finsky:background: 	at bmtm.execute(PG:1)
05-16 10:33:19.285  3893  3948 E Finsky:background: 	at bmsc.f(PG:1)
05-16 10:33:19.285  3893  3948 E Finsky:background: 	at bmsc.k(PG:95)
05-16 10:33:19.285  3893  3948 E Finsky:background: 	at bmsc.r(PG:28)
05-16 10:33:19.285  3893  3948 E Finsky:background: 	at bmsm.e(PG:3)
05-16 10:33:19.285  3893  3948 E Finsky:background: 	at bmso.run(PG:53)
05-16 10:33:19.285  3893  3948 E Finsky:background: 	at bmva.run(PG:3)
05-16 10:33:19.285  3893  3948 E Finsky:background: 	at bmvb.run(PG:64)
05-16 10:33:19.285  3893  3948 E Finsky:background: 	at java.util.concurrent.ThreadPoolExecutor.runWorker(ThreadPoolExecutor.java:1145)
05-16 10:33:19.285  3893  3948 E Finsky:background: 	at java.util.concurrent.ThreadPoolExecutor$Worker.run(ThreadPoolExecutor.java:644)
05-16 10:33:19.285  3893  3948 E Finsky:background: 	at bnul.run(PG:57)
05-16 10:33:19.285  3893  3948 E Finsky:background: 	at java.lang.Thread.run(Thread.java:1012)
05-16 10:33:19.358   538  2168 E RecoverySnapshotStorage: Error reading snapshot for 10125 from disk
05-16 10:33:19.358   538  2168 E RecoverySnapshotStorage: java.io.FileNotFoundException: /data/system/recoverablekeystore/snapshots/10125.xml: open failed: ENOENT (No such file or directory)
05-16 10:33:19.358   538  2168 E RecoverySnapshotStorage: 	at libcore.io.IoBridge.open(IoBridge.java:574)
05-16 10:33:19.358   538  2168 E RecoverySnapshotStorage: 	at java.io.FileInputStream.<init>(FileInputStream.java:160)
05-16 10:33:19.358   538  2168 E RecoverySnapshotStorage: 	at com.android.server.locksettings.recoverablekeystore.storage.RecoverySnapshotStorage.readFromDisk(RecoverySnapshotStorage.java:152)
05-16 10:33:19.358   538  2168 E RecoverySnapshotStorage: 	at com.android.server.locksettings.recoverablekeystore.storage.RecoverySnapshotStorage.get(RecoverySnapshotStorage.java:104)
05-16 10:33:19.358   538  2168 E RecoverySnapshotStorage: 	at com.android.server.locksettings.recoverablekeystore.RecoverableKeyStoreManager.getKeyChainSnapshot(RecoverableKeyStoreManager.java:369)
05-16 10:33:19.358   538  2168 E RecoverySnapshotStorage: 	at com.android.server.locksettings.LockSettingsService.getKeyChainSnapshot(LockSettingsService.java:2494)
05-16 10:33:19.358   538  2168 E RecoverySnapshotStorage: 	at com.android.internal.widget.ILockSettings$Stub.onTransact(ILockSettings.java:838)
05-16 10:33:19.358   538  2168 E RecoverySnapshotStorage: 	at android.os.Binder.execTransactInternal(Binder.java:1339)
05-16 10:33:19.358   538  2168 E RecoverySnapshotStorage: 	at android.os.Binder.execTransact(Binder.java:1275)
05-16 10:33:19.358   538  2168 E RecoverySnapshotStorage: Caused by: android.system.ErrnoException: open failed: ENOENT (No such file or directory)
05-16 10:33:19.358   538  2168 E RecoverySnapshotStorage: 	at libcore.io.Linux.open(Native Method)
05-16 10:33:19.358   538  2168 E RecoverySnapshotStorage: 	at libcore.io.ForwardingOs.open(ForwardingOs.java:563)
05-16 10:33:19.358   538  2168 E RecoverySnapshotStorage: 	at libcore.io.BlockGuardOs.open(BlockGuardOs.java:274)
05-16 10:33:19.358   538  2168 E RecoverySnapshotStorage: 	at libcore.io.IoBridge.open(IoBridge.java:560)
05-16 10:33:19.358   538  2168 E RecoverySnapshotStorage: 	... 8 more
05-16 10:33:19.373   175   185 E keystore2: system/security/keystore2/src/error.rs:180 - system/security/keystore2/src/security_level.rs:684
05-16 10:33:19.373   175   185 E keystore2: 
05-16 10:33:19.373   175   185 E keystore2: Caused by:
05-16 10:33:19.373   175   185 E keystore2:     0: system/security/keystore2/src/security_level.rs:199
05-16 10:33:19.373   175   185 E keystore2:     1: system/security/keystore2/src/security_level.rs:176: Failed to handle super encryption.
05-16 10:33:19.373   175   185 E keystore2:     2: system/security/keystore2/src/super_key.rs:762: User ECDH key missing.
05-16 10:33:19.373   175   185 E keystore2:     3: Error::Rc(r#SYSTEM_ERROR)
05-16 10:33:19.409   538  2222 E JobScheduler.JobStatus: App com.google.android.contacts became active but still in NEVER bucket
05-16 10:33:19.462  3893  3945 E Finsky:background: [42] [Counters] attempted to use a non-positive increment for: 1450
05-16 10:33:19.462  3893  3945 E Finsky:background: [42] [Counters] attempted to use a non-positive increment for: 1424
05-16 10:33:19.469  3893  3948 E Finsky:background: [44] [Counters] attempted to use a non-positive increment for: 1449
05-16 10:33:19.469  3893  3948 E Finsky:background: [44] [Counters] attempted to use a non-positive increment for: 1422
05-16 10:33:19.678  1676  3471 E IPCThreadState: Binder transaction failure: 114713/29201/-28
05-16 10:33:19.678  1676  3471 E JavaBinder: !!! FAILED BINDER TRANSACTION !!!  (parcel size = 1056768)
05-16 10:33:19.696  3893  4014 E Finsky:background: [53] [Counters] attempted to use a non-positive increment for: 1443
05-16 10:33:19.814  1591  2834 E SingleDataFileGroupPop: Failed to add file group 
05-16 10:33:19.818  1591  2834 E PhFileGroupPop: Failed to add file group 
05-16 10:33:19.818  1591  2834 E PhFileGroupPop: Failed to add file group 
05-16 10:33:19.819  1591  2834 E PhFileGroupPop: Failed to add file group 
05-16 10:33:19.819  1591  2834 E PhFileGroupPop: Failed to add file group 
05-16 10:33:19.819  1591  2834 E PhFileGroupPop: Failed to add file group 
05-16 10:33:19.819  1591  2834 E PhFileGroupPop: Failed to add file group 
05-16 10:33:19.838  1591  2834 E com.google.common.w.a.d: RuntimeException while executing runnable cc{com.google.apps.tiktok.tracing.ff@66cf059} with executor MoreExecutors.directExecutor()
05-16 10:33:19.838  1591  2834 E com.google.common.w.a.d: java.lang.NullPointerException: Attempt to read from field 'java.lang.String com.google.android.libraries.mdi.download.an.b' on a null object reference in method 'void com.google.android.libraries.mdi.download.h.ba.onSuccess(java.lang.Object)'
05-16 10:33:19.838  1591  2834 E com.google.common.w.a.d: 	at com.google.android.libraries.mdi.download.h.ba.onSuccess(PG:2)
05-16 10:33:19.838  1591  2834 E com.google.common.w.a.d: 	at com.google.apps.tiktok.tracing.ff.onSuccess(PG:3)
05-16 10:33:19.838  1591  2834 E com.google.common.w.a.d: 	at com.google.common.w.a.cc.run(PG:7)
05-16 10:33:19.838  1591  2834 E com.google.common.w.a.d: 	at com.google.common.w.a.bg.execute(PG:1)
05-16 10:33:19.838  1591  2834 E com.google.common.w.a.d: 	at com.google.common.w.a.d.i(PG:1)
05-16 10:33:19.838  1591  2834 E com.google.common.w.a.d: 	at com.google.common.w.a.d.b(PG:5)
05-16 10:33:19.838  1591  2834 E com.google.common.w.a.d: 	at com.google.common.w.a.cj.t(PG:1)
05-16 10:33:19.838  1591  2834 E com.google.common.w.a.d: 	at com.google.android.libraries.mdi.download.h.be.b(PG:26)
05-16 10:33:19.838  1591  2834 E com.google.common.w.a.d: 	at com.google.android.libraries.mdi.download.hs.u(PG:3)
05-16 10:33:19.838  1591  2834 E com.google.common.w.a.d: 	at com.google.android.libraries.mdi.download.hs.w(PG:1)
05-16 10:33:19.838  1591  2834 E com.google.common.w.a.d: 	at com.google.android.libraries.mdi.download.hs.h(PG:2)
05-16 10:33:19.838  1591  2834 E com.google.common.w.a.d: 	at com.google.android.apps.gsa.staticplugins.bu.l.a(PG:1)
05-16 10:33:19.838  1591  2834 E com.google.common.w.a.d: 	at com.google.android.libraries.gsa.k.a.i.apply(PG:2)
05-16 10:33:19.838  1591  2834 E com.google.common.w.a.d: 	at com.google.common.w.a.h.e(PG:2)
05-16 10:33:19.838  1591  2834 E com.google.common.w.a.d: 	at com.google.common.w.a.j.run(PG:9)
05-16 10:33:19.838  1591  2834 E com.google.common.w.a.d: 	at com.google.android.libraries.i.z.run(PG:1)
05-16 10:33:19.838  1591  2834 E com.google.common.w.a.d: 	at java.util.concurrent.ThreadPoolExecutor.runWorker(ThreadPoolExecutor.java:1145)
05-16 10:33:19.838  1591  2834 E com.google.common.w.a.d: 	at java.util.concurrent.ThreadPoolExecutor$Worker.run(ThreadPoolExecutor.java:644)
05-16 10:33:19.838  1591  2834 E com.google.common.w.a.d: 	at com.google.android.libraries.i.d.run(PG:2)
05-16 10:33:19.838  1591  2834 E com.google.common.w.a.d: 	at java.lang.Thread.run(Thread.java:1012)
05-16 10:33:19.838  1591  2834 E com.google.common.w.a.d: 	at com.google.android.libraries.i.ai.run(PG:5)
05-16 10:33:19.839  1591  2834 E PhFileGroupPop: Failed to add file group 
05-16 10:33:19.839  1591  2834 E PhFileGroupPop: Failed to add file group 
05-16 10:33:19.839  1591  2834 E PhFileGroupPop: Failed to add file group 
05-16 10:33:19.859  1676  3490 E Dck     : Could not get ProviderInfo when resolving the content provider authority. [CONTEXT service_id=289 ]
05-16 10:33:19.859  1676  3490 E Dck     : Samsung Content Provider failed app verification [CONTEXT service_id=289 ]
05-16 10:33:20.294  1591  2394 E SingleDataFileGroupPop: Failed to add file group 
05-16 10:33:20.294  1591  2394 E PhFileGroupPop: Failed to add file group 
05-16 10:33:20.294  1591  2394 E PhFileGroupPop: Failed to add file group 
05-16 10:33:20.294  1591  2394 E PhFileGroupPop: Failed to add file group 
05-16 10:33:20.294  1591  2394 E PhFileGroupPop: Failed to add file group 
05-16 10:33:20.294  1591  2394 E PhFileGroupPop: Failed to add file group 
05-16 10:33:20.294  1591  2394 E PhFileGroupPop: Failed to add file group 
05-16 10:33:20.295  1591  2394 E com.google.common.w.a.d: RuntimeException while executing runnable cc{com.google.apps.tiktok.tracing.ff@c35b72f} with executor MoreExecutors.directExecutor()
05-16 10:33:20.295  1591  2394 E com.google.common.w.a.d: java.lang.NullPointerException: Attempt to read from field 'java.lang.String com.google.android.libraries.mdi.download.an.b' on a null object reference in method 'void com.google.android.libraries.mdi.download.h.ba.onSuccess(java.lang.Object)'
05-16 10:33:20.295  1591  2394 E com.google.common.w.a.d: 	at com.google.android.libraries.mdi.download.h.ba.onSuccess(PG:2)
05-16 10:33:20.295  1591  2394 E com.google.common.w.a.d: 	at com.google.apps.tiktok.tracing.ff.onSuccess(PG:3)
05-16 10:33:20.295  1591  2394 E com.google.common.w.a.d: 	at com.google.common.w.a.cc.run(PG:7)
05-16 10:33:20.295  1591  2394 E com.google.common.w.a.d: 	at com.google.common.w.a.bg.execute(PG:1)
05-16 10:33:20.295  1591  2394 E com.google.common.w.a.d: 	at com.google.common.w.a.d.i(PG:1)
05-16 10:33:20.295  1591  2394 E com.google.common.w.a.d: 	at com.google.common.w.a.d.b(PG:5)
05-16 10:33:20.295  1591  2394 E com.google.common.w.a.d: 	at com.google.common.w.a.cj.t(PG:1)
05-16 10:33:20.295  1591  2394 E com.google.common.w.a.d: 	at com.google.android.libraries.mdi.download.h.be.b(PG:26)
05-16 10:33:20.295  1591  2394 E com.google.common.w.a.d: 	at com.google.android.libraries.mdi.download.hs.u(PG:3)
05-16 10:33:20.295  1591  2394 E com.google.common.w.a.d: 	at com.google.android.libraries.mdi.download.hs.w(PG:1)
05-16 10:33:20.295  1591  2394 E com.google.common.w.a.d: 	at com.google.android.libraries.mdi.download.hs.h(PG:3)
05-16 10:33:20.295  1591  2394 E com.google.common.w.a.d: 	at com.google.android.apps.gsa.staticplugins.bu.l.a(PG:1)
05-16 10:33:20.295  1591  2394 E com.google.common.w.a.d: 	at com.google.android.libraries.gsa.k.a.i.apply(PG:2)
05-16 10:33:20.295  1591  2394 E com.google.common.w.a.d: 	at com.google.common.w.a.h.e(PG:2)
05-16 10:33:20.295  1591  2394 E com.google.common.w.a.d: 	at com.google.common.w.a.j.run(PG:9)
05-16 10:33:20.295  1591  2394 E com.google.common.w.a.d: 	at com.google.android.libraries.i.z.run(PG:1)
05-16 10:33:20.295  1591  2394 E com.google.common.w.a.d: 	at java.util.concurrent.ThreadPoolExecutor.runWorker(ThreadPoolExecutor.java:1145)
05-16 10:33:20.295  1591  2394 E com.google.common.w.a.d: 	at java.util.concurrent.ThreadPoolExecutor$Worker.run(ThreadPoolExecutor.java:644)
05-16 10:33:20.295  1591  2394 E com.google.common.w.a.d: 	at com.google.android.libraries.i.d.run(PG:2)
05-16 10:33:20.295  1591  2394 E com.google.common.w.a.d: 	at java.lang.Thread.run(Thread.java:1012)
05-16 10:33:20.295  1591  2394 E com.google.common.w.a.d: 	at com.google.android.libraries.i.ai.run(PG:5)
05-16 10:33:20.295  1591  2394 E PhFileGroupPop: Failed to add file group 
05-16 10:33:20.295  1591  2394 E PhFileGroupPop: Failed to add file group 
05-16 10:33:20.295  1591  2394 E PhFileGroupPop: Failed to add file group 
05-16 10:33:20.452  1261  4500 E RoleControllerServiceImpl: Default/fallback role holder package doesn't qualify for the role, package: com.google.android.gms.supervision, role: android.app.role.SYSTEM_SUPERVISION
05-16 10:33:21.072  1591  2834 E SingleDataFileGroupPop: Failed to add file group 
05-16 10:33:21.072  1591  2834 E PhFileGroupPop: Failed to add file group 
05-16 10:33:21.072  1591  2834 E PhFileGroupPop: Failed to add file group 
05-16 10:33:21.072  1591  2834 E PhFileGroupPop: Failed to add file group 
05-16 10:33:21.072  1591  2834 E PhFileGroupPop: Failed to add file group 
05-16 10:33:21.072  1591  2834 E PhFileGroupPop: Failed to add file group 
05-16 10:33:21.072  1591  2834 E PhFileGroupPop: Failed to add file group 
05-16 10:33:21.073  1591  2834 E com.google.common.w.a.d: RuntimeException while executing runnable cc{com.google.apps.tiktok.tracing.ff@f702da5} with executor MoreExecutors.directExecutor()
05-16 10:33:21.073  1591  2834 E com.google.common.w.a.d: java.lang.NullPointerException: Attempt to read from field 'java.lang.String com.google.android.libraries.mdi.download.an.b' on a null object reference in method 'void com.google.android.libraries.mdi.download.h.ba.onSuccess(java.lang.Object)'
05-16 10:33:21.073  1591  2834 E com.google.common.w.a.d: 	at com.google.android.libraries.mdi.download.h.ba.onSuccess(PG:2)
05-16 10:33:21.073  1591  2834 E com.google.common.w.a.d: 	at com.google.apps.tiktok.tracing.ff.onSuccess(PG:3)
05-16 10:33:21.073  1591  2834 E com.google.common.w.a.d: 	at com.google.common.w.a.cc.run(PG:7)
05-16 10:33:21.073  1591  2834 E com.google.common.w.a.d: 	at com.google.common.w.a.bg.execute(PG:1)
05-16 10:33:21.073  1591  2834 E com.google.common.w.a.d: 	at com.google.common.w.a.d.i(PG:1)
05-16 10:33:21.073  1591  2834 E com.google.common.w.a.d: 	at com.google.common.w.a.d.b(PG:5)
05-16 10:33:21.073  1591  2834 E com.google.common.w.a.d: 	at com.google.common.w.a.cj.t(PG:1)
05-16 10:33:21.073  1591  2834 E com.google.common.w.a.d: 	at com.google.android.libraries.mdi.download.h.be.b(PG:26)
05-16 10:33:21.073  1591  2834 E com.google.common.w.a.d: 	at com.google.android.libraries.mdi.download.hs.u(PG:3)
05-16 10:33:21.073  1591  2834 E com.google.common.w.a.d: 	at com.google.android.libraries.mdi.download.hs.h(PG:4)
05-16 10:33:21.073  1591  2834 E com.google.common.w.a.d: 	at com.google.android.apps.gsa.staticplugins.bu.l.a(PG:1)
05-16 10:33:21.073  1591  2834 E com.google.common.w.a.d: 	at com.google.android.libraries.gsa.k.a.i.apply(PG:2)
05-16 10:33:21.073  1591  2834 E com.google.common.w.a.d: 	at com.google.common.w.a.h.e(PG:2)
05-16 10:33:21.073  1591  2834 E com.google.common.w.a.d: 	at com.google.common.w.a.j.run(PG:9)
05-16 10:33:21.073  1591  2834 E com.google.common.w.a.d: 	at com.google.android.libraries.i.z.run(PG:1)
05-16 10:33:21.073  1591  2834 E com.google.common.w.a.d: 	at java.util.concurrent.ThreadPoolExecutor.runWorker(ThreadPoolExecutor.java:1145)
05-16 10:33:21.073  1591  2834 E com.google.common.w.a.d: 	at java.util.concurrent.ThreadPoolExecutor$Worker.run(ThreadPoolExecutor.java:644)
05-16 10:33:21.073  1591  2834 E com.google.common.w.a.d: 	at com.google.android.libraries.i.d.run(PG:2)
05-16 10:33:21.073  1591  2834 E com.google.common.w.a.d: 	at java.lang.Thread.run(Thread.java:1012)
05-16 10:33:21.073  1591  2834 E com.google.common.w.a.d: 	at com.google.android.libraries.i.ai.run(PG:5)
05-16 10:33:21.073  1591  2834 E PhFileGroupPop: Failed to add file group 
05-16 10:33:21.073  1591  2834 E PhFileGroupPop: Failed to add file group 
05-16 10:33:21.073  1591  2834 E PhFileGroupPop: Failed to add file group 
05-16 10:33:21.239  1591  2837 E PCP.BackgroundTask: Missing PCP TNG entry point binding, or zero state response to PCP is not enabled.
05-16 10:33:21.409  1591  1591 E A       : onError
05-16 10:33:21.409  1591  1591 E A       : com.google.android.apps.gsa.shared.speech.a.m: errorCode: 65561, engine: 2
05-16 10:33:21.409  1591  1591 E A       : 	at com.google.android.apps.gsa.staticplugins.da.a.f.a(PG:3)
05-16 10:33:21.409  1591  1591 E A       : 	at com.google.android.apps.gsa.s3.o.gO(PG:1)
05-16 10:33:21.409  1591  1591 E A       : 	at com.google.cc.g.a.f.e(PG:2)
05-16 10:33:21.409  1591  1591 E A       : 	at com.google.android.apps.gsa.speech.k.a.g.d(PG:22)
05-16 10:33:21.409  1591  1591 E A       : 	at com.google.android.apps.gsa.speech.k.a.g.jB(PG:6)
05-16 10:33:21.409  1591  1591 E A       : 	at com.google.android.apps.gsa.s3.p.c(PG:14)
05-16 10:33:21.409  1591  1591 E A       : 	at com.google.android.apps.gsa.s3.q.run(PG:1)
05-16 10:33:21.409  1591  1591 E A       : 	at java.util.concurrent.Executors$RunnableAdapter.call(Executors.java:487)
05-16 10:33:21.409  1591  1591 E A       : 	at java.util.concurrent.FutureTask.run(FutureTask.java:264)
05-16 10:33:21.409  1591  1591 E A       : 	at com.google.android.apps.gsa.shared.util.c.a.e.run(PG:2)
05-16 10:33:21.409  1591  1591 E A       : 	at com.google.android.apps.gsa.shared.util.c.a.bi.run(PG:1)
05-16 10:33:21.409  1591  1591 E A       : 	at com.google.android.apps.gsa.shared.util.c.a.bi.run(PG:1)
05-16 10:33:21.409  1591  1591 E A       : 	at java.util.concurrent.ThreadPoolExecutor.runWorker(ThreadPoolExecutor.java:1145)
05-16 10:33:21.409  1591  1591 E A       : 	at java.util.concurrent.ThreadPoolExecutor$Worker.run(ThreadPoolExecutor.java:644)
05-16 10:33:21.409  1591  1591 E A       : 	at java.lang.Thread.run(Thread.java:1012)
05-16 10:33:21.409  1591  1591 E A       : 	at com.google.android.apps.gsa.shared.util.c.a.l.run(PG:5)
05-16 10:33:21.409  1591  1591 E A       : Caused by: com.google.android.apps.gsa.shared.speech.a.o: errorCode: 65586, engine: 2
05-16 10:33:21.409  1591  1591 E A       : 	... 15 more
05-16 10:33:21.409  1591  1591 E A       : Caused by: com.google.android.apps.gsa.shared.speech.a.k: errorCode: 401, engine: 2
05-16 10:33:21.409  1591  1591 E A       : 	at com.google.android.apps.gsa.assistant.shared.n.h.a(PG:5)
05-16 10:33:21.409  1591  1591 E A       : 	at com.google.android.apps.gsa.s3.producers.j.hh(PG:2)
05-16 10:33:21.409  1591  1591 E A       : 	at com.google.android.apps.gsa.speech.k.a.g.d(PG:16)
05-16 10:33:21.409  1591  1591 E A       : 	... 12 more
05-16 10:33:21.469  1261  4500 E RoleControllerServiceImpl: Default/fallback role holder package doesn't qualify for the role, package: com.google.android.gms.supervision, role: android.app.role.SYSTEM_SUPERVISION
05-16 10:33:21.669  3729  3831 E RkpdServerInterface: Server connection failed for url: https://remoteprovisioning.googleapis.com/v1:signCertificates?challenge=AAABni8q6l8BILStY3kUVyrLzgGHjr0LPSJJ0tA=&request_id=16e41099-38bf-402e-a5ba-cebcdf8411f7, response code: 400
05-16 10:33:21.669  3729  3831 E RkpdServerInterface: Repeated failure count: 1
05-16 10:33:21.669  3729  3831 E RkpdServerInterface: {
05-16 10:33:21.669  3729  3831 E RkpdServerInterface:   "error": {
05-16 10:33:21.669  3729  3831 E RkpdServerInterface:     "code": 400,
05-16 10:33:21.669  3729  3831 E RkpdServerInterface:     "message": "Invalid request payload: vendor_patch_level`0` should be in the format YYYYMMDD or YYYYMM if present.\nRequestId: 16e41099-38bf-402e-a5ba-cebcdf8411f7",
05-16 10:33:21.669  3729  3831 E RkpdServerInterface:     "status": "INVALID_ARGUMENT"
05-16 10:33:21.669  3729  3831 E RkpdServerInterface:   }
05-16 10:33:21.669  3729  3831 E RkpdServerInterface: }
05-16 10:33:21.682  3729  3831 E RkpdRegistrationBinder: RKPD failed to provision keys
05-16 10:33:21.682  3729  3831 E RkpdRegistrationBinder: com.android.rkpdapp.RkpdException: HTTP error status encountered: 400
05-16 10:33:21.682  3729  3831 E RkpdRegistrationBinder: 	at com.android.rkpdapp.interfaces.ServerInterface.requestData(ServerInterface.java:341)
05-16 10:33:21.682  3729  3831 E RkpdRegistrationBinder: 	at com.android.rkpdapp.interfaces.ServerInterface.connectAndGetData(ServerInterface.java:287)
05-16 10:33:21.682  3729  3831 E RkpdRegistrationBinder: 	at com.android.rkpdapp.interfaces.ServerInterface.requestSignedCertificates(ServerInterface.java:121)
05-16 10:33:21.682  3729  3831 E RkpdRegistrationBinder: 	at com.android.rkpdapp.provisioner.Provisioner.batchProvision(Provisioner.java:157)
05-16 10:33:21.682  3729  3831 E RkpdRegistrationBinder: 	at com.android.rkpdapp.provisioner.Provisioner.fetchCertificates(Provisioner.java:136)
05-16 10:33:21.682  3729  3831 E RkpdRegistrationBinder: 	at com.android.rkpdapp.provisioner.Provisioner.provisionKeys(Provisioner.java:89)
05-16 10:33:21.682  3729  3831 E RkpdRegistrationBinder: 	at com.android.rkpdapp.service.RegistrationBinder.fetchGeekAndProvisionKeys(RegistrationBinder.java:151)
05-16 10:33:21.682  3729  3831 E RkpdRegistrationBinder: 	at com.android.rkpdapp.service.RegistrationBinder.getKeyWorker(RegistrationBinder.java:117)
05-16 10:33:21.682  3729  3831 E RkpdRegistrationBinder: 	at com.android.rkpdapp.service.RegistrationBinder.getKeyThreadWorker(RegistrationBinder.java:235)
05-16 10:33:21.682  3729  3831 E RkpdRegistrationBinder: 	at com.android.rkpdapp.service.RegistrationBinder.lambda$getKey$3(RegistrationBinder.java:223)
05-16 10:33:21.682  3729  3831 E RkpdRegistrationBinder: 	at com.android.rkpdapp.service.RegistrationBinder.$r8$lambda$TliFA5y2_wUzHwCyn77kum7XL5E(RegistrationBinder.java:0)
05-16 10:33:21.682  3729  3831 E RkpdRegistrationBinder: 	at com.android.rkpdapp.service.RegistrationBinder$$ExternalSyntheticLambda9.run(R8$$SyntheticClass:0)
05-16 10:33:21.682  3729  3831 E RkpdRegistrationBinder: 	at java.util.concurrent.Executors$RunnableAdapter.call(Executors.java:487)
05-16 10:33:21.682  3729  3831 E RkpdRegistrationBinder: 	at java.util.concurrent.FutureTask.run(FutureTask.java:264)
05-16 10:33:21.682  3729  3831 E RkpdRegistrationBinder: 	at java.util.concurrent.ThreadPoolExecutor.runWorker(ThreadPoolExecutor.java:1145)
05-16 10:33:21.682  3729  3831 E RkpdRegistrationBinder: 	at java.util.concurrent.ThreadPoolExecutor$Worker.run(ThreadPoolExecutor.java:644)
05-16 10:33:21.682  3729  3831 E RkpdRegistrationBinder: 	at java.lang.Thread.run(Thread.java:1012)
05-16 10:33:21.685   538   538 E RemoteProvisionSysSvc: RKP error fetching key for client 256800881: ERROR_UNKNOWN: HTTP error status encountered: 400
05-16 10:33:21.685   175   189 E keystore2: system/security/keystore2/src/rkpd_client.rs:172 - IGetKeyCallback failed: ERROR_UNKNOWN: HTTP error status encountered: 400
05-16 10:33:22.300  3729  4205 E RkpdServerInterface: Server connection failed for url: https://remoteprovisioning.googleapis.com/v1:signCertificates?challenge=AAABni8q7OoBILStY2GDv8F-XwUndLHlzvTURG0=&request_id=8a01e8df-318d-4005-84e5-c9d9f6021efc, response code: 400
05-16 10:33:22.300  3729  4205 E RkpdServerInterface: Repeated failure count: 1
05-16 10:33:22.300  3729  4205 E RkpdServerInterface: {
05-16 10:33:22.300  3729  4205 E RkpdServerInterface:   "error": {
05-16 10:33:22.300  3729  4205 E RkpdServerInterface:     "code": 400,
05-16 10:33:22.300  3729  4205 E RkpdServerInterface:     "message": "Invalid request payload: vendor_patch_level`0` should be in the format YYYYMMDD or YYYYMM if present.\nRequestId: 8a01e8df-318d-4005-84e5-c9d9f6021efc",
05-16 10:33:22.300  3729  4205 E RkpdServerInterface:     "status": "INVALID_ARGUMENT"
05-16 10:33:22.300  3729  4205 E RkpdServerInterface:   }
05-16 10:33:22.300  3729  4205 E RkpdServerInterface: }
05-16 10:33:22.318  3729  4205 E RkpdRegistrationBinder: RKPD failed to provision keys
05-16 10:33:22.318  3729  4205 E RkpdRegistrationBinder: com.android.rkpdapp.RkpdException: HTTP error status encountered: 400
05-16 10:33:22.318  3729  4205 E RkpdRegistrationBinder: 	at com.android.rkpdapp.interfaces.ServerInterface.requestData(ServerInterface.java:341)
05-16 10:33:22.318  3729  4205 E RkpdRegistrationBinder: 	at com.android.rkpdapp.interfaces.ServerInterface.connectAndGetData(ServerInterface.java:287)
05-16 10:33:22.318  3729  4205 E RkpdRegistrationBinder: 	at com.android.rkpdapp.interfaces.ServerInterface.requestSignedCertificates(ServerInterface.java:121)
05-16 10:33:22.318  3729  4205 E RkpdRegistrationBinder: 	at com.android.rkpdapp.provisioner.Provisioner.batchProvision(Provisioner.java:157)
05-16 10:33:22.318  3729  4205 E RkpdRegistrationBinder: 	at com.android.rkpdapp.provisioner.Provisioner.fetchCertificates(Provisioner.java:136)
05-16 10:33:22.318  3729  4205 E RkpdRegistrationBinder: 	at com.android.rkpdapp.provisioner.Provisioner.provisionKeys(Provisioner.java:89)
05-16 10:33:22.318  3729  4205 E RkpdRegistrationBinder: 	at com.android.rkpdapp.service.RegistrationBinder.fetchGeekAndProvisionKeys(RegistrationBinder.java:151)
05-16 10:33:22.318  3729  4205 E RkpdRegistrationBinder: 	at com.android.rkpdapp.service.RegistrationBinder.getKeyWorker(RegistrationBinder.java:117)
05-16 10:33:22.318  3729  4205 E RkpdRegistrationBinder: 	at com.android.rkpdapp.service.RegistrationBinder.getKeyThreadWorker(RegistrationBinder.java:235)
05-16 10:33:22.318  3729  4205 E RkpdRegistrationBinder: 	at com.android.rkpdapp.service.RegistrationBinder.lambda$getKey$3(RegistrationBinder.java:223)
05-16 10:33:22.318  3729  4205 E RkpdRegistrationBinder: 	at com.android.rkpdapp.service.RegistrationBinder.$r8$lambda$TliFA5y2_wUzHwCyn77kum7XL5E(RegistrationBinder.java:0)
05-16 10:33:22.318  3729  4205 E RkpdRegistrationBinder: 	at com.android.rkpdapp.service.RegistrationBinder$$ExternalSyntheticLambda9.run(R8$$SyntheticClass:0)
05-16 10:33:22.318  3729  4205 E RkpdRegistrationBinder: 	at java.util.concurrent.Executors$RunnableAdapter.call(Executors.java:487)
05-16 10:33:22.318  3729  4205 E RkpdRegistrationBinder: 	at java.util.concurrent.FutureTask.run(FutureTask.java:264)
05-16 10:33:22.318  3729  4205 E RkpdRegistrationBinder: 	at java.util.concurrent.ThreadPoolExecutor.runWorker(ThreadPoolExecutor.java:1145)
05-16 10:33:22.318  3729  4205 E RkpdRegistrationBinder: 	at java.util.concurrent.ThreadPoolExecutor$Worker.run(ThreadPoolExecutor.java:644)
05-16 10:33:22.318  3729  4205 E RkpdRegistrationBinder: 	at java.lang.Thread.run(Thread.java:1012)
05-16 10:33:22.318   538   538 E RemoteProvisionSysSvc: RKP error fetching key for client 230057694: ERROR_UNKNOWN: HTTP error status encountered: 400
05-16 10:33:22.318   175   189 E keystore2: system/security/keystore2/src/rkpd_client.rs:172 - IGetKeyCallback failed: ERROR_UNKNOWN: HTTP error status encountered: 400
05-16 10:33:23.140  4660  4660 E t_app_installer: Not starting debugger since process cannot load the jdwp agent.
05-16 10:33:23.271  2803  4690 E ActivityThread: Failed to find provider info for androidx.car.app.connection
05-16 10:33:23.819  1676  1676 E ChimeraRcvrProxy: com.google.android.gms.backup.GmsBackupStatusChangeReceiver dropping broadcast com.google.gservices.intent.action.GSERVICES_CHANGED
05-16 10:33:23.834  3729  4203 E RkpdServerInterface: Server connection failed for url: https://remoteprovisioning.googleapis.com/v1:signCertificates?challenge=AAABni8q8rkBILStY_0b4OFUGj-EAKcu2MJjVWM=&request_id=340f04d5-c46c-4b9b-b0b7-c13e26766b10, response code: 400
05-16 10:33:23.834  3729  4203 E RkpdServerInterface: Repeated failure count: 1
05-16 10:33:23.835  3729  4203 E RkpdServerInterface: {
05-16 10:33:23.835  3729  4203 E RkpdServerInterface:   "error": {
05-16 10:33:23.835  3729  4203 E RkpdServerInterface:     "code": 400,
05-16 10:33:23.835  3729  4203 E RkpdServerInterface:     "message": "Invalid request payload: vendor_patch_level`0` should be in the format YYYYMMDD or YYYYMM if present.\nRequestId: 340f04d5-c46c-4b9b-b0b7-c13e26766b10",
05-16 10:33:23.835  3729  4203 E RkpdServerInterface:     "status": "INVALID_ARGUMENT"
05-16 10:33:23.835  3729  4203 E RkpdServerInterface:   }
05-16 10:33:23.835  3729  4203 E RkpdServerInterface: }
05-16 10:33:23.848  3729  4203 E RkpdRegistrationBinder: RKPD failed to provision keys
05-16 10:33:23.848  3729  4203 E RkpdRegistrationBinder: com.android.rkpdapp.RkpdException: HTTP error status encountered: 400
05-16 10:33:23.848  3729  4203 E RkpdRegistrationBinder: 	at com.android.rkpdapp.interfaces.ServerInterface.requestData(ServerInterface.java:341)
05-16 10:33:23.848  3729  4203 E RkpdRegistrationBinder: 	at com.android.rkpdapp.interfaces.ServerInterface.connectAndGetData(ServerInterface.java:287)
05-16 10:33:23.848  3729  4203 E RkpdRegistrationBinder: 	at com.android.rkpdapp.interfaces.ServerInterface.requestSignedCertificates(ServerInterface.java:121)
05-16 10:33:23.848  3729  4203 E RkpdRegistrationBinder: 	at com.android.rkpdapp.provisioner.Provisioner.batchProvision(Provisioner.java:157)
05-16 10:33:23.848  3729  4203 E RkpdRegistrationBinder: 	at com.android.rkpdapp.provisioner.Provisioner.fetchCertificates(Provisioner.java:136)
05-16 10:33:23.848  3729  4203 E RkpdRegistrationBinder: 	at com.android.rkpdapp.provisioner.Provisioner.provisionKeys(Provisioner.java:89)
05-16 10:33:23.848  3729  4203 E RkpdRegistrationBinder: 	at com.android.rkpdapp.service.RegistrationBinder.fetchGeekAndProvisionKeys(RegistrationBinder.java:151)
05-16 10:33:23.848  3729  4203 E RkpdRegistrationBinder: 	at com.android.rkpdapp.service.RegistrationBinder.getKeyWorker(RegistrationBinder.java:117)
05-16 10:33:23.848  3729  4203 E RkpdRegistrationBinder: 	at com.android.rkpdapp.service.RegistrationBinder.getKeyThreadWorker(RegistrationBinder.java:235)
05-16 10:33:23.848  3729  4203 E RkpdRegistrationBinder: 	at com.android.rkpdapp.service.RegistrationBinder.lambda$getKey$3(RegistrationBinder.java:223)
05-16 10:33:23.848  3729  4203 E RkpdRegistrationBinder: 	at com.android.rkpdapp.service.RegistrationBinder.$r8$lambda$TliFA5y2_wUzHwCyn77kum7XL5E(RegistrationBinder.java:0)
05-16 10:33:23.848  3729  4203 E RkpdRegistrationBinder: 	at com.android.rkpdapp.service.RegistrationBinder$$ExternalSyntheticLambda9.run(R8$$SyntheticClass:0)
05-16 10:33:23.848  3729  4203 E RkpdRegistrationBinder: 	at java.util.concurrent.Executors$RunnableAdapter.call(Executors.java:487)
05-16 10:33:23.848  3729  4203 E RkpdRegistrationBinder: 	at java.util.concurrent.FutureTask.run(FutureTask.java:264)
05-16 10:33:23.848  3729  4203 E RkpdRegistrationBinder: 	at java.util.concurrent.ThreadPoolExecutor.runWorker(ThreadPoolExecutor.java:1145)
05-16 10:33:23.848  3729  4203 E RkpdRegistrationBinder: 	at java.util.concurrent.ThreadPoolExecutor$Worker.run(ThreadPoolExecutor.java:644)
05-16 10:33:23.848  3729  4203 E RkpdRegistrationBinder: 	at java.lang.Thread.run(Thread.java:1012)
05-16 10:33:23.852   538   538 E RemoteProvisionSysSvc: RKP error fetching key for client 70117502: ERROR_UNKNOWN: HTTP error status encountered: 400
05-16 10:33:23.854   175   189 E keystore2: system/security/keystore2/src/rkpd_client.rs:172 - IGetKeyCallback failed: ERROR_UNKNOWN: HTTP error status encountered: 400
05-16 10:33:24.120  1676  3488 E GmsCoreLogger: Missing account for FACET_USAGE_GAIA_UNSAMPLED [CONTEXT service_id=299 ]
05-16 10:33:24.550   538   632 E ReportEncoder: No watchlist hash
05-16 10:33:24.558  1676  1676 E ChimeraRcvrProxy: com.google.android.gms.backup.GmsBackupStatusChangeReceiver dropping broadcast com.google.gservices.intent.action.GSERVICES_CHANGED
05-16 10:33:24.885  1240  4613 E NetworkScheduler.ATC: Error finding compatible intent-filter to handle SERVICE_ACTION_EXECUTE_TASK for com.google.android.gms/.icing.mdh.service.MobileDataHubGcmTaskService [CONTEXT service_id=218 ]
05-16 10:33:24.885  1240  4613 E NetworkScheduler.TED: Invalid service definition provided: null [CONTEXT service_id=218 ]
05-16 10:33:25.440  2803  3527 E AbstractLogEventBuilder: The provided ProductIdOrigin 3 is not one of the process-level expected values: 1 or 2
05-16 10:33:25.447  2803  3531 E AbstractLogEventBuilder: The provided ProductIdOrigin 3 is not one of the process-level expected values: 1 or 2
05-16 10:33:25.457  2550  4006 E GoogleApiManager: Failed to get service from broker. 
05-16 10:33:25.457  2550  4006 E GoogleApiManager: java.lang.SecurityException: Unknown calling package name 'com.google.android.gms'.
05-16 10:33:25.457  2550  4006 E GoogleApiManager: 	at android.os.Parcel.createExceptionOrNull(Parcel.java:3057)
05-16 10:33:25.457  2550  4006 E GoogleApiManager: 	at android.os.Parcel.createException(Parcel.java:3041)
05-16 10:33:25.457  2550  4006 E GoogleApiManager: 	at android.os.Parcel.readException(Parcel.java:3024)
05-16 10:33:25.457  2550  4006 E GoogleApiManager: 	at android.os.Parcel.readException(Parcel.java:2966)
05-16 10:33:25.457  2550  4006 E GoogleApiManager: 	at bicg.a(:com.google.android.gms@261631029@26.16.31 (190400-900800821):36)
05-16 10:33:25.457  2550  4006 E GoogleApiManager: 	at biac.z(:com.google.android.gms@261631029@26.16.31 (190400-900800821):143)
05-16 10:33:25.457  2550  4006 E GoogleApiManager: 	at bhfw.run(:com.google.android.gms@261631029@26.16.31 (190400-900800821):42)
05-16 10:33:25.457  2550  4006 E GoogleApiManager: 	at android.os.Handler.handleCallback(Handler.java:958)
05-16 10:33:25.457  2550  4006 E GoogleApiManager: 	at android.os.Handler.dispatchMessage(Handler.java:99)
05-16 10:33:25.457  2550  4006 E GoogleApiManager: 	at cxep.mL(:com.google.android.gms@261631029@26.16.31 (190400-900800821):1)
05-16 10:33:25.457  2550  4006 E GoogleApiManager: 	at cxep.dispatchMessage(:com.google.android.gms@261631029@26.16.31 (190400-900800821):5)
05-16 10:33:25.457  2550  4006 E GoogleApiManager: 	at android.os.Looper.loopOnce(Looper.java:205)
05-16 10:33:25.457  2550  4006 E GoogleApiManager: 	at android.os.Looper.loop(Looper.java:294)
05-16 10:33:25.457  2550  4006 E GoogleApiManager: 	at android.os.HandlerThread.run(HandlerThread.java:67)
05-16 10:33:25.491  1240  4613 E NetworkScheduler.ATC: Error finding compatible intent-filter to handle SERVICE_ACTION_EXECUTE_TASK for com.google.android.gms/.nearby.messages.offline.OfflineCachingService [CONTEXT service_id=218 ]
05-16 10:33:25.492  1240  4613 E NetworkScheduler.TED: Invalid service definition provided: null [CONTEXT service_id=218 ]
05-16 10:33:25.495  2803  3266 E AbstractLogEventBuilder: The provided ProductIdOrigin 3 is not one of the process-level expected values: 1 or 2
05-16 10:33:25.543  1240  4613 E NetworkScheduler.ATC: Error finding compatible intent-filter to handle SERVICE_ACTION_EXECUTE_TASK for com.google.android.gms/.icing.mdh.service.MobileDataHubGcmTaskService [CONTEXT service_id=218 ]
05-16 10:33:25.543  1240  4613 E NetworkScheduler.TED: Invalid service definition provided: null [CONTEXT service_id=218 ]
05-16 10:33:25.832  2803  3260 E Finsky  : [56] [Counters] attempted to use a non-positive increment for: 5969
05-16 10:33:25.989  2803  3268 E Finsky  : [59] [Counters] attempted to use a non-positive increment for: 3703
05-16 10:33:26.475  2803  3243 E Finsky  : [55] AU2: RequiredVehicleState is missing.
05-16 10:33:26.475  2803  3243 E Finsky  : [55] AU2: RequiredInteractivityState is missing.
05-16 10:33:26.475  2803  3243 E Finsky  : [55] AU2: RequiredBatteryLevel is missing.
05-16 10:33:26.475  2803  3243 E Finsky  : [55] AU2: RequiredVehicleState is missing.
05-16 10:33:26.475  2803  3243 E Finsky  : [55] AU2: RequiredVehicleState is missing.
05-16 10:33:26.475  2803  3243 E Finsky  : [55] AU2: RequiredBatteryLevel is missing.
05-16 10:33:26.475  2803  3243 E Finsky  : [55] AU2: RequiredVehicleState is missing.
05-16 10:33:26.475  2803  3243 E Finsky  : [55] AU2: RequiredInteractivityState is missing.
05-16 10:33:26.475  2803  3243 E Finsky  : [55] AU2: RequiredBatteryLevel is missing.
05-16 10:33:26.475  2803  3243 E Finsky  : [55] AU2: RequiredVehicleState is missing.
05-16 10:33:26.476  2803  3243 E Finsky  : [55] AU2: RequiredVehicleState is missing.
05-16 10:33:26.476  2803  3243 E Finsky  : [55] AU2: RequiredBatteryLevel is missing.
05-16 10:33:26.476  2803  3243 E Finsky  : [55] AU2: RequiredVehicleState is missing.
05-16 10:33:26.476  2803  3243 E Finsky  : [55] AU2: RequiredInteractivityState is missing.
05-16 10:33:26.476  2803  3243 E Finsky  : [55] AU2: RequiredBatteryLevel is missing.
05-16 10:33:26.476  2803  3243 E Finsky  : [55] AU2: RequiredVehicleState is missing.
05-16 10:33:26.476  2803  3243 E Finsky  : [55] AU2: RequiredVehicleState is missing.
05-16 10:33:26.476  2803  3243 E Finsky  : [55] AU2: RequiredBatteryLevel is missing.
05-16 10:33:26.476  2803  3243 E Finsky  : [55] AU2: RequiredVehicleState is missing.
05-16 10:33:26.476  2803  3243 E Finsky  : [55] AU2: RequiredInteractivityState is missing.
05-16 10:33:26.476  2803  3243 E Finsky  : [55] AU2: RequiredBatteryLevel is missing.
05-16 10:33:26.476  2803  3243 E Finsky  : [55] AU2: RequiredVehicleState is missing.
05-16 10:33:26.477  2803  3243 E Finsky  : [55] AU2: RequiredVehicleState is missing.
05-16 10:33:26.477  2803  3243 E Finsky  : [55] AU2: RequiredInteractivityState is missing.
05-16 10:33:26.477  2803  3243 E Finsky  : [55] AU2: RequiredBatteryLevel is missing.
05-16 10:33:26.477  2803  3243 E Finsky  : [55] AU2: RequiredVehicleState is missing.
05-16 10:33:26.675  1676  4783 E native_loader: Java_hotLoad not found!
05-16 10:33:26.675  1676  4783 E NativeHotLoader: Failed to hotload library '/data/app/~~snBtvw4vNTQbgWkylg8nWA==/com.google.android.gms-valiwY2Nbtchx9LBVeBQnw==/base.apk!/lib/arm64-v8a/libgmscore.so'. [CONTEXT service_id=447 ]
05-16 10:33:27.252  3893  4836 E ActivityThread: Failed to find provider info for androidx.car.app.connection
05-16 10:33:28.976  2342  4371 E GoogleApiManager: Failed to get service from broker. 
05-16 10:33:28.976  2342  4371 E GoogleApiManager: java.lang.SecurityException: Unknown calling package name 'com.google.android.gms'.
05-16 10:33:28.976  2342  4371 E GoogleApiManager: 	at android.os.Parcel.createExceptionOrNull(Parcel.java:3057)
05-16 10:33:28.976  2342  4371 E GoogleApiManager: 	at android.os.Parcel.createException(Parcel.java:3041)
05-16 10:33:28.976  2342  4371 E GoogleApiManager: 	at android.os.Parcel.readException(Parcel.java:3024)
05-16 10:33:28.976  2342  4371 E GoogleApiManager: 	at android.os.Parcel.readException(Parcel.java:2966)
05-16 10:33:28.976  2342  4371 E GoogleApiManager: 	at bicg.a(:com.google.android.gms@261631029@26.16.31 (190400-900800821):36)
05-16 10:33:28.976  2342  4371 E GoogleApiManager: 	at biac.z(:com.google.android.gms@261631029@26.16.31 (190400-900800821):143)
05-16 10:33:28.976  2342  4371 E GoogleApiManager: 	at bhfw.run(:com.google.android.gms@261631029@26.16.31 (190400-900800821):42)
05-16 10:33:28.976  2342  4371 E GoogleApiManager: 	at android.os.Handler.handleCallback(Handler.java:958)
05-16 10:33:28.976  2342  4371 E GoogleApiManager: 	at android.os.Handler.dispatchMessage(Handler.java:99)
05-16 10:33:28.976  2342  4371 E GoogleApiManager: 	at cxep.mL(:com.google.android.gms@261631029@26.16.31 (190400-900800821):1)
05-16 10:33:28.976  2342  4371 E GoogleApiManager: 	at cxep.dispatchMessage(:com.google.android.gms@261631029@26.16.31 (190400-900800821):5)
05-16 10:33:28.976  2342  4371 E GoogleApiManager: 	at android.os.Looper.loopOnce(Looper.java:205)
05-16 10:33:28.976  2342  4371 E GoogleApiManager: 	at android.os.Looper.loop(Looper.java:294)
05-16 10:33:28.976  2342  4371 E GoogleApiManager: 	at android.os.HandlerThread.run(HandlerThread.java:67)
05-16 10:33:32.852  1676  4832 E SharingClientImpl: Unsuspend failed: null
05-16 10:33:33.013  1261  4500 E RoleControllerServiceImpl: Default/fallback role holder package doesn't qualify for the role, package: com.google.android.gms.supervision, role: android.app.role.SYSTEM_SUPERVISION
05-16 10:33:35.461  1676  4873 E Dck     : Could not get ProviderInfo when resolving the content provider authority. [CONTEXT service_id=289 ]
05-16 10:33:35.461  1676  4873 E Dck     : Samsung Content Provider failed app verification [CONTEXT service_id=289 ]
05-16 10:33:36.292  3729  3831 E RkpdServerInterface: Server connection failed for url: https://remoteprovisioning.googleapis.com/v1:signCertificates?challenge=AAABni8rI0ABILStYwO7UVLgBWA5KExbnpazjQw=&request_id=aeddd0d1-3dea-4b9f-bcc2-9b862e4837dd, response code: 400
05-16 10:33:36.292  3729  3831 E RkpdServerInterface: Repeated failure count: 1
05-16 10:33:36.293  3729  3831 E RkpdServerInterface: {
05-16 10:33:36.293  3729  3831 E RkpdServerInterface:   "error": {
05-16 10:33:36.293  3729  3831 E RkpdServerInterface:     "code": 400,
05-16 10:33:36.293  3729  3831 E RkpdServerInterface:     "message": "Invalid request payload: vendor_patch_level`0` should be in the format YYYYMMDD or YYYYMM if present.\nRequestId: aeddd0d1-3dea-4b9f-bcc2-9b862e4837dd",
05-16 10:33:36.293  3729  3831 E RkpdServerInterface:     "status": "INVALID_ARGUMENT"
05-16 10:33:36.293  3729  3831 E RkpdServerInterface:   }
05-16 10:33:36.293  3729  3831 E RkpdServerInterface: }
05-16 10:33:36.296  3729  3831 E RkpdRegistrationBinder: RKPD failed to provision keys
05-16 10:33:36.296  3729  3831 E RkpdRegistrationBinder: com.android.rkpdapp.RkpdException: HTTP error status encountered: 400
05-16 10:33:36.296  3729  3831 E RkpdRegistrationBinder: 	at com.android.rkpdapp.interfaces.ServerInterface.requestData(ServerInterface.java:341)
05-16 10:33:36.296  3729  3831 E RkpdRegistrationBinder: 	at com.android.rkpdapp.interfaces.ServerInterface.connectAndGetData(ServerInterface.java:287)
05-16 10:33:36.296  3729  3831 E RkpdRegistrationBinder: 	at com.android.rkpdapp.interfaces.ServerInterface.requestSignedCertificates(ServerInterface.java:121)
05-16 10:33:36.296  3729  3831 E RkpdRegistrationBinder: 	at com.android.rkpdapp.provisioner.Provisioner.batchProvision(Provisioner.java:157)
05-16 10:33:36.296  3729  3831 E RkpdRegistrationBinder: 	at com.android.rkpdapp.provisioner.Provisioner.fetchCertificates(Provisioner.java:136)
05-16 10:33:36.296  3729  3831 E RkpdRegistrationBinder: 	at com.android.rkpdapp.provisioner.Provisioner.provisionKeys(Provisioner.java:89)
05-16 10:33:36.296  3729  3831 E RkpdRegistrationBinder: 	at com.android.rkpdapp.service.RegistrationBinder.fetchGeekAndProvisionKeys(RegistrationBinder.java:151)
05-16 10:33:36.296  3729  3831 E RkpdRegistrationBinder: 	at com.android.rkpdapp.service.RegistrationBinder.getKeyWorker(RegistrationBinder.java:117)
05-16 10:33:36.296  3729  3831 E RkpdRegistrationBinder: 	at com.android.rkpdapp.service.RegistrationBinder.getKeyThreadWorker(RegistrationBinder.java:235)
05-16 10:33:36.296  3729  3831 E RkpdRegistrationBinder: 	at com.android.rkpdapp.service.RegistrationBinder.lambda$getKey$3(RegistrationBinder.java:223)
05-16 10:33:36.296  3729  3831 E RkpdRegistrationBinder: 	at com.android.rkpdapp.service.RegistrationBinder.$r8$lambda$TliFA5y2_wUzHwCyn77kum7XL5E(RegistrationBinder.java:0)
05-16 10:33:36.296  3729  3831 E RkpdRegistrationBinder: 	at com.android.rkpdapp.service.RegistrationBinder$$ExternalSyntheticLambda9.run(R8$$SyntheticClass:0)
05-16 10:33:36.296  3729  3831 E RkpdRegistrationBinder: 	at java.util.concurrent.Executors$RunnableAdapter.call(Executors.java:487)
05-16 10:33:36.296  3729  3831 E RkpdRegistrationBinder: 	at java.util.concurrent.FutureTask.run(FutureTask.java:264)
05-16 10:33:36.296  3729  3831 E RkpdRegistrationBinder: 	at java.util.concurrent.ThreadPoolExecutor.runWorker(ThreadPoolExecutor.java:1145)
05-16 10:33:36.296  3729  3831 E RkpdRegistrationBinder: 	at java.util.concurrent.ThreadPoolExecutor$Worker.run(ThreadPoolExecutor.java:644)
05-16 10:33:36.296  3729  3831 E RkpdRegistrationBinder: 	at java.lang.Thread.run(Thread.java:1012)
05-16 10:33:36.296   538   538 E RemoteProvisionSysSvc: RKP error fetching key for client 74946564: ERROR_UNKNOWN: HTTP error status encountered: 400
05-16 10:33:36.296   175   189 E keystore2: system/security/keystore2/src/rkpd_client.rs:172 - IGetKeyCallback failed: ERROR_UNKNOWN: HTTP error status encountered: 400
05-16 10:33:36.419  3729  4205 E RkpdServerInterface: Server connection failed for url: https://remoteprovisioning.googleapis.com/v1:signCertificates?challenge=AAABni8rIvgBILStYzlmVZSggJk_D2pxp4dWswY=&request_id=e3b241b6-d0c2-4374-92f2-2db765410115, response code: 400
05-16 10:33:36.419  3729  4205 E RkpdServerInterface: Repeated failure count: 2
05-16 10:33:36.419  3729  4205 E RkpdServerInterface: {
05-16 10:33:36.419  3729  4205 E RkpdServerInterface:   "error": {
05-16 10:33:36.419  3729  4205 E RkpdServerInterface:     "code": 400,
05-16 10:33:36.419  3729  4205 E RkpdServerInterface:     "message": "Invalid request payload: vendor_patch_level`0` should be in the format YYYYMMDD or YYYYMM if present.\nRequestId: e3b241b6-d0c2-4374-92f2-2db765410115",
05-16 10:33:36.419  3729  4205 E RkpdServerInterface:     "status": "INVALID_ARGUMENT"
05-16 10:33:36.419  3729  4205 E RkpdServerInterface:   }
05-16 10:33:36.419  3729  4205 E RkpdServerInterface: }
05-16 10:33:36.422  3729  4205 E RkpdRegistrationBinder: RKPD failed to provision keys
05-16 10:33:36.422  3729  4205 E RkpdRegistrationBinder: com.android.rkpdapp.RkpdException: HTTP error status encountered: 400
05-16 10:33:36.422  3729  4205 E RkpdRegistrationBinder: 	at com.android.rkpdapp.interfaces.ServerInterface.requestData(ServerInterface.java:341)
05-16 10:33:36.422  3729  4205 E RkpdRegistrationBinder: 	at com.android.rkpdapp.interfaces.ServerInterface.connectAndGetData(ServerInterface.java:287)
05-16 10:33:36.422  3729  4205 E RkpdRegistrationBinder: 	at com.android.rkpdapp.interfaces.ServerInterface.requestSignedCertificates(ServerInterface.java:121)
05-16 10:33:36.422  3729  4205 E RkpdRegistrationBinder: 	at com.android.rkpdapp.provisioner.Provisioner.batchProvision(Provisioner.java:157)
05-16 10:33:36.422  3729  4205 E RkpdRegistrationBinder: 	at com.android.rkpdapp.provisioner.Provisioner.fetchCertificates(Provisioner.java:136)
05-16 10:33:36.422  3729  4205 E RkpdRegistrationBinder: 	at com.android.rkpdapp.provisioner.Provisioner.provisionKeys(Provisioner.java:89)
05-16 10:33:36.422  3729  4205 E RkpdRegistrationBinder: 	at com.android.rkpdapp.service.RegistrationBinder.fetchGeekAndProvisionKeys(RegistrationBinder.java:151)
05-16 10:33:36.422  3729  4205 E RkpdRegistrationBinder: 	at com.android.rkpdapp.service.RegistrationBinder.getKeyWorker(RegistrationBinder.java:117)
05-16 10:33:36.422  3729  4205 E RkpdRegistrationBinder: 	at com.android.rkpdapp.service.RegistrationBinder.getKeyThreadWorker(RegistrationBinder.java:235)
05-16 10:33:36.422  3729  4205 E RkpdRegistrationBinder: 	at com.android.rkpdapp.service.RegistrationBinder.lambda$getKey$3(RegistrationBinder.java:223)
05-16 10:33:36.422  3729  4205 E RkpdRegistrationBinder: 	at com.android.rkpdapp.service.RegistrationBinder.$r8$lambda$TliFA5y2_wUzHwCyn77kum7XL5E(RegistrationBinder.java:0)
05-16 10:33:36.422  3729  4205 E RkpdRegistrationBinder: 	at com.android.rkpdapp.service.RegistrationBinder$$ExternalSyntheticLambda9.run(R8$$SyntheticClass:0)
05-16 10:33:36.422  3729  4205 E RkpdRegistrationBinder: 	at java.util.concurrent.Executors$RunnableAdapter.call(Executors.java:487)
05-16 10:33:36.422  3729  4205 E RkpdRegistrationBinder: 	at java.util.concurrent.FutureTask.run(FutureTask.java:264)
05-16 10:33:36.422  3729  4205 E RkpdRegistrationBinder: 	at java.util.concurrent.ThreadPoolExecutor.runWorker(ThreadPoolExecutor.java:1145)
05-16 10:33:36.422  3729  4205 E RkpdRegistrationBinder: 	at java.util.concurrent.ThreadPoolExecutor$Worker.run(ThreadPoolExecutor.java:644)
05-16 10:33:36.422  3729  4205 E RkpdRegistrationBinder: 	at java.lang.Thread.run(Thread.java:1012)
05-16 10:33:36.424   538   538 E RemoteProvisionSysSvc: RKP error fetching key for client 58923494: ERROR_UNKNOWN: HTTP error status encountered: 400
05-16 10:33:36.424   175   189 E keystore2: system/security/keystore2/src/rkpd_client.rs:172 - IGetKeyCallback failed: ERROR_UNKNOWN: HTTP error status encountered: 400
05-16 10:33:36.726  1591  1591 E A       : onError
05-16 10:33:36.726  1591  1591 E A       : com.google.android.apps.gsa.shared.speech.a.m: errorCode: 65561, engine: 2
05-16 10:33:36.726  1591  1591 E A       : 	at com.google.android.apps.gsa.staticplugins.da.a.f.a(PG:3)
05-16 10:33:36.726  1591  1591 E A       : 	at com.google.android.apps.gsa.s3.o.gO(PG:1)
05-16 10:33:36.726  1591  1591 E A       : 	at com.google.cc.g.a.f.e(PG:2)
05-16 10:33:36.726  1591  1591 E A       : 	at com.google.android.apps.gsa.speech.k.a.g.d(PG:22)
05-16 10:33:36.726  1591  1591 E A       : 	at com.google.android.apps.gsa.speech.k.a.g.jB(PG:6)
05-16 10:33:36.726  1591  1591 E A       : 	at com.google.android.apps.gsa.s3.p.c(PG:14)
05-16 10:33:36.726  1591  1591 E A       : 	at com.google.android.apps.gsa.s3.q.run(PG:1)
05-16 10:33:36.726  1591  1591 E A       : 	at java.util.concurrent.Executors$RunnableAdapter.call(Executors.java:487)
05-16 10:33:36.726  1591  1591 E A       : 	at java.util.concurrent.FutureTask.run(FutureTask.java:264)
05-16 10:33:36.726  1591  1591 E A       : 	at com.google.android.apps.gsa.shared.util.c.a.e.run(PG:2)
05-16 10:33:36.726  1591  1591 E A       : 	at com.google.android.apps.gsa.shared.util.c.a.bi.run(PG:1)
05-16 10:33:36.726  1591  1591 E A       : 	at com.google.android.apps.gsa.shared.util.c.a.bi.run(PG:1)
05-16 10:33:36.726  1591  1591 E A       : 	at java.util.concurrent.ThreadPoolExecutor.runWorker(ThreadPoolExecutor.java:1145)
05-16 10:33:36.726  1591  1591 E A       : 	at java.util.concurrent.ThreadPoolExecutor$Worker.run(ThreadPoolExecutor.java:644)
05-16 10:33:36.726  1591  1591 E A       : 	at java.lang.Thread.run(Thread.java:1012)
05-16 10:33:36.726  1591  1591 E A       : 	at com.google.android.apps.gsa.shared.util.c.a.l.run(PG:5)
