05-16 10:32:56.612  1487  1845 E AiAiEcho: 	at dgq.run(PG:67)
05-16 10:32:56.612  1487  1845 E AiAiEcho: 	at java.lang.Thread.run(Thread.java:1012)
05-16 10:32:56.814  2425  2425 E .android.chrome: Not starting debugger since process cannot load the jdwp agent.
05-16 10:32:56.863  2438  2438 E .apps.messaging: Not starting debugger since process cannot load the jdwp agent.
05-16 10:32:56.967  1663  1663 E YT.mlplayer: setAudioDrc(enabled=1)
05-16 10:32:56.967  1663  1663 E YT.mlplayer: setDefaultLoudnessTargetPreferenceState
05-16 10:32:56.981   538   662 E WifiStaIfaceAidlImpl: installApfPacketFilter failed with service-specific exception: android.os.ServiceSpecificException:  (code 4)
05-16 10:32:56.982   538   662 E WifiStaIfaceAidlImpl: installApfPacketFilter failed with service-specific exception: android.os.ServiceSpecificException:  (code 4)
05-16 10:32:57.023   538   662 E WifiStaIfaceAidlImpl: setDtimMultiplier failed with service-specific exception: android.os.ServiceSpecificException:  (code 4)
05-16 10:32:57.025   350   350 E Netd    : no such netId 101
05-16 10:32:57.026   350   350 E Netd    : no such netId 101
05-16 10:32:57.497   741   741 E KeyguardClockSwitch: No clock being shown
05-16 10:32:57.620   350   350 E Netd    : no such netId 101
05-16 10:32:57.621   538   669 E ConnectivityService: Exception in networkAddRouteParcel for non-gateway: android.os.ServiceSpecificException: Machine is not on the network (code 64)
05-16 10:32:57.622   350   350 E Netd    : no such netId 101
05-16 10:32:57.623   538   669 E ConnectivityService: Exception in networkAddRouteParcel for gateway: android.os.ServiceSpecificException: Machine is not on the network (code 64)
05-16 10:32:57.626   538   662 E WifiStaIfaceAidlImpl: installApfPacketFilter failed with service-specific exception: android.os.ServiceSpecificException:  (code 4)
05-16 10:32:57.691  1511  2281 E BrdcstRcvrMsgr: SvcConn: binder null, could not send broadcast of action
05-16 10:32:57.697   857   857 E BrowsedPlayerWrapper: BrowserSubscriptionCallback: Could not get folder items
05-16 10:32:57.702  2548  2548 E .android.dialer: Not starting debugger since process cannot load the jdwp agent.
05-16 10:32:57.958   538   662 E WifiStaIfaceAidlImpl: stopRssiMonitoring failed with service-specific exception: android.os.ServiceSpecificException:  (code 5)
05-16 10:32:58.060   538   662 E WifiStaIfaceAidlImpl: installApfPacketFilter failed with service-specific exception: android.os.ServiceSpecificException:  (code 4)
05-16 10:32:58.107  1591  2326 E OpenGLRenderer: Unable to match the desired swap behavior.
05-16 10:32:58.170   350   350 E netd    : Error adding route ::/0 -> fe80::2 wlan0 to table 1016: File exists
05-16 10:32:58.226   538  2219 E JobScheduler.JobStatus: App com.google.android.inputmethod.latin became active but still in NEVER bucket
05-16 10:32:58.241   538   662 E WifiStaIfaceAidlImpl: setDtimMultiplier failed with service-specific exception: android.os.ServiceSpecificException:  (code 4)
05-16 10:32:58.248   538   608 E JobScheduler.Quota: <0>com.google.android.dialer has 0 EJ quota without running anything
05-16 10:32:58.252   538   608 E JobScheduler.Quota: <0>com.google.android.contacts has 0 EJ quota without running anything
05-16 10:32:58.256   538   608 E JobScheduler.Quota: <0>com.google.android.dialer has 0 EJ quota without running anything
05-16 10:32:58.256   538   608 E JobScheduler.Quota: <0>com.google.android.contacts has 0 EJ quota without running anything
05-16 10:32:58.257   538   608 E JobScheduler.Quota: <0>com.google.android.dialer has 0 EJ quota without running anything
05-16 10:32:58.531  1582  1582 E YouTubeMusic: Trying to detachMediaView when it wasn't the most recent MediaView Setter
05-16 10:32:58.571   350   404 E NetlinkEvent: NetlinkEvent::FindParam(): Parameter 'INTERFACE' not found
05-16 10:32:58.571   350   404 E NetlinkEvent: NetlinkEvent::FindParam(): Parameter 'STATE' not found
05-16 10:32:58.571   350   404 E NetlinkEvent: NetlinkEvent::FindParam(): Parameter 'TIME_NS' not found
05-16 10:32:58.571   350   404 E NetlinkEvent: NetlinkEvent::FindParam(): Parameter 'UID' not found
05-16 10:32:58.633  2722  2722 E externalstorage: Not starting debugger since process cannot load the jdwp agent.
05-16 10:32:58.710   538   608 E JobScheduler.Quota: <0>com.google.android.projection.gearhead has 0 EJ quota without running anything
05-16 10:32:58.710   538   608 E JobScheduler.Quota: <0>com.google.android.projection.gearhead has 0 EJ quota without running anything
05-16 10:32:58.726  2719  2719 E gle.android.tts: Not starting debugger since process cannot load the jdwp agent.
05-16 10:32:58.835  2803  2803 E android.vending: Not starting debugger since process cannot load the jdwp agent.
05-16 10:32:59.568  1016  1673 E OneSearchSuggestProvider: Failed to fetch suggestions from AppSearch, fallback to AGA
05-16 10:32:59.568  1016  1673 E OneSearchSuggestProvider: java.util.concurrent.CompletionException: java.util.NoSuchElementException: No value present
05-16 10:32:59.568  1016  1673 E OneSearchSuggestProvider: 	at java.util.concurrent.CompletableFuture.encodeThrowable(CompletableFuture.java:308)
05-16 10:32:59.568  1016  1673 E OneSearchSuggestProvider: 	at java.util.concurrent.CompletableFuture.completeThrowable(CompletableFuture.java:323)
05-16 10:32:59.568  1016  1673 E OneSearchSuggestProvider: 	at java.util.concurrent.CompletableFuture$UniAccept.tryFire(CompletableFuture.java:684)
05-16 10:32:59.568  1016  1673 E OneSearchSuggestProvider: 	at java.util.concurrent.CompletableFuture.postComplete(CompletableFuture.java:486)
05-16 10:32:59.568  1016  1673 E OneSearchSuggestProvider: 	at java.util.concurrent.CompletableFuture.completeExceptionally(CompletableFuture.java:2138)
05-16 10:32:59.568  1016  1673 E OneSearchSuggestProvider: 	at com.google.android.apps.nexuslauncher.allapps.H0.onResult(Unknown Source:59)
05-16 10:32:59.568  1016  1673 E OneSearchSuggestProvider: 	at android.app.appsearch.SearchSessionUtil$1.lambda$onResult$0(SearchSessionUtil.java:129)
05-16 10:32:59.568  1016  1673 E OneSearchSuggestProvider: 	at android.app.appsearch.SearchSessionUtil$1.$r8$lambda$_nlk9WiPjSfaAsqKYmp0aPvSRC0(SearchSessionUtil.java:1)
05-16 10:32:59.568  1016  1673 E OneSearchSuggestProvider: 	at android.app.appsearch.SearchSessionUtil$1$$ExternalSyntheticLambda0.run(R8$$SyntheticClass:13)
05-16 10:32:59.568  1016  1673 E OneSearchSuggestProvider: 	at android.os.Handler.handleCallback(Handler.java:958)
05-16 10:32:59.568  1016  1673 E OneSearchSuggestProvider: 	at android.os.Handler.dispatchMessage(Handler.java:99)
05-16 10:32:59.568  1016  1673 E OneSearchSuggestProvider: 	at android.os.Looper.loopOnce(Looper.java:205)
05-16 10:32:59.568  1016  1673 E OneSearchSuggestProvider: 	at android.os.Looper.loop(Looper.java:294)
05-16 10:32:59.568  1016  1673 E OneSearchSuggestProvider: 	at android.os.HandlerThread.run(HandlerThread.java:67)
05-16 10:32:59.568  1016  1673 E OneSearchSuggestProvider: Caused by: java.util.NoSuchElementException: No value present
05-16 10:32:59.568  1016  1673 E OneSearchSuggestProvider: 	at java.util.Optional.get(Optional.java:144)
05-16 10:32:59.568  1016  1673 E OneSearchSuggestProvider: 	at com.google.android.apps.nexuslauncher.allapps.H0.onResult(Unknown Source:16)
05-16 10:32:59.568  1016  1673 E OneSearchSuggestProvider: 	... 8 more
05-16 10:33:00.026  2548  2930 E DialerDialerBaseApplication: com.android.dialer.DialerBaseApplication.getResources:47 getResources() called before resources are initialized
05-16 10:33:00.026  2548  2930 E DialerDialerBaseApplication: skt: LARGE
05-16 10:33:00.026  2548  2930 E DialerDialerBaseApplication: 	at bvr.getResources(PG:6)
05-16 10:33:00.026  2548  2930 E DialerDialerBaseApplication: 	at nkf.a(PG:1)
05-16 10:33:00.026  2548  2930 E DialerDialerBaseApplication: 	at njs.h(Unknown Source:0)
05-16 10:33:00.026  2548  2930 E DialerDialerBaseApplication: 	at nmf.d(PG:8)
05-16 10:33:00.026  2548  2930 E DialerDialerBaseApplication: 	at nmi.j(PG:5)
05-16 10:33:00.026  2548  2930 E DialerDialerBaseApplication: 	at nmi.handleMessage(PG:60)
05-16 10:33:00.026  2548  2930 E DialerDialerBaseApplication: 	at android.os.Handler.dispatchMessage(Handler.java:102)
05-16 10:33:00.026  2548  2930 E DialerDialerBaseApplication: 	at ntu.b(Unknown Source:0)
05-16 10:33:00.026  2548  2930 E DialerDialerBaseApplication: 	at ntu.dispatchMessage(Unknown Source:0)
05-16 10:33:00.026  2548  2930 E DialerDialerBaseApplication: 	at android.os.Looper.loopOnce(Looper.java:205)
05-16 10:33:00.026  2548  2930 E DialerDialerBaseApplication: 	at android.os.Looper.loop(Looper.java:294)
05-16 10:33:00.026  2548  2930 E DialerDialerBaseApplication: 	at android.os.HandlerThread.run(HandlerThread.java:67)
05-16 10:33:00.026  2548  2930 E DialerDialerBaseApplication: Caused by: java.lang.IllegalStateException: Resources are not initialized yet. Do not call getResource() in constructors of injected classes
05-16 10:33:00.026  2548  2930 E DialerDialerBaseApplication: 	at tqe.t(Unknown Source:7)
05-16 10:33:00.026  2548  2930 E DialerDialerBaseApplication: 	at bvr.getResources(PG:2)
05-16 10:33:00.026  2548  2930 E DialerDialerBaseApplication: 	... 11 more
05-16 10:33:00.113   538   595 E JobScheduler.JobStatus: App com.google.android.dialer became active but still in NEVER bucket
05-16 10:33:00.226  1487  1810 E AiAiEcho: EchoSearch: SettingsFetcherImpl: DB already exists.
05-16 10:33:00.342  1487  2537 E kuk     : Non-success http response code 404 for: https://gstatic.com/webref-ondevice/aiai/19071200_pir/2/en-us/superpacks_manifest.zip
05-16 10:33:00.657   538  2156 E JobScheduler.JobStatus: App com.google.android.dialer became active but still in NEVER bucket
05-16 10:33:00.659   538  2156 E JobScheduler.JobStatus: App com.google.android.dialer became active but still in NEVER bucket
05-16 10:33:00.687   538  1772 E JobScheduler.JobStatus: App com.google.android.dialer became active but still in NEVER bucket
05-16 10:33:00.720   538  2219 E JobScheduler.JobStatus: App com.google.android.dialer became active but still in NEVER bucket
05-16 10:33:00.729   538   825 E JobScheduler.JobStatus: App com.google.android.dialer became active but still in NEVER bucket
05-16 10:33:00.730   538   825 E JobScheduler.JobStatus: App com.google.android.dialer became active but still in NEVER bucket
05-16 10:33:00.732   538  1064 E JobScheduler.JobStatus: App com.google.android.dialer became active but still in NEVER bucket
05-16 10:33:00.733   538   594 E JobScheduler.JobStatus: App com.google.android.dialer became active but still in NEVER bucket
05-16 10:33:00.733   538   594 E JobScheduler.JobStatus: App com.google.android.dialer became active but still in NEVER bucket
05-16 10:33:00.734   538  2221 E JobScheduler.JobStatus: App com.google.android.dialer became active but still in NEVER bucket
05-16 10:33:00.739   538   825 E JobScheduler.JobStatus: App com.google.android.dialer became active but still in NEVER bucket
05-16 10:33:00.741   538   595 E JobScheduler.JobStatus: App com.google.android.dialer became active but still in NEVER bucket
05-16 10:33:00.755  3051  3051 E webview_service: Not starting debugger since process cannot load the jdwp agent.
05-16 10:33:01.427   538  2247 E JobScheduler.JobStatus: App com.google.android.dialer became active but still in NEVER bucket
05-16 10:33:01.508   538  2247 E JobScheduler.JobStatus: App com.google.android.dialer became active but still in NEVER bucket
05-16 10:33:01.536   538  1970 E JobScheduler.JobStatus: App com.google.android.dialer became active but still in NEVER bucket
05-16 10:33:01.549   538  2247 E JobScheduler.JobStatus: App com.google.android.dialer became active but still in NEVER bucket
05-16 10:33:01.592   538  2264 E JobScheduler.JobStatus: App com.google.android.dialer became active but still in NEVER bucket
05-16 10:33:01.704   538  2219 E JobScheduler.JobStatus: App com.google.android.dialer became active but still in NEVER bucket
05-16 10:33:01.850  2719  2986 E tflite  : third_party/tensorflow/lite/core/subgraph.cc:903 tensor.data.raw != nullptr was not true.
05-16 10:33:02.101  2548  2938 E PhenotypeFlagCommitter: Retrieving snapshot for com.google.android.dialer failed
05-16 10:33:02.101  2548  2938 E PhenotypeFlagCommitter: java.util.concurrent.TimeoutException: Timed out waiting for Task
05-16 10:33:02.101  2548  2938 E PhenotypeFlagCommitter: 	at ofh.O(PG:7)
05-16 10:33:02.101  2548  2938 E PhenotypeFlagCommitter: 	at nwm.d(PG:2)
05-16 10:33:02.101  2548  2938 E PhenotypeFlagCommitter: 	at nwm.c(PG:2)
05-16 10:33:02.101  2548  2938 E PhenotypeFlagCommitter: 	at htv.call(PG:66)
05-16 10:33:02.101  2548  2938 E PhenotypeFlagCommitter: 	at svs.call(PG:7)
05-16 10:33:02.101  2548  2938 E PhenotypeFlagCommitter: 	at syd.a(Unknown Source:2)
05-16 10:33:02.101  2548  2938 E PhenotypeFlagCommitter: 	at sxh.run(PG:3)
05-16 10:33:02.101  2548  2938 E PhenotypeFlagCommitter: 	at sye.run(Unknown Source:4)
05-16 10:33:02.101  2548  2938 E PhenotypeFlagCommitter: 	at ocg.run(PG:1)
05-16 10:33:02.101  2548  2938 E PhenotypeFlagCommitter: 	at java.util.concurrent.ThreadPoolExecutor.runWorker(ThreadPoolExecutor.java:1145)
05-16 10:33:02.101  2548  2938 E PhenotypeFlagCommitter: 	at java.util.concurrent.ThreadPoolExecutor$Worker.run(ThreadPoolExecutor.java:644)
05-16 10:33:02.101  2548  2938 E PhenotypeFlagCommitter: 	at oca.run(PG:19)
05-16 10:33:02.101  2548  2938 E PhenotypeFlagCommitter: 	at nxu.run(PG:53)
05-16 10:33:02.101  2548  2938 E PhenotypeFlagCommitter: 	at java.lang.Thread.run(Thread.java:1012)
05-16 10:33:02.101  2548  2938 E PhenotypeFlagCommitter: 	at ocj.run(PG:6)
05-16 10:33:02.136   538   594 E JobScheduler.JobStatus: App com.google.android.dialer became active but still in NEVER bucket
05-16 10:33:02.183   538   877 E JobScheduler.JobStatus: App com.google.android.dialer became active but still in NEVER bucket
05-16 10:33:02.197   538  2259 E JobScheduler.JobStatus: App com.google.android.dialer became active but still in NEVER bucket
05-16 10:33:02.444   538  2219 E JobScheduler.JobStatus: App com.google.android.dialer became active but still in NEVER bucket
05-16 10:33:02.647  3176  3176 E android.camera2: Not starting debugger since process cannot load the jdwp agent.
05-16 10:33:02.717   538   675 E AppOps  : attributionTag VCN not declared in manifest of android
05-16 10:33:02.719  2548  3160 E GoogleApiManager: Failed to get service from broker. 
05-16 10:33:02.719  2548  3160 E GoogleApiManager: java.lang.SecurityException: Unknown calling package name 'com.google.android.gms'.
05-16 10:33:02.719  2548  3160 E GoogleApiManager: 	at android.os.Parcel.createExceptionOrNull(Parcel.java:3057)
05-16 10:33:02.719  2548  3160 E GoogleApiManager: 	at android.os.Parcel.createException(Parcel.java:3041)
05-16 10:33:02.719  2548  3160 E GoogleApiManager: 	at android.os.Parcel.readException(Parcel.java:3024)
05-16 10:33:02.719  2548  3160 E GoogleApiManager: 	at android.os.Parcel.readException(Parcel.java:2966)
05-16 10:33:02.719  2548  3160 E GoogleApiManager: 	at bicg.a(:com.google.android.gms@261631029@26.16.31 (190400-900800821):36)
05-16 10:33:02.719  2548  3160 E GoogleApiManager: 	at biac.z(:com.google.android.gms@261631029@26.16.31 (190400-900800821):143)
05-16 10:33:02.719  2548  3160 E GoogleApiManager: 	at bhfw.run(:com.google.android.gms@261631029@26.16.31 (190400-900800821):42)
05-16 10:33:02.719  2548  3160 E GoogleApiManager: 	at android.os.Handler.handleCallback(Handler.java:958)
05-16 10:33:02.719  2548  3160 E GoogleApiManager: 	at android.os.Handler.dispatchMessage(Handler.java:99)
05-16 10:33:02.719  2548  3160 E GoogleApiManager: 	at cxep.mL(:com.google.android.gms@261631029@26.16.31 (190400-900800821):1)
05-16 10:33:02.719  2548  3160 E GoogleApiManager: 	at cxep.dispatchMessage(:com.google.android.gms@261631029@26.16.31 (190400-900800821):5)
05-16 10:33:02.719  2548  3160 E GoogleApiManager: 	at android.os.Looper.loopOnce(Looper.java:205)
05-16 10:33:02.719  2548  3160 E GoogleApiManager: 	at android.os.Looper.loop(Looper.java:294)
05-16 10:33:02.719  2548  3160 E GoogleApiManager: 	at android.os.HandlerThread.run(HandlerThread.java:67)
05-16 10:33:02.723   538   642 E JobScheduler.JobStatus: App com.google.android.dialer became active but still in NEVER bucket
05-16 10:33:02.755   538   825 E JobScheduler.JobStatus: App com.google.android.dialer became active but still in NEVER bucket
05-16 10:33:02.769   538   642 E JobScheduler.JobStatus: App com.google.android.dialer became active but still in NEVER bucket
05-16 10:33:02.776   538  2259 E JobScheduler.JobStatus: App com.google.android.dialer became active but still in NEVER bucket
05-16 10:33:02.826  2548  3160 E GoogleApiManager: Failed to get service from broker. 
05-16 10:33:02.826  2548  3160 E GoogleApiManager: java.lang.SecurityException: Unknown calling package name 'com.google.android.gms'.
05-16 10:33:02.826  2548  3160 E GoogleApiManager: 	at android.os.Parcel.createExceptionOrNull(Parcel.java:3057)
05-16 10:33:02.826  2548  3160 E GoogleApiManager: 	at android.os.Parcel.createException(Parcel.java:3041)
05-16 10:33:02.826  2548  3160 E GoogleApiManager: 	at android.os.Parcel.readException(Parcel.java:3024)
05-16 10:33:02.826  2548  3160 E GoogleApiManager: 	at android.os.Parcel.readException(Parcel.java:2966)
05-16 10:33:02.826  2548  3160 E GoogleApiManager: 	at bicg.a(:com.google.android.gms@261631029@26.16.31 (190400-900800821):36)
05-16 10:33:02.826  2548  3160 E GoogleApiManager: 	at biac.z(:com.google.android.gms@261631029@26.16.31 (190400-900800821):143)
05-16 10:33:02.826  2548  3160 E GoogleApiManager: 	at bhfw.run(:com.google.android.gms@261631029@26.16.31 (190400-900800821):42)
05-16 10:33:02.826  2548  3160 E GoogleApiManager: 	at android.os.Handler.handleCallback(Handler.java:958)
05-16 10:33:02.826  2548  3160 E GoogleApiManager: 	at android.os.Handler.dispatchMessage(Handler.java:99)
05-16 10:33:02.826  2548  3160 E GoogleApiManager: 	at cxep.mL(:com.google.android.gms@261631029@26.16.31 (190400-900800821):1)
05-16 10:33:02.826  2548  3160 E GoogleApiManager: 	at cxep.dispatchMessage(:com.google.android.gms@261631029@26.16.31 (190400-900800821):5)
05-16 10:33:02.826  2548  3160 E GoogleApiManager: 	at android.os.Looper.loopOnce(Looper.java:205)
05-16 10:33:02.826  2548  3160 E GoogleApiManager: 	at android.os.Looper.loop(Looper.java:294)
05-16 10:33:02.826  2548  3160 E GoogleApiManager: 	at android.os.HandlerThread.run(HandlerThread.java:67)
05-16 10:33:02.894   538  1067 E JobScheduler.JobStatus: App com.google.android.dialer became active but still in NEVER bucket
05-16 10:33:02.959  2342  3095 E PhenotypeFlagCommitter: Retrieving snapshot for com.google.android.gm#com.google.android.gm_Hub failed
05-16 10:33:02.959  2342  3095 E PhenotypeFlagCommitter: java.util.concurrent.TimeoutException: Timed out waiting for Task
05-16 10:33:02.959  2342  3095 E PhenotypeFlagCommitter: 	at sah.I(PG:7)
05-16 10:33:02.959  2342  3095 E PhenotypeFlagCommitter: 	at rvc.j(PG:2)
05-16 10:33:02.959  2342  3095 E PhenotypeFlagCommitter: 	at rvc.k(PG:2)
05-16 10:33:02.959  2342  3095 E PhenotypeFlagCommitter: 	at rvc.h(Unknown Source:6)
05-16 10:33:02.959  2342  3095 E PhenotypeFlagCommitter: 	at hxt.run(PG:8)
05-16 10:33:02.959  2342  3095 E PhenotypeFlagCommitter: 	at java.util.concurrent.ThreadPoolExecutor.runWorker(ThreadPoolExecutor.java:1145)
05-16 10:33:02.959  2342  3095 E PhenotypeFlagCommitter: 	at java.util.concurrent.ThreadPoolExecutor$Worker.run(ThreadPoolExecutor.java:644)
05-16 10:33:02.959  2342  3095 E PhenotypeFlagCommitter: 	at java.lang.Thread.run(Thread.java:1012)
05-16 10:33:02.968   538  2259 E JobScheduler.JobStatus: App com.google.android.dialer became active but still in NEVER bucket
05-16 10:33:03.308   538  1041 E JobScheduler.JobStatus: App com.google.android.dialer became active but still in NEVER bucket
05-16 10:33:03.574   818   884 E SystemServiceRegistry: No service published for: ethernet
05-16 10:33:03.574   818   884 E SystemServiceRegistry: android.os.ServiceManager$ServiceNotFoundException: No service published for: ethernet
05-16 10:33:03.574   818   884 E SystemServiceRegistry: 	at android.os.ServiceManager.getServiceOrThrow(ServiceManager.java:166)
05-16 10:33:03.574   818   884 E SystemServiceRegistry: 	at android.app.SystemServiceRegistry$139.createService(SystemServiceRegistry.java:1872)
05-16 10:33:03.574   818   884 E SystemServiceRegistry: 	at android.app.SystemServiceRegistry$CachedServiceFetcher.getService(SystemServiceRegistry.java:1971)
05-16 10:33:03.574   818   884 E SystemServiceRegistry: 	at android.app.SystemServiceRegistry.getSystemService(SystemServiceRegistry.java:1645)
05-16 10:33:03.574   818   884 E SystemServiceRegistry: 	at android.app.ContextImpl.getSystemService(ContextImpl.java:2212)
05-16 10:33:03.574   818   884 E SystemServiceRegistry: 	at android.content.ContextWrapper.getSystemService(ContextWrapper.java:934)
05-16 10:33:03.574   818   884 E SystemServiceRegistry: 	at com.android.networkstack.tethering.Tethering.isEthernetSupported(Tethering.java:1582)
05-16 10:33:03.574   818   884 E SystemServiceRegistry: 	at com.android.networkstack.tethering.Tethering.makeSupportedDownstreams(Tethering.java:2550)
05-16 10:33:03.574   818   884 E SystemServiceRegistry: 	at com.android.networkstack.tethering.Tethering.updateSupportedDownstreams(Tethering.java:2524)
05-16 10:33:03.574   818   884 E SystemServiceRegistry: 	at com.android.networkstack.tethering.Tethering.updateConfiguration(Tethering.java:546)
05-16 10:33:03.574   818   884 E SystemServiceRegistry: 	at com.android.networkstack.tethering.Tethering.lambda$new$3(Tethering.java:345)
05-16 10:33:03.574   818   884 E SystemServiceRegistry: 	at com.android.networkstack.tethering.Tethering.$r8$lambda$bts3FsOwVdwDhrwMjvAr9kV3Jgs(Tethering.java:0)
05-16 10:33:03.574   818   884 E SystemServiceRegistry: 	at com.android.networkstack.tethering.Tethering$$ExternalSyntheticLambda7.accept(R8$$SyntheticClass:0)
05-16 10:33:03.574   818   884 E SystemServiceRegistry: 	at com.android.networkstack.tethering.util.VersionedBroadcastListener$Receiver.onReceive(VersionedBroadcastListener.java:103)
05-16 10:33:03.574   818   884 E SystemServiceRegistry: 	at android.app.LoadedApk$ReceiverDispatcher$Args.lambda$getRunnable$0(LoadedApk.java:1802)
05-16 10:33:03.574   818   884 E SystemServiceRegistry: 	at android.app.LoadedApk$ReceiverDispatcher$Args.$r8$lambda$gDuJqgxY6Zb-ifyeubKeivTLAwk(Unknown Source:0)
05-16 10:33:03.574   818   884 E SystemServiceRegistry: 	at android.app.LoadedApk$ReceiverDispatcher$Args$$ExternalSyntheticLambda0.run(Unknown Source:2)
05-16 10:33:03.574   818   884 E SystemServiceRegistry: 	at android.os.Handler.handleCallback(Handler.java:958)
05-16 10:33:03.574   818   884 E SystemServiceRegistry: 	at android.os.Handler.dispatchMessage(Handler.java:99)
05-16 10:33:03.574   818   884 E SystemServiceRegistry: 	at android.os.Looper.loopOnce(Looper.java:205)
05-16 10:33:03.574   818   884 E SystemServiceRegistry: 	at android.os.Looper.loop(Looper.java:294)
05-16 10:33:03.574   818   884 E SystemServiceRegistry: 	at android.os.HandlerThread.run(HandlerThread.java:67)
05-16 10:33:03.637  3246  3246 E viceentitlement: Not starting debugger since process cannot load the jdwp agent.
05-16 10:33:03.935  3269  3269 E searchbox:train: Not starting debugger since process cannot load the jdwp agent.
05-16 10:33:03.969  1591  1890 E FedoraTrainRegClient: un-registerTraining failed.
05-16 10:33:03.969  1591  1890 E FedoraTrainRegClient: java.util.concurrent.CancellationException: Task was cancelled.
05-16 10:33:03.969  1591  1890 E FedoraTrainRegClient: 	at com.google.common.w.a.d.s(PG:3)
05-16 10:33:03.969  1591  1890 E FedoraTrainRegClient: 	at com.google.common.w.a.d.get(PG:4)
05-16 10:33:03.969  1591  1890 E FedoraTrainRegClient: 	at com.google.common.w.a.ee.a(PG:1)
05-16 10:33:03.969  1591  1890 E FedoraTrainRegClient: 	at com.google.common.w.a.cj.r(PG:2)
05-16 10:33:03.969  1591  1890 E FedoraTrainRegClient: 	at com.google.common.w.a.cc.run(PG:4)
05-16 10:33:03.969  1591  1890 E FedoraTrainRegClient: 	at com.google.android.libraries.i.z.run(PG:1)
05-16 10:33:03.969  1591  1890 E FedoraTrainRegClient: 	at java.util.concurrent.ThreadPoolExecutor.runWorker(ThreadPoolExecutor.java:1145)
05-16 10:33:03.969  1591  1890 E FedoraTrainRegClient: 	at java.util.concurrent.ThreadPoolExecutor$Worker.run(ThreadPoolExecutor.java:644)
05-16 10:33:03.969  1591  1890 E FedoraTrainRegClient: 	at com.google.android.libraries.i.h.run(PG:2)
05-16 10:33:03.969  1591  1890 E FedoraTrainRegClient: 	at java.lang.Thread.run(Thread.java:1012)
05-16 10:33:03.969  1591  1890 E FedoraTrainRegClient: 	at com.google.android.libraries.i.ai.run(PG:5)
05-16 10:33:04.080  3282  3282 E oadcastreceiver: Not starting debugger since process cannot load the jdwp agent.
05-16 10:33:04.273   538  2222 E JobScheduler.JobStatus: App com.google.android.dialer became active but still in NEVER bucket
05-16 10:33:04.333   538   594 E JobScheduler.JobStatus: App com.google.android.dialer became active but still in NEVER bucket
05-16 10:33:04.607   538   595 E JobScheduler.JobStatus: App com.google.android.dialer became active but still in NEVER bucket
05-16 10:33:04.900  1240  1333 E ctxmgr  : [FencePendingIntentCache]Expected to find a PendingIntent for pendingIntentKey=6b79e707-7abd-48af-91a2-681d69f35621 [CONTEXT service_id=47 ]
05-16 10:33:04.900  1240  1333 E ctxmgr  : [FencePendingIntentCache]Expected to find a PendingIntent for pendingIntentKey=302b0ba9-98dd-4398-bdcd-763a0db5646e [CONTEXT service_id=47 ]
05-16 10:33:04.900  1240  1333 E ctxmgr  : [FencePendingIntentCache]Expected to find a PendingIntent for pendingIntentKey=1773121a-c837-4e1b-bf43-a8a3dc711f89 [CONTEXT service_id=47 ]
05-16 10:33:04.900  1240  1333 E ctxmgr  : [FencePendingIntentCache]Expected to find a PendingIntent for pendingIntentKey=1773121a-c837-4e1b-bf43-a8a3dc711f89 [CONTEXT service_id=47 ]
05-16 10:33:04.990  1487  1864 E SP.Service.AiAi: captions_i18n_v0_mandatory is opened by other clients. It will stay open until all clients close it.
05-16 10:33:05.002  1487  1864 E SP.Service.AiAi: captions_i18n_v0_en-US is opened by other clients. It will stay open until all clients close it.
05-16 10:33:05.101  3327  3327 E droid.dynsystem: Not starting debugger since process cannot load the jdwp agent.
05-16 10:33:05.482   538   563 E PackageManager: Optimistic bind failed.
05-16 10:33:05.482   538   563 E PackageManager: java.util.concurrent.TimeoutException: [Optimistic Bind] Didn't bind to resolver in time!
05-16 10:33:05.482   538   563 E PackageManager: 	at com.android.server.pm.InstantAppResolverConnection.waitForBindLocked(InstantAppResolverConnection.java:160)
05-16 10:33:05.482   538   563 E PackageManager: 	at com.android.server.pm.InstantAppResolverConnection.bind(InstantAppResolverConnection.java:225)
05-16 10:33:05.482   538   563 E PackageManager: 	at com.android.server.pm.InstantAppResolverConnection.lambda$optimisticBind$0(InstantAppResolverConnection.java:255)
05-16 10:33:05.482   538   563 E PackageManager: 	at com.android.server.pm.InstantAppResolverConnection.$r8$lambda$kGQeuNdbvFwGn-CghEuSr5znX00(InstantAppResolverConnection.java:0)
05-16 10:33:05.482   538   563 E PackageManager: 	at com.android.server.pm.InstantAppResolverConnection$$ExternalSyntheticLambda0.run(R8$$SyntheticClass:0)
05-16 10:33:05.482   538   563 E PackageManager: 	at android.os.Handler.handleCallback(Handler.java:958)
05-16 10:33:05.482   538   563 E PackageManager: 	at android.os.Handler.dispatchMessage(Handler.java:99)
05-16 10:33:05.482   538   563 E PackageManager: 	at android.os.Looper.loopOnce(Looper.java:205)
05-16 10:33:05.482   538   563 E PackageManager: 	at android.os.Looper.loop(Looper.java:294)
05-16 10:33:05.482   538   563 E PackageManager: 	at android.os.HandlerThread.run(HandlerThread.java:67)
05-16 10:33:05.882  2425  2923 E cr_VariationsSessionInt: Timeout while querying Phenotype experiments
05-16 10:33:05.922  1487  2537 E kuk     : Non-success http response code 404 for: https://gstatic.com/webref-ondevice/aiai/19071200_pir/2/en-us/superpacks_manifest.zip
05-16 10:33:05.945  3391  3391 E ystem:dynsystem: Not starting debugger since process cannot load the jdwp agent.
05-16 10:33:06.031  3404  3404 E gedprovisioning: Not starting debugger since process cannot load the jdwp agent.
05-16 10:33:06.603  3452  3452 E viders.calendar: Not starting debugger since process cannot load the jdwp agent.
05-16 10:33:08.043   538  2263 E JobScheduler.JobStatus: App com.google.android.dialer became active but still in NEVER bucket
05-16 10:33:08.225  3503  3503 E m.android.shell: Not starting debugger since process cannot load the jdwp agent.
05-16 10:33:08.365  2548  2941 E DialerTikTokListenableWorker: com.google.apps.tiktok.contrib.work.TikTokListenableWorker.lambda$logOnCancellationOrFailure$0:165 TikTokListenableWorker encountered an exception while running client worker: com.android.dialer.voicemail.service.impl.VvmTaskWorker
05-16 10:33:08.365  2548  2941 E DialerTikTokListenableWorker: qy: The completer object was garbage collected - this future would otherwise never complete. The tag was: class cdp
05-16 10:33:08.368  2548  2928 E WM-WorkerWrapper: Work [ id=1d3586c1-49eb-474b-81d5-e18648b65882, tags={ com.google.apps.tiktok.contrib.work.TikTokListenableWorker, 1, UPDATE_STATUS, TikTokWorker#com.android.dialer.voicemail.service.impl.VvmTaskWorker } ] failed because it threw an exception/error
05-16 10:33:08.368  2548  2928 E WM-WorkerWrapper: java.util.concurrent.ExecutionException: qy: The completer object was garbage collected - this future would otherwise never complete. The tag was: class cdp
05-16 10:33:08.368  2548  2928 E WM-WorkerWrapper: 	at bmv.n(PG:3)
05-16 10:33:08.368  2548  2928 E WM-WorkerWrapper: 	at bmv.get(PG:2)
05-16 10:33:08.368  2548  2928 E WM-WorkerWrapper: 	at bfb.run(PG:115)
05-16 10:33:08.368  2548  2928 E WM-WorkerWrapper: 	at bly.run(PG:8)
05-16 10:33:08.368  2548  2928 E WM-WorkerWrapper: 	at ocg.run(PG:1)
05-16 10:33:08.368  2548  2928 E WM-WorkerWrapper: 	at java.util.concurrent.ThreadPoolExecutor.runWorker(ThreadPoolExecutor.java:1145)
05-16 10:33:08.368  2548  2928 E WM-WorkerWrapper: 	at java.util.concurrent.ThreadPoolExecutor$Worker.run(ThreadPoolExecutor.java:644)
05-16 10:33:08.368  2548  2928 E WM-WorkerWrapper: 	at oca.run(PG:19)
05-16 10:33:08.368  2548  2928 E WM-WorkerWrapper: 	at oca.run(PG:32)
05-16 10:33:08.368  2548  2928 E WM-WorkerWrapper: 	at java.lang.Thread.run(Thread.java:1012)
05-16 10:33:08.368  2548  2928 E WM-WorkerWrapper: 	at ocj.run(PG:6)
05-16 10:33:08.368  2548  2928 E WM-WorkerWrapper: Caused by: qy: The completer object was garbage collected - this future would otherwise never complete. The tag was: class cdp
05-16 10:33:08.545  1240  1323 E WakeLock: GCM_CONN_ALARM ** IS FORCE-RELEASED ON TIMEOUT ** [CONTEXT service_id=259 ]
05-16 10:33:08.565  2438  3483 E GoogleApiManager: Failed to get service from broker. 
05-16 10:33:08.565  2438  3483 E GoogleApiManager: java.lang.SecurityException: Unknown calling package name 'com.google.android.gms'.
05-16 10:33:08.565  2438  3483 E GoogleApiManager: 	at android.os.Parcel.createExceptionOrNull(Parcel.java:3057)
05-16 10:33:08.565  2438  3483 E GoogleApiManager: 	at android.os.Parcel.createException(Parcel.java:3041)
05-16 10:33:08.565  2438  3483 E GoogleApiManager: 	at android.os.Parcel.readException(Parcel.java:3024)
05-16 10:33:08.565  2438  3483 E GoogleApiManager: 	at android.os.Parcel.readException(Parcel.java:2966)
05-16 10:33:08.565  2438  3483 E GoogleApiManager: 	at bicg.a(:com.google.android.gms@261631029@26.16.31 (190400-900800821):36)
05-16 10:33:08.565  2438  3483 E GoogleApiManager: 	at biac.z(:com.google.android.gms@261631029@26.16.31 (190400-900800821):143)
05-16 10:33:08.565  2438  3483 E GoogleApiManager: 	at bhfw.run(:com.google.android.gms@261631029@26.16.31 (190400-900800821):42)
05-16 10:33:08.565  2438  3483 E GoogleApiManager: 	at android.os.Handler.handleCallback(Handler.java:958)
05-16 10:33:08.565  2438  3483 E GoogleApiManager: 	at android.os.Handler.dispatchMessage(Handler.java:99)
05-16 10:33:08.565  2438  3483 E GoogleApiManager: 	at cxep.mL(:com.google.android.gms@261631029@26.16.31 (190400-900800821):1)
05-16 10:33:08.565  2438  3483 E GoogleApiManager: 	at cxep.dispatchMessage(:com.google.android.gms@261631029@26.16.31 (190400-900800821):5)
05-16 10:33:08.565  2438  3483 E GoogleApiManager: 	at android.os.Looper.loopOnce(Looper.java:205)
05-16 10:33:08.565  2438  3483 E GoogleApiManager: 	at android.os.Looper.loop(Looper.java:294)
05-16 10:33:08.565  2438  3483 E GoogleApiManager: 	at android.os.HandlerThread.run(HandlerThread.java:67)
05-16 10:33:08.597   538   608 E JobScheduler.JobStatus: App com.google.android.contacts became active but still in NEVER bucket
05-16 10:33:08.603   538   608 E JobScheduler.JobStatus: App com.google.android.contacts became active but still in NEVER bucket
05-16 10:33:08.603   538   608 E JobScheduler.JobStatus: App com.google.android.contacts became active but still in NEVER bucket
05-16 10:33:08.604   538   608 E JobScheduler.JobStatus: App com.google.android.contacts became active but still in NEVER bucket
05-16 10:33:08.604  3530  3530 E d.configupdater: Not starting debugger since process cannot load the jdwp agent.
05-16 10:33:08.605   538   608 E JobScheduler.JobStatus: App com.google.android.contacts became active but still in NEVER bucket
05-16 10:33:08.618   538   608 E JobScheduler.Quota: <0>com.google.android.contacts has 0 EJ quota without running anything
05-16 10:33:08.707   538  1067 E JobScheduler.JobStatus: App com.google.android.contacts became active but still in NEVER bucket
05-16 10:33:08.709   538  1067 E JobScheduler.JobStatus: App com.google.android.contacts became active but still in NEVER bucket
05-16 10:33:08.710   538  1067 E JobScheduler.JobStatus: App com.google.android.contacts became active but still in NEVER bucket
05-16 10:33:08.753   538  2168 E JobScheduler.JobStatus: App com.google.android.contacts became active but still in NEVER bucket
05-16 10:33:09.010  1240  2529 E UsageReportingOptionsSt: INTERNAL_ERROR: setOptInOption should not be called while user is locked. [CONTEXT service_id=41 ]
05-16 10:33:09.016   538  2168 E ActivityManager: Sending non-protected broadcast com.android.settings.battery.action.PERIODIC_JOB_RECHECK from system 914:com.android.settings/1000 pkg com.android.settings
05-16 10:33:09.016   538  2168 E ActivityManager: java.lang.Throwable
05-16 10:33:09.016   538  2168 E ActivityManager: 	at com.android.server.am.ActivityManagerService.checkBroadcastFromSystem(ActivityManagerService.java:14306)
05-16 10:33:09.016   538  2168 E ActivityManager: 	at com.android.server.am.ActivityManagerService.broadcastIntentLockedTraced(ActivityManagerService.java:15131)
05-16 10:33:09.016   538  2168 E ActivityManager: 	at com.android.server.am.ActivityManagerService.broadcastIntentLocked(ActivityManagerService.java:14370)
05-16 10:33:09.016   538  2168 E ActivityManager: 	at com.android.server.am.ActivityManagerService.broadcastIntentWithFeature(ActivityManagerService.java:15336)
05-16 10:33:09.016   538  2168 E ActivityManager: 	at android.app.IActivityManager$Stub.onTransact(IActivityManager.java:2653)
05-16 10:33:09.016   538  2168 E ActivityManager: 	at com.android.server.am.ActivityManagerService.onTransact(ActivityManagerService.java:2720)
05-16 10:33:09.016   538  2168 E ActivityManager: 	at android.os.Binder.execTransactInternal(Binder.java:1339)
05-16 10:33:09.016   538  2168 E ActivityManager: 	at android.os.Binder.execTransact(Binder.java:1275)
05-16 10:33:09.157  1240  3234 E CastAuth: [CastAuthModuleInitIntent] Feature is not available, reason = CastAuth feature is disabled on this 1p device.. [CONTEXT service_id=360 ]
05-16 10:33:09.183  3530  3530 E ConfigUpdater: ignoring update request
05-16 10:33:09.188  3530  3530 E ConfigUpdater: ignoring update request
05-16 10:33:09.192  3530  3530 E ConfigUpdater: ignoring update request
05-16 10:33:09.194  3530  3530 E ConfigUpdater: ignoring update request
05-16 10:33:09.195  3530  3530 E ConfigUpdater: ignoring update request
05-16 10:33:09.197  3561  3561 E elockcontroller: Not starting debugger since process cannot load the jdwp agent.
05-16 10:33:09.198  3530  3530 E ConfigUpdater: ignoring update request
05-16 10:33:09.199  3530  3530 E ConfigUpdater: ignoring update request
05-16 10:33:09.313  3530  3530 E ConfigUpdater: ignoring update request
05-16 10:33:09.322  3530  3530 E ConfigUpdater: ignoring update request
05-16 10:33:09.482  3530  3530 E ConfigUpdater: ignoring update request
05-16 10:33:09.524  3530  3530 E ConfigUpdater: ignoring update request
05-16 10:33:09.528  3530  3530 E ConfigUpdater: ignoring update request
05-16 10:33:09.553   538   608 E JobScheduler.JobStatus: App com.google.android.projection.gearhead became active but still in NEVER bucket
05-16 10:33:09.691   538  1970 E JobScheduler.JobStatus: App com.google.android.projection.gearhead became active but still in NEVER bucket
05-16 10:33:09.871  3629  3629 E ackageinstaller: Not starting debugger since process cannot load the jdwp agent.
05-16 10:33:10.007  3561  3561 E AggregateFuture: Got more than one input Future failure. Logging failures after the first
05-16 10:33:10.007  3561  3561 E AggregateFuture: java.lang.IllegalStateException: Setup parameters does not exist!
05-16 10:33:10.007  3561  3561 E AggregateFuture: 	at com.android.devicelockcontroller.policy.UserRestrictionsPolicyHandler.lambda$retrieveLockModeRestrictions$3(UserRestrictionsPolicyHandler.java:138)
05-16 10:33:10.007  3561  3561 E AggregateFuture: 	at com.android.devicelockcontroller.policy.UserRestrictionsPolicyHandler.$r8$lambda$K4dazaAj4roA8BauvRaHZASMq6E(UserRestrictionsPolicyHandler.java:0)
05-16 10:33:10.007  3561  3561 E AggregateFuture: 	at com.android.devicelockcontroller.policy.UserRestrictionsPolicyHandler$$ExternalSyntheticLambda4.call(R8$$SyntheticClass:0)
05-16 10:33:10.007  3561  3561 E AggregateFuture: 	at com.google.common.util.concurrent.CombinedFuture$CallableInterruptibleTask.runInterruptibly(CombinedFuture.java:196)
05-16 10:33:10.007  3561  3561 E AggregateFuture: 	at com.google.common.util.concurrent.InterruptibleTask.run(InterruptibleTask.java:74)
05-16 10:33:10.007  3561  3561 E AggregateFuture: 	at android.os.Handler.handleCallback(Handler.java:958)
05-16 10:33:10.007  3561  3561 E AggregateFuture: 	at android.os.Handler.dispatchMessage(Handler.java:99)
05-16 10:33:10.007  3561  3561 E AggregateFuture: 	at android.os.Looper.loopOnce(Looper.java:205)
05-16 10:33:10.007  3561  3561 E AggregateFuture: 	at android.os.Looper.loop(Looper.java:294)
05-16 10:33:10.007  3561  3561 E AggregateFuture: 	at android.app.ActivityThread.main(ActivityThread.java:8177)
05-16 10:33:10.007  3561  3561 E AggregateFuture: 	at java.lang.reflect.Method.invoke(Native Method)
05-16 10:33:10.007  3561  3561 E AggregateFuture: 	at com.android.internal.os.RuntimeInit$MethodAndArgsCaller.run(RuntimeInit.java:552)
05-16 10:33:10.007  3561  3561 E AggregateFuture: 	at com.android.internal.os.ZygoteInit.main(ZygoteInit.java:971)
05-16 10:33:10.155  3561  3664 E TaskWorkerFactory: Cannot create worker: com.android.devicelockcontroller.provision.worker.DeviceCheckInWorker
05-16 10:33:10.155  3561  3664 E TaskWorkerFactory: java.lang.NoSuchMethodException: com.android.devicelockcontroller.provision.worker.DeviceCheckInWorker.<init> [class android.content.Context, class androidx.work.WorkerParameters, interface com.google.common.util.concurrent.ListeningExecutorService]
05-16 10:33:10.155  3561  3664 E TaskWorkerFactory: 	at java.lang.Class.getConstructor0(Class.java:3325)
05-16 10:33:10.155  3561  3664 E TaskWorkerFactory: 	at java.lang.Class.getDeclaredConstructor(Class.java:3063)
05-16 10:33:10.155  3561  3664 E TaskWorkerFactory: 	at com.android.devicelockcontroller.policy.TaskWorkerFactory.createWorker(TaskWorkerFactory.java:53)
05-16 10:33:10.155  3561  3664 E TaskWorkerFactory: 	at androidx.work.DelegatingWorkerFactory.createWorker(DelegatingWorkerFactory.java:71)
05-16 10:33:10.155  3561  3664 E TaskWorkerFactory: 	at androidx.work.WorkerFactory.createWorkerWithDefaultFallback(WorkerFactory.java:82)
05-16 10:33:10.155  3561  3664 E TaskWorkerFactory: 	at androidx.work.impl.WorkerWrapper.runWorker(WorkerWrapper.java:240)
05-16 10:33:10.155  3561  3664 E TaskWorkerFactory: 	at androidx.work.impl.WorkerWrapper.run(WorkerWrapper.java:142)
05-16 10:33:10.155  3561  3664 E TaskWorkerFactory: 	at androidx.work.impl.utils.SerialExecutorImpl$Task.run(SerialExecutorImpl.java:96)
05-16 10:33:10.155  3561  3664 E TaskWorkerFactory: 	at java.util.concurrent.ThreadPoolExecutor.runWorker(ThreadPoolExecutor.java:1145)
05-16 10:33:10.155  3561  3664 E TaskWorkerFactory: 	at java.util.concurrent.ThreadPoolExecutor$Worker.run(ThreadPoolExecutor.java:644)
05-16 10:33:10.155  3561  3664 E TaskWorkerFactory: 	at java.lang.Thread.run(Thread.java:1012)
05-16 10:33:10.174  2438  3265 E PhFileGroupPop: Failed to add file group 
05-16 10:33:10.204  2438  3265 E PhFileGroupPop: Failed to add file group 
05-16 10:33:10.204  2438  3265 E PhFileGroupPop: Failed to add file group 
05-16 10:33:10.216  2438  3265 E PhFileGroupPop: Failed to add file group 
05-16 10:33:10.216  2438  3265 E PhFileGroupPop: Failed to add file group 
05-16 10:33:10.218  2438  3265 E PhFileGroupPop: Failed to add file group 
05-16 10:33:10.219  2438  3265 E PhFileGroupPop: Failed to add file group 
05-16 10:33:10.219  2438  3265 E PhFileGroupPop: Failed to add file group 
05-16 10:33:10.219  2438  3265 E PhFileGroupPop: Failed to add file group 
05-16 10:33:10.219  2438  3265 E PhFileGroupPop: Failed to add file group 
05-16 10:33:10.220  2438  3265 E PhFileGroupPop: Failed to add file group 
05-16 10:33:10.220  2438  3265 E PhFileGroupPop: Failed to add file group 
05-16 10:33:10.220  2438  3265 E PhFileGroupPop: Failed to add file group 
05-16 10:33:10.220  2438  3265 E PhFileGroupPop: Failed to add file group 
05-16 10:33:10.220  2438  3265 E PhFileGroupPop: Failed to add file group 
05-16 10:33:10.229  2438  3265 E ctbc    : RuntimeException while executing runnable ctdz{cnpz@ce2e9a1} with executor MoreExecutors.directExecutor()
05-16 10:33:10.229  2438  3265 E ctbc    : java.lang.NullPointerException: Attempt to read from field 'java.lang.String cayk.b' on a null object reference in method 'void ccdw.b(java.lang.Object)'
05-16 10:33:10.229  2438  3265 E ctbc    : 	at ccdw.b(PG:2)
05-16 10:33:10.229  2438  3265 E ctbc    : 	at cnpz.b(PG:3)
05-16 10:33:10.229  2438  3265 E ctbc    : 	at ctdz.run(PG:6)
05-16 10:33:10.229  2438  3265 E ctbc    : 	at ctdd.execute(PG:1)
05-16 10:33:10.229  2438  3265 E ctbc    : 	at ctbc.o(PG:1)
05-16 10:33:10.229  2438  3265 E ctbc    : 	at ctbc.b(PG:5)
05-16 10:33:10.229  2438  3265 E ctbc    : 	at cteg.r(PG:2)
05-16 10:33:10.229  2438  3265 E ctbc    : 	at cnsl.k(PG:1)
05-16 10:33:10.229  2438  3265 E ctbc    : 	at ccdy.a(PG:15)
05-16 10:33:10.229  2438  3265 E ctbc    : 	at atyv.a(PG:2)
05-16 10:33:10.229  2438  3265 E ctbc    : 	at cbeo.o(PG:3)
05-16 10:33:10.229  2438  3265 E ctbc    : 	at cbeo.s(PG:1)
05-16 10:33:10.229  2438  3265 E ctbc    : 	at cbeo.g(PG:1)
05-16 10:33:10.229  2438  3265 E ctbc    : 	at ccfb.a(PG:1)
05-16 10:33:10.229  2438  3265 E ctbc    : 	at cnpm.a(PG:3)
05-16 10:33:10.229  2438  3265 E ctbc    : 	at ctfv.a(PG:1)
05-16 10:33:10.229  2438  3265 E ctbc    : 	at ctet.run(PG:4)
05-16 10:33:10.229  2438  3265 E ctbc    : 	at ctfx.run(PG:1)
05-16 10:33:10.229  2438  3265 E ctbc    : 	at bxfd.run(PG:1)
05-16 10:33:10.229  2438  3265 E ctbc    : 	at java.util.concurrent.ThreadPoolExecutor.runWorker(ThreadPoolExecutor.java:1145)
05-16 10:33:10.229  2438  3265 E ctbc    : 	at java.util.concurrent.ThreadPoolExecutor$Worker.run(ThreadPoolExecutor.java:644)
05-16 10:33:10.229  2438  3265 E ctbc    : 	at bxef.run(PG:2)
05-16 10:33:10.229  2438  3265 E ctbc    : 	at java.lang.Thread.run(Thread.java:1012)
05-16 10:33:10.229  2438  3265 E ctbc    : 	at bxfj.run(PG:5)
05-16 10:33:10.229  2438  3265 E ctbc    : RuntimeException while executing runnable ctdz{cnpz@75ac387} with executor MoreExecutors.directExecutor()
05-16 10:33:10.229  2438  3265 E ctbc    : java.lang.NullPointerException: Attempt to read from field 'java.lang.String cayk.b' on a null object reference in method 'void ccdw.b(java.lang.Object)'
05-16 10:33:10.229  2438  3265 E ctbc    : 	at ccdw.b(PG:2)
05-16 10:33:10.229  2438  3265 E ctbc    : 	at cnpz.b(PG:3)
05-16 10:33:10.229  2438  3265 E ctbc    : 	at ctdz.run(PG:6)
05-16 10:33:10.229  2438  3265 E ctbc    : 	at ctdd.execute(PG:1)
05-16 10:33:10.229  2438  3265 E ctbc    : 	at ctbc.o(PG:1)
05-16 10:33:10.229  2438  3265 E ctbc    : 	at ctbc.b(PG:5)
05-16 10:33:10.229  2438  3265 E ctbc    : 	at cteg.r(PG:2)
05-16 10:33:10.229  2438  3265 E ctbc    : 	at cnsl.k(PG:1)
05-16 10:33:10.229  2438  3265 E ctbc    : 	at ccdy.a(PG:15)
05-16 10:33:10.229  2438  3265 E ctbc    : 	at atyv.a(PG:2)
05-16 10:33:10.229  2438  3265 E ctbc    : 	at cbeo.o(PG:3)
05-16 10:33:10.229  2438  3265 E ctbc    : 	at cbeo.s(PG:1)
05-16 10:33:10.229  2438  3265 E ctbc    : 	at cbeo.g(PG:1)
05-16 10:33:10.229  2438  3265 E ctbc    : 	at ccfb.a(PG:1)
05-16 10:33:10.229  2438  3265 E ctbc    : 	at cnpm.a(PG:3)
05-16 10:33:10.229  2438  3265 E ctbc    : 	at ctfv.a(PG:1)
05-16 10:33:10.229  2438  3265 E ctbc    : 	at ctet.run(PG:4)
05-16 10:33:10.229  2438  3265 E ctbc    : 	at ctfx.run(PG:1)
05-16 10:33:10.229  2438  3265 E ctbc    : 	at bxfd.run(PG:1)
05-16 10:33:10.229  2438  3265 E ctbc    : 	at java.util.concurrent.ThreadPoolExecutor.runWorker(ThreadPoolExecutor.java:1145)
05-16 10:33:10.229  2438  3265 E ctbc    : 	at java.util.concurrent.ThreadPoolExecutor$Worker.run(ThreadPoolExecutor.java:644)
05-16 10:33:10.229  2438  3265 E ctbc    : 	at bxef.run(PG:2)
05-16 10:33:10.229  2438  3265 E ctbc    : 	at java.lang.Thread.run(Thread.java:1012)
05-16 10:33:10.229  2438  3265 E ctbc    : 	at bxfj.run(PG:5)
05-16 10:33:10.229  2438  3265 E ctbc    : RuntimeException while executing runnable ctdz{cnpz@b237edd} with executor MoreExecutors.directExecutor()
05-16 10:33:10.229  2438  3265 E ctbc    : java.lang.NullPointerException: Attempt to read from field 'java.lang.String cayk.b' on a null object reference in method 'void ccdw.b(java.lang.Object)'
05-16 10:33:10.229  2438  3265 E ctbc    : 	at ccdw.b(PG:2)
05-16 10:33:10.229  2438  3265 E ctbc    : 	at cnpz.b(PG:3)
05-16 10:33:10.229  2438  3265 E ctbc    : 	at ctdz.run(PG:6)
05-16 10:33:10.229  2438  3265 E ctbc    : 	at ctdd.execute(PG:1)
05-16 10:33:10.229  2438  3265 E ctbc    : 	at ctbc.o(PG:1)
05-16 10:33:10.229  2438  3265 E ctbc    : 	at ctbc.b(PG:5)
05-16 10:33:10.229  2438  3265 E ctbc    : 	at cteg.r(PG:2)
05-16 10:33:10.229  2438  3265 E ctbc    : 	at cnsl.k(PG:1)
05-16 10:33:10.229  2438  3265 E ctbc    : 	at ccdy.a(PG:15)
05-16 10:33:10.229  2438  3265 E ctbc    : 	at atyv.a(PG:2)
05-16 10:33:10.229  2438  3265 E ctbc    : 	at cbeo.o(PG:3)
05-16 10:33:10.229  2438  3265 E ctbc    : 	at cbeo.s(PG:1)
05-16 10:33:10.229  2438  3265 E ctbc    : 	at cbeo.g(PG:1)
05-16 10:33:10.229  2438  3265 E ctbc    : 	at ccfb.a(PG:1)
05-16 10:33:10.229  2438  3265 E ctbc    : 	at cnpm.a(PG:3)
05-16 10:33:10.229  2438  3265 E ctbc    : 	at ctfv.a(PG:1)
05-16 10:33:10.229  2438  3265 E ctbc    : 	at ctet.run(PG:4)
05-16 10:33:10.229  2438  3265 E ctbc    : 	at ctfx.run(PG:1)
05-16 10:33:10.229  2438  3265 E ctbc    : 	at bxfd.run(PG:1)
05-16 10:33:10.229  2438  3265 E ctbc    : 	at java.util.concurrent.ThreadPoolExecutor.runWorker(ThreadPoolExecutor.java:1145)
05-16 10:33:10.229  2438  3265 E ctbc    : 	at java.util.concurrent.ThreadPoolExecutor$Worker.run(ThreadPoolExecutor.java:644)
05-16 10:33:10.229  2438  3265 E ctbc    : 	at bxef.run(PG:2)
05-16 10:33:10.229  2438  3265 E ctbc    : 	at java.lang.Thread.run(Thread.java:1012)
05-16 10:33:10.229  2438  3265 E ctbc    : 	at bxfj.run(PG:5)
05-16 10:33:10.229  2438  3265 E PhFileGroupPop: Failed to add file group 
05-16 10:33:10.229  2438  3265 E ctbc    : RuntimeException while executing runnable ctdz{cnpz@1961123} with executor MoreExecutors.directExecutor()
05-16 10:33:10.229  2438  3265 E ctbc    : java.lang.NullPointerException: Attempt to read from field 'java.lang.String cayk.b' on a null object reference in method 'void ccdw.b(java.lang.Object)'
05-16 10:33:10.229  2438  3265 E ctbc    : 	at ccdw.b(PG:2)
05-16 10:33:10.229  2438  3265 E ctbc    : 	at cnpz.b(PG:3)
05-16 10:33:10.229  2438  3265 E ctbc    : 	at ctdz.run(PG:6)
05-16 10:33:10.229  2438  3265 E ctbc    : 	at ctdd.execute(PG:1)
05-16 10:33:10.229  2438  3265 E ctbc    : 	at ctbc.o(PG:1)
05-16 10:33:10.229  2438  3265 E ctbc    : 	at ctbc.b(PG:5)
05-16 10:33:10.229  2438  3265 E ctbc    : 	at cteg.r(PG:2)
05-16 10:33:10.229  2438  3265 E ctbc    : 	at cnsl.k(PG:1)
05-16 10:33:10.229  2438  3265 E ctbc    : 	at ccdy.a(PG:15)
05-16 10:33:10.229  2438  3265 E ctbc    : 	at atyv.a(PG:2)
05-16 10:33:10.229  2438  3265 E ctbc    : 	at cbeo.o(PG:3)
05-16 10:33:10.229  2438  3265 E ctbc    : 	at cbeo.s(PG:1)
05-16 10:33:10.229  2438  3265 E ctbc    : 	at cbeo.g(PG:1)
05-16 10:33:10.229  2438  3265 E ctbc    : 	at ccfb.a(PG:1)
05-16 10:33:10.229  2438  3265 E ctbc    : 	at cnpm.a(PG:3)
05-16 10:33:10.229  2438  3265 E ctbc    : 	at ctfv.a(PG:1)
05-16 10:33:10.229  2438  3265 E ctbc    : 	at ctet.run(PG:4)
05-16 10:33:10.229  2438  3265 E ctbc    : 	at ctfx.run(PG:1)
05-16 10:33:10.229  2438  3265 E ctbc    : 	at bxfd.run(PG:1)
05-16 10:33:10.229  2438  3265 E ctbc    : 	at java.util.concurrent.ThreadPoolExecutor.runWorker(ThreadPoolExecutor.java:1145)
