05-16 10:33:36.726  1591  1591 E A       : Caused by: com.google.android.apps.gsa.shared.speech.a.o: errorCode: 65586, engine: 2
05-16 10:33:36.726  1591  1591 E A       : 	... 15 more
05-16 10:33:36.726  1591  1591 E A       : Caused by: com.google.android.apps.gsa.shared.speech.a.k: errorCode: 401, engine: 2
05-16 10:33:36.726  1591  1591 E A       : 	at com.google.android.apps.gsa.assistant.shared.n.h.a(PG:5)
05-16 10:33:36.726  1591  1591 E A       : 	at com.google.android.apps.gsa.s3.producers.j.hh(PG:2)
05-16 10:33:36.726  1591  1591 E A       : 	at com.google.android.apps.gsa.speech.k.a.g.d(PG:16)
05-16 10:33:36.726  1591  1591 E A       : 	... 12 more
05-16 10:33:37.212  1676  4947 E Pay     : NfcAdapter is null while obtaining CardEmulation instance. [CONTEXT service_id=198 ]
05-16 10:33:37.213  1676  4947 E Pay     : CardEmulation is null while checking aid registration. [CONTEXT service_id=198 ]
05-16 10:33:38.892  1675  1933 E adservices: AttributionJobService is disabled, skip scheduling
05-16 10:33:38.895  1675  1933 E adservices: DeleteUninstalledJobService is disabled, skip scheduling
05-16 10:33:44.100  1676  3759 E SharingClientImpl: Unsuspend failed: null
05-16 10:33:44.794   741   856 E OpenGLRenderer: Unable to match the desired swap behavior.
05-16 10:33:46.426   370   396 E IPCThreadState: binder thread pool (1 threads) starved for 198 ms
05-16 10:33:48.062   741   851 E QuickAccessWalletKeyguardQuickAffordanceConfig: Wallet card retrieval error, message: "null"
05-16 10:33:48.065   741   851 E QuickAccessWalletKeyguardQuickAffordanceConfig: Wallet card retrieval error, message: "null"
05-16 10:33:48.069   741   851 E QuickAccessWalletKeyguardQuickAffordanceConfig: Wallet card retrieval error, message: "null"
05-16 10:33:52.494  5098  5098 E ndBrokerService: Not starting debugger since process cannot load the jdwp agent.
05-16 10:33:54.545  1676  1676 E jqhm    : *~*~*~ Previous channel {0} was garbage collected without being shut down! ~*~*~*
05-16 10:33:54.545  1676  1676 E jqhm    :     Make sure to call shutdown()/shutdownNow()
05-16 10:33:54.545  1676  1676 E jqhm    : java.lang.RuntimeException: ManagedChannel allocation site
05-16 10:33:54.545  1676  1676 E jqhm    : 	at jqhl.<init>(:com.google.android.gms@261631029@26.16.31 (190400-900800821):21)
05-16 10:33:54.545  1676  1676 E jqhm    : 	at jqhm.<init>(:com.google.android.gms@261631029@26.16.31 (190400-900800821):10)
05-16 10:33:54.545  1676  1676 E jqhm    : 	at jqhk.a(:com.google.android.gms@261631029@26.16.31 (190400-900800821):300)
05-16 10:33:54.545  1676  1676 E jqhm    : 	at jppc.a(:com.google.android.gms@261631029@26.16.31 (190400-900800821):5)
05-16 10:33:54.545  1676  1676 E jqhm    : 	at biqb.a(:com.google.android.gms@261631029@26.16.31 (190400-900800821):85)
05-16 10:33:54.545  1676  1676 E jqhm    : 	at bips.t(:com.google.android.gms@261631029@26.16.31 (190400-900800821):107)
05-16 10:33:54.545  1676  1676 E jqhm    : 	at bips.G(:com.google.android.gms@261631029@26.16.31 (190400-900800821):5)
05-16 10:33:54.545  1676  1676 E jqhm    : 	at fixi.a(:com.google.android.gms@261631029@26.16.31 (190400-900800821):45)
05-16 10:33:54.545  1676  1676 E jqhm    : 	at fiwn.c(:com.google.android.gms@261631029@26.16.31 (190400-900800821):20)
05-16 10:33:54.545  1676  1676 E jqhm    : 	at fiwn.a(:com.google.android.gms@261631029@26.16.31 (190400-900800821):3)
05-16 10:33:54.545  1676  1676 E jqhm    : 	at bbyt.run(:com.google.android.gms@261631029@26.16.31 (190400-900800821):5)
05-16 10:33:54.545  1676  1676 E jqhm    : 	at biwf.c(:com.google.android.gms@261631029@26.16.31 (190400-900800821):50)
05-16 10:33:54.545  1676  1676 E jqhm    : 	at biwf.run(:com.google.android.gms@261631029@26.16.31 (190400-900800821):66)
05-16 10:33:54.545  1676  1676 E jqhm    : 	at java.util.concurrent.ThreadPoolExecutor.runWorker(ThreadPoolExecutor.java:1145)
05-16 10:33:54.545  1676  1676 E jqhm    : 	at java.util.concurrent.ThreadPoolExecutor$Worker.run(ThreadPoolExecutor.java:644)
05-16 10:33:54.545  1676  1676 E jqhm    : 	at bjbw.run(:com.google.android.gms@261631029@26.16.31 (190400-900800821):8)
05-16 10:33:54.545  1676  1676 E jqhm    : 	at java.lang.Thread.run(Thread.java:1012)
05-16 10:33:55.203  5098  5150 E SharedPreferencesImpl: Couldn't create directory for SharedPreferences file /data/user_de/0/com.google.android.gms/shared_prefs/init.initialized_version.xml
05-16 10:33:55.523  1676  4783 E DowngradeHelper: isModuleDowngradeRequired false
05-16 10:33:55.953  1676  4783 E jqhm    : *~*~*~ Previous channel {0} was garbage collected without being shut down! ~*~*~*
05-16 10:33:55.953  1676  4783 E jqhm    :     Make sure to call shutdown()/shutdownNow()
05-16 10:33:55.953  1676  4783 E jqhm    : java.lang.RuntimeException: ManagedChannel allocation site
05-16 10:33:55.953  1676  4783 E jqhm    : 	at jqhl.<init>(:com.google.android.gms@261631029@26.16.31 (190400-900800821):21)
05-16 10:33:55.953  1676  4783 E jqhm    : 	at jqhm.<init>(:com.google.android.gms@261631029@26.16.31 (190400-900800821):10)
05-16 10:33:55.953  1676  4783 E jqhm    : 	at jqhk.a(:com.google.android.gms@261631029@26.16.31 (190400-900800821):300)
05-16 10:33:55.953  1676  4783 E jqhm    : 	at jppc.a(:com.google.android.gms@261631029@26.16.31 (190400-900800821):5)
05-16 10:33:55.953  1676  4783 E jqhm    : 	at jpvc.a(:com.google.android.gms@261631029@26.16.31 (190400-900800821):18)
05-16 10:33:55.953  1676  4783 E jqhm    : 	at auwj.b(:com.google.android.gms@261631029@26.16.31 (190400-900800821):84)
05-16 10:33:55.953  1676  4783 E jqhm    : 	at axvy.b(:com.google.android.gms@261631029@26.16.31 (190400-900800821):91)
05-16 10:33:55.953  1676  4783 E jqhm    : 	at com.google.android.gms.backup.settings.notifications.BackupNotificationsTask.f(:com.google.android.gms@261631029@26.16.31 (190400-900800821):76)
05-16 10:33:55.953  1676  4783 E jqhm    : 	at axvu.invokeSuspend(:com.google.android.gms@261631029@26.16.31 (190400-900800821):23)
05-16 10:33:55.953  1676  4783 E jqhm    : 	at jrbo.resumeWith(:com.google.android.gms@261631029@26.16.31 (190400-900800821):17)
05-16 10:33:55.953  1676  4783 E jqhm    : 	at jrnj.run(:com.google.android.gms@261631029@26.16.31 (190400-900800821):130)
05-16 10:33:55.953  1676  4783 E jqhm    : 	at biwf.c(:com.google.android.gms@261631029@26.16.31 (190400-900800821):50)
05-16 10:33:55.953  1676  4783 E jqhm    : 	at biwf.run(:com.google.android.gms@261631029@26.16.31 (190400-900800821):66)
05-16 10:33:55.953  1676  4783 E jqhm    : 	at java.util.concurrent.ThreadPoolExecutor.runWorker(ThreadPoolExecutor.java:1145)
05-16 10:33:55.953  1676  4783 E jqhm    : 	at java.util.concurrent.ThreadPoolExecutor$Worker.run(ThreadPoolExecutor.java:644)
05-16 10:33:55.953  1676  4783 E jqhm    : 	at bjbw.run(:com.google.android.gms@261631029@26.16.31 (190400-900800821):8)
05-16 10:33:55.953  1676  4783 E jqhm    : 	at java.lang.Thread.run(Thread.java:1012)
05-16 10:33:56.175  5161  5161 E oid.apps.photos: Not starting debugger since process cannot load the jdwp agent.
05-16 10:33:56.357  2550  5183 E IPCThreadState: Binder transaction failure: 202899/29202/0
05-16 10:33:56.358  2550  5183 E JavaBinder: !!! FAILED BINDER TRANSACTION !!!  (parcel size = 292)
05-16 10:33:56.445  2550  5183 E ied     : Exception when getting SIM accounts from CP2
05-16 10:33:56.445  2550  5183 E ied     : java.lang.RuntimeException: android.os.DeadObjectException: Transaction failed on small parcel; remote process probably died, but this could also be caused by running out of binder buffer space
05-16 10:33:56.445  2550  5183 E ied     : 	at android.provider.ContactsContract.nullSafeCall(ContactsContract.java:10310)
05-16 10:33:56.445  2550  5183 E ied     : 	at android.provider.ContactsContract.-$$Nest$smnullSafeCall(Unknown Source:0)
05-16 10:33:56.445  2550  5183 E ied     : 	at android.provider.ContactsContract$SimContacts.getSimAccounts(ContactsContract.java:8472)
05-16 10:33:56.445  2550  5183 E ied     : 	at ied.a(PG:1)
05-16 10:33:56.445  2550  5183 E ied     : 	at qcd.c(PG:5)
05-16 10:33:56.445  2550  5183 E ied     : 	at exw.a(PG:13)
05-16 10:33:56.445  2550  5183 E ied     : 	at exv.db(Unknown Source:12)
05-16 10:33:56.445  2550  5183 E ied     : 	at shn.m(PG:5)
05-16 10:33:56.445  2550  5183 E ied     : 	at qby.a(PG:8)
05-16 10:33:56.445  2550  5183 E ied     : 	at smr.H(PG:3)
05-16 10:33:56.445  2550  5183 E ied     : 	at smr.J(PG:4)
05-16 10:33:56.445  2550  5183 E ied     : 	at smr.z(PG:1)
05-16 10:33:56.445  2550  5183 E ied     : 	at smr.w(PG:2)
05-16 10:33:56.445  2550  5183 E ied     : 	at dys.run(PG:5)
05-16 10:33:56.445  2550  5183 E ied     : 	at java.util.concurrent.Executors$RunnableAdapter.call(Executors.java:487)
05-16 10:33:56.445  2550  5183 E ied     : 	at java.util.concurrent.FutureTask.run(FutureTask.java:264)
05-16 10:33:56.445  2550  5183 E ied     : 	at hiq.run(PG:38)
05-16 10:33:56.445  2550  5183 E ied     : 	at java.util.concurrent.ThreadPoolExecutor.runWorker(ThreadPoolExecutor.java:1145)
05-16 10:33:56.445  2550  5183 E ied     : 	at java.util.concurrent.ThreadPoolExecutor$Worker.run(ThreadPoolExecutor.java:644)
05-16 10:33:56.445  2550  5183 E ied     : 	at drk.run(PG:9)
05-16 10:33:56.445  2550  5183 E ied     : 	at java.lang.Thread.run(Thread.java:1012)
05-16 10:33:56.445  2550  5183 E ied     : Caused by: android.os.DeadObjectException: Transaction failed on small parcel; remote process probably died, but this could also be caused by running out of binder buffer space
05-16 10:33:56.445  2550  5183 E ied     : 	at android.os.BinderProxy.transactNative(Native Method)
05-16 10:33:56.445  2550  5183 E ied     : 	at android.os.BinderProxy.transact(BinderProxy.java:584)
05-16 10:33:56.445  2550  5183 E ied     : 	at android.content.ContentProviderProxy.call(ContentProviderNative.java:762)
05-16 10:33:56.445  2550  5183 E ied     : 	at android.content.ContentProviderClient.call(ContentProviderClient.java:601)
05-16 10:33:56.445  2550  5183 E ied     : 	at android.content.ContentProviderClient.call(ContentProviderClient.java:589)
05-16 10:33:56.445  2550  5183 E ied     : 	at android.provider.ContactsContract.nullSafeCall(ContactsContract.java:10308)
05-16 10:33:56.445  2550  5183 E ied     : 	... 20 more
05-16 10:33:56.997  2550  2999 E IPCThreadState: Binder transaction failure: 203258/29202/0
05-16 10:33:56.997  2550  2999 E JavaBinder: !!! FAILED BINDER TRANSACTION !!!  (parcel size = 292)
05-16 10:33:57.000  2550  2999 E ied     : Exception when getting SIM accounts from CP2
05-16 10:33:57.000  2550  2999 E ied     : java.lang.RuntimeException: android.os.DeadObjectException: Transaction failed on small parcel; remote process probably died, but this could also be caused by running out of binder buffer space
05-16 10:33:57.000  2550  2999 E ied     : 	at android.provider.ContactsContract.nullSafeCall(ContactsContract.java:10310)
05-16 10:33:57.000  2550  2999 E ied     : 	at android.provider.ContactsContract.-$$Nest$smnullSafeCall(Unknown Source:0)
05-16 10:33:57.000  2550  2999 E ied     : 	at android.provider.ContactsContract$SimContacts.getSimAccounts(ContactsContract.java:8472)
05-16 10:33:57.000  2550  2999 E ied     : 	at ied.a(PG:1)
05-16 10:33:57.000  2550  2999 E ied     : 	at qcd.c(PG:5)
05-16 10:33:57.000  2550  2999 E ied     : 	at exw.a(PG:13)
05-16 10:33:57.000  2550  2999 E ied     : 	at exv.db(Unknown Source:12)
05-16 10:33:57.000  2550  2999 E ied     : 	at shn.m(PG:5)
05-16 10:33:57.000  2550  2999 E ied     : 	at qby.a(PG:8)
05-16 10:33:57.000  2550  2999 E ied     : 	at smr.H(PG:3)
05-16 10:33:57.000  2550  2999 E ied     : 	at smr.J(PG:4)
05-16 10:33:57.000  2550  2999 E ied     : 	at smr.z(PG:1)
05-16 10:33:57.000  2550  2999 E ied     : 	at smr.w(PG:2)
05-16 10:33:57.000  2550  2999 E ied     : 	at dys.run(PG:5)
05-16 10:33:57.000  2550  2999 E ied     : 	at java.util.concurrent.Executors$RunnableAdapter.call(Executors.java:487)
05-16 10:33:57.000  2550  2999 E ied     : 	at java.util.concurrent.FutureTask.run(FutureTask.java:264)
05-16 10:33:57.000  2550  2999 E ied     : 	at hiq.run(PG:38)
05-16 10:33:57.000  2550  2999 E ied     : 	at java.util.concurrent.ThreadPoolExecutor.runWorker(ThreadPoolExecutor.java:1145)
05-16 10:33:57.000  2550  2999 E ied     : 	at java.util.concurrent.ThreadPoolExecutor$Worker.run(ThreadPoolExecutor.java:644)
05-16 10:33:57.000  2550  2999 E ied     : 	at drk.run(PG:9)
05-16 10:33:57.000  2550  2999 E ied     : 	at java.lang.Thread.run(Thread.java:1012)
05-16 10:33:57.000  2550  2999 E ied     : Caused by: android.os.DeadObjectException: Transaction failed on small parcel; remote process probably died, but this could also be caused by running out of binder buffer space
05-16 10:33:57.000  2550  2999 E ied     : 	at android.os.BinderProxy.transactNative(Native Method)
05-16 10:33:57.000  2550  2999 E ied     : 	at android.os.BinderProxy.transact(BinderProxy.java:584)
05-16 10:33:57.000  2550  2999 E ied     : 	at android.content.ContentProviderProxy.call(ContentProviderNative.java:762)
05-16 10:33:57.000  2550  2999 E ied     : 	at android.content.ContentProviderClient.call(ContentProviderClient.java:601)
05-16 10:33:57.000  2550  2999 E ied     : 	at android.content.ContentProviderClient.call(ContentProviderClient.java:589)
05-16 10:33:57.000  2550  2999 E ied     : 	at android.provider.ContactsContract.nullSafeCall(ContactsContract.java:10308)
05-16 10:33:57.000  2550  2999 E ied     : 	... 20 more
05-16 10:33:58.029  1240  1314 E MDM     : [BaseSitrepChimeraService] No Google accounts; deferring server state update. [CONTEXT service_id=247 ]
05-16 10:33:58.219   538  2264 E ContentProviderHelper: Existing provider com.android.providers.contacts/.ContactsProvider2 is crashing; detaching ProcessRecord{882731d 1676:com.google.android.gms/u0a125}
05-16 10:33:58.266   538   662 E WifiStaIfaceAidlImpl: installApfPacketFilter failed with service-specific exception: android.os.ServiceSpecificException:  (code 4)
05-16 10:33:58.270   538   662 E WifiStaIfaceAidlImpl: setDtimMultiplier failed with service-specific exception: android.os.ServiceSpecificException:  (code 4)
05-16 10:33:58.308  5221  5221 E d.process.acore: Not starting debugger since process cannot load the jdwp agent.
05-16 10:33:58.857  1675  1929 E adservices: AttributionJobService is disabled, skip scheduling
05-16 10:33:58.858  1675  1929 E adservices: DeleteUninstalledJobService is disabled, skip scheduling
05-16 10:33:59.741  5257  5257 E ndBrokerService: Not starting debugger since process cannot load the jdwp agent.
05-16 10:33:59.940  1261  5273 E RoleControllerServiceImpl: Default/fallback role holder package doesn't qualify for the role, package: com.google.android.gms.supervision, role: android.app.role.SYSTEM_SUPERVISION
05-16 10:34:00.041  5257  5277 E SharedPreferencesImpl: Couldn't create directory for SharedPreferences file /data/user_de/0/com.google.android.gms/shared_prefs/init.initialized_version.xml
05-16 10:34:00.141  1240  4905 E jqhm    : *~*~*~ Previous channel {0} was garbage collected without being shut down! ~*~*~*
05-16 10:34:00.141  1240  4905 E jqhm    :     Make sure to call shutdown()/shutdownNow()
05-16 10:34:00.141  1240  4905 E jqhm    : java.lang.RuntimeException: ManagedChannel allocation site
05-16 10:34:00.141  1240  4905 E jqhm    : 	at jqhl.<init>(:com.google.android.gms@261631029@26.16.31 (190400-900800821):21)
05-16 10:34:00.141  1240  4905 E jqhm    : 	at jqhm.<init>(:com.google.android.gms@261631029@26.16.31 (190400-900800821):10)
05-16 10:34:00.141  1240  4905 E jqhm    : 	at jqhk.a(:com.google.android.gms@261631029@26.16.31 (190400-900800821):300)
05-16 10:34:00.141  1240  4905 E jqhm    : 	at jppc.a(:com.google.android.gms@261631029@26.16.31 (190400-900800821):5)
05-16 10:34:00.141  1240  4905 E jqhm    : 	at jpvc.a(:com.google.android.gms@261631029@26.16.31 (190400-900800821):18)
05-16 10:34:00.141  1240  4905 E jqhm    : 	at auzi.c(:com.google.android.gms@261631029@26.16.31 (190400-900800821):69)
05-16 10:34:00.141  1240  4905 E jqhm    : 	at auzi.<init>(:com.google.android.gms@261631029@26.16.31 (190400-900800821):41)
05-16 10:34:00.141  1240  4905 E jqhm    : 	at auxb.b(:com.google.android.gms@261631029@26.16.31 (190400-900800821):20)
05-16 10:34:00.141  1240  4905 E jqhm    : 	at aurq.<init>(:com.google.android.gms@261631029@26.16.31 (190400-900800821):1)
05-16 10:34:00.141  1240  4905 E jqhm    : 	at aurg.f(:com.google.android.gms@261631029@26.16.31 (190400-900800821):34)
05-16 10:34:00.141  1240  4905 E jqhm    : 	at com.google.android.gms.backup.settings.backupnow.RunCustomBackupsIntentOperation.onHandleIntent(:com.google.android.gms@261631029@26.16.31 (190400-900800821):114)
05-16 10:34:00.141  1240  4905 E jqhm    : 	at com.google.android.chimera.IntentOperation.onHandleIntent(:com.google.android.gms@261631029@26.16.31 (190400-900800821):1)
05-16 10:34:00.141  1240  4905 E jqhm    : 	at bcfx.onHandleIntent(:com.google.android.gms@261631029@26.16.31 (190400-900800821):88)
05-16 10:34:00.141  1240  4905 E jqhm    : 	at aasf.run(:com.google.android.gms@261631029@26.16.31 (190400-900800821):58)
05-16 10:34:00.141  1240  4905 E jqhm    : 	at aase.run(:com.google.android.gms@261631029@26.16.31 (190400-900800821):132)
05-16 10:34:00.141  1240  4905 E jqhm    : 	at gzlf.run(:com.google.android.gms@261631029@26.16.31 (190400-900800821):23)
05-16 10:34:00.141  1240  4905 E jqhm    : 	at java.util.concurrent.ThreadPoolExecutor.runWorker(ThreadPoolExecutor.java:1145)
05-16 10:34:00.141  1240  4905 E jqhm    : 	at java.util.concurrent.ThreadPoolExecutor$Worker.run(ThreadPoolExecutor.java:644)
05-16 10:34:00.141  1240  4905 E jqhm    : 	at java.lang.Thread.run(Thread.java:1012)
05-16 10:34:00.141  1240  4905 E jqhm    : *~*~*~ Previous channel {0} was garbage collected without being shut down! ~*~*~*
05-16 10:34:00.141  1240  4905 E jqhm    :     Make sure to call shutdown()/shutdownNow()
05-16 10:34:00.141  1240  4905 E jqhm    : java.lang.RuntimeException: ManagedChannel allocation site
05-16 10:34:00.141  1240  4905 E jqhm    : 	at jqhl.<init>(:com.google.android.gms@261631029@26.16.31 (190400-900800821):21)
05-16 10:34:00.141  1240  4905 E jqhm    : 	at jqhm.<init>(:com.google.android.gms@261631029@26.16.31 (190400-900800821):10)
05-16 10:34:00.141  1240  4905 E jqhm    : 	at jqhk.a(:com.google.android.gms@261631029@26.16.31 (190400-900800821):300)
05-16 10:34:00.141  1240  4905 E jqhm    : 	at jppc.a(:com.google.android.gms@261631029@26.16.31 (190400-900800821):5)
05-16 10:34:00.141  1240  4905 E jqhm    : 	at jpvc.a(:com.google.android.gms@261631029@26.16.31 (190400-900800821):18)
05-16 10:34:00.141  1240  4905 E jqhm    : 	at auzi.c(:com.google.android.gms@261631029@26.16.31 (190400-900800821):69)
05-16 10:34:00.141  1240  4905 E jqhm    : 	at auzi.<init>(:com.google.android.gms@261631029@26.16.31 (190400-900800821):60)
05-16 10:34:00.141  1240  4905 E jqhm    : 	at auxb.b(:com.google.android.gms@261631029@26.16.31 (190400-900800821):20)
05-16 10:34:00.141  1240  4905 E jqhm    : 	at aurq.<init>(:com.google.android.gms@261631029@26.16.31 (190400-900800821):1)
05-16 10:34:00.141  1240  4905 E jqhm    : 	at aurg.f(:com.google.android.gms@261631029@26.16.31 (190400-900800821):34)
05-16 10:34:00.141  1240  4905 E jqhm    : 	at com.google.android.gms.backup.settings.backupnow.RunCustomBackupsIntentOperation.onHandleIntent(:com.google.android.gms@261631029@26.16.31 (190400-900800821):114)
05-16 10:34:00.141  1240  4905 E jqhm    : 	at com.google.android.chimera.IntentOperation.onHandleIntent(:com.google.android.gms@261631029@26.16.31 (190400-900800821):1)
05-16 10:34:00.141  1240  4905 E jqhm    : 	at bcfx.onHandleIntent(:com.google.android.gms@261631029@26.16.31 (190400-900800821):88)
05-16 10:34:00.141  1240  4905 E jqhm    : 	at aasf.run(:com.google.android.gms@261631029@26.16.31 (190400-900800821):58)
05-16 10:34:00.141  1240  4905 E jqhm    : 	at aase.run(:com.google.android.gms@261631029@26.16.31 (190400-900800821):132)
05-16 10:34:00.141  1240  4905 E jqhm    : 	at gzlf.run(:com.google.android.gms@261631029@26.16.31 (190400-900800821):23)
05-16 10:34:00.141  1240  4905 E jqhm    : 	at java.util.concurrent.ThreadPoolExecutor.runWorker(ThreadPoolExecutor.java:1145)
05-16 10:34:00.141  1240  4905 E jqhm    : 	at java.util.concurrent.ThreadPoolExecutor$Worker.run(ThreadPoolExecutor.java:644)
05-16 10:34:00.141  1240  4905 E jqhm    : 	at java.lang.Thread.run(Thread.java:1012)
05-16 10:34:00.141  1240  4905 E jqhm    : *~*~*~ Previous channel {0} was garbage collected without being shut down! ~*~*~*
05-16 10:34:00.141  1240  4905 E jqhm    :     Make sure to call shutdown()/shutdownNow()
05-16 10:34:00.141  1240  4905 E jqhm    : java.lang.RuntimeException: ManagedChannel allocation site
05-16 10:34:00.141  1240  4905 E jqhm    : 	at jqhl.<init>(:com.google.android.gms@261631029@26.16.31 (190400-900800821):21)
05-16 10:34:00.141  1240  4905 E jqhm    : 	at jqhm.<init>(:com.google.android.gms@261631029@26.16.31 (190400-900800821):10)
05-16 10:34:00.141  1240  4905 E jqhm    : 	at jqhk.a(:com.google.android.gms@261631029@26.16.31 (190400-900800821):300)
05-16 10:34:00.141  1240  4905 E jqhm    : 	at jppc.a(:com.google.android.gms@261631029@26.16.31 (190400-900800821):5)
05-16 10:34:00.141  1240  4905 E jqhm    : 	at jpvc.a(:com.google.android.gms@261631029@26.16.31 (190400-900800821):18)
05-16 10:34:00.141  1240  4905 E jqhm    : 	at auzi.c(:com.google.android.gms@261631029@26.16.31 (190400-900800821):69)
05-16 10:34:00.141  1240  4905 E jqhm    : 	at auzi.<init>(:com.google.android.gms@261631029@26.16.31 (190400-900800821):20)
05-16 10:34:00.141  1240  4905 E jqhm    : 	at auxb.b(:com.google.android.gms@261631029@26.16.31 (190400-900800821):20)
05-16 10:34:00.141  1240  4905 E jqhm    : 	at aurq.<init>(:com.google.android.gms@261631029@26.16.31 (190400-900800821):1)
05-16 10:34:00.141  1240  4905 E jqhm    : 	at aurg.f(:com.google.android.gms@261631029@26.16.31 (190400-900800821):34)
05-16 10:34:00.141  1240  4905 E jqhm    : 	at com.google.android.gms.backup.settings.backupnow.RunCustomBackupsIntentOperation.onHandleIntent(:com.google.android.gms@261631029@26.16.31 (190400-900800821):114)
05-16 10:34:00.141  1240  4905 E jqhm    : 	at com.google.android.chimera.IntentOperation.onHandleIntent(:com.google.android.gms@261631029@26.16.31 (190400-900800821):1)
05-16 10:34:00.141  1240  4905 E jqhm    : 	at bcfx.onHandleIntent(:com.google.android.gms@261631029@26.16.31 (190400-900800821):88)
05-16 10:34:00.141  1240  4905 E jqhm    : 	at aasf.run(:com.google.android.gms@261631029@26.16.31 (190400-900800821):58)
05-16 10:34:00.141  1240  4905 E jqhm    : 	at aase.run(:com.google.android.gms@261631029@26.16.31 (190400-900800821):132)
05-16 10:34:00.141  1240  4905 E jqhm    : 	at gzlf.run(:com.google.android.gms@261631029@26.16.31 (190400-900800821):23)
05-16 10:34:00.141  1240  4905 E jqhm    : 	at java.util.concurrent.ThreadPoolExecutor.runWorker(ThreadPoolExecutor.java:1145)
05-16 10:34:00.141  1240  4905 E jqhm    : 	at java.util.concurrent.ThreadPoolExecutor$Worker.run(ThreadPoolExecutor.java:644)
05-16 10:34:00.141  1240  4905 E jqhm    : 	at java.lang.Thread.run(Thread.java:1012)
05-16 10:34:00.576   538  1041 E JobScheduler.JobStatus: App com.google.android.contacts became active but still in NEVER bucket
05-16 10:34:00.986  1591  2826 E SingleDataFileGroupPop: Failed to add file group 
05-16 10:34:01.029  1591  2826 E PhFileGroupPop: Failed to add file group 
05-16 10:34:01.029  1591  2826 E PhFileGroupPop: Failed to add file group 
05-16 10:34:01.030  1591  2826 E PhFileGroupPop: Failed to add file group 
05-16 10:34:01.030  1591  2826 E PhFileGroupPop: Failed to add file group 
05-16 10:34:01.030  1591  2826 E PhFileGroupPop: Failed to add file group 
05-16 10:34:01.030  1591  2826 E PhFileGroupPop: Failed to add file group 
05-16 10:34:01.047  1591  2826 E com.google.common.w.a.d: RuntimeException while executing runnable cc{com.google.apps.tiktok.tracing.ff@5b3e2f2} with executor MoreExecutors.directExecutor()
05-16 10:34:01.047  1591  2826 E com.google.common.w.a.d: java.lang.NullPointerException: Attempt to read from field 'java.lang.String com.google.android.libraries.mdi.download.an.b' on a null object reference in method 'void com.google.android.libraries.mdi.download.h.ba.onSuccess(java.lang.Object)'
05-16 10:34:01.047  1591  2826 E com.google.common.w.a.d: 	at com.google.android.libraries.mdi.download.h.ba.onSuccess(PG:2)
05-16 10:34:01.047  1591  2826 E com.google.common.w.a.d: 	at com.google.apps.tiktok.tracing.ff.onSuccess(PG:3)
05-16 10:34:01.047  1591  2826 E com.google.common.w.a.d: 	at com.google.common.w.a.cc.run(PG:7)
05-16 10:34:01.047  1591  2826 E com.google.common.w.a.d: 	at com.google.common.w.a.bg.execute(PG:1)
05-16 10:34:01.047  1591  2826 E com.google.common.w.a.d: 	at com.google.common.w.a.d.i(PG:1)
05-16 10:34:01.047  1591  2826 E com.google.common.w.a.d: 	at com.google.common.w.a.d.b(PG:5)
05-16 10:34:01.047  1591  2826 E com.google.common.w.a.d: 	at com.google.common.w.a.cj.t(PG:1)
05-16 10:34:01.047  1591  2826 E com.google.common.w.a.d: 	at com.google.android.libraries.mdi.download.h.be.b(PG:26)
05-16 10:34:01.047  1591  2826 E com.google.common.w.a.d: 	at com.google.android.libraries.mdi.download.hs.u(PG:3)
05-16 10:34:01.047  1591  2826 E com.google.common.w.a.d: 	at com.google.android.libraries.mdi.download.hh.apply(Unknown Source:4)
05-16 10:34:01.047  1591  2826 E com.google.common.w.a.d: 	at com.google.apps.tiktok.tracing.ew.apply(PG:3)
05-16 10:34:01.047  1591  2826 E com.google.common.w.a.d: 	at com.google.common.w.a.h.e(PG:2)
05-16 10:34:01.047  1591  2826 E com.google.common.w.a.d: 	at com.google.common.w.a.j.run(PG:9)
05-16 10:34:01.047  1591  2826 E com.google.common.w.a.d: 	at com.google.common.w.a.dq.run(PG:4)
05-16 10:34:01.047  1591  2826 E com.google.common.w.a.d: 	at com.google.android.libraries.i.z.run(PG:1)
05-16 10:34:01.047  1591  2826 E com.google.common.w.a.d: 	at java.util.concurrent.ThreadPoolExecutor.runWorker(ThreadPoolExecutor.java:1145)
05-16 10:34:01.047  1591  2826 E com.google.common.w.a.d: 	at java.util.concurrent.ThreadPoolExecutor$Worker.run(ThreadPoolExecutor.java:644)
05-16 10:34:01.047  1591  2826 E com.google.common.w.a.d: 	at com.google.android.libraries.i.d.run(PG:2)
05-16 10:34:01.047  1591  2826 E com.google.common.w.a.d: 	at java.lang.Thread.run(Thread.java:1012)
05-16 10:34:01.047  1591  2826 E com.google.common.w.a.d: 	at com.google.android.libraries.i.ai.run(PG:5)
05-16 10:34:01.047  1591  2826 E PhFileGroupPop: Failed to add file group 
05-16 10:34:01.047  1591  2826 E PhFileGroupPop: Failed to add file group 
05-16 10:34:01.047  1591  2826 E PhFileGroupPop: Failed to add file group 
05-16 10:34:01.188   538   662 E WifiStaIfaceAidlImpl: installApfPacketFilter failed with service-specific exception: android.os.ServiceSpecificException:  (code 4)
05-16 10:34:01.188   538   662 E WifiStaIfaceAidlImpl: setDtimMultiplier failed with service-specific exception: android.os.ServiceSpecificException:  (code 4)
05-16 10:34:01.343  1591  1920 E MDD     : DownloadProgressMonitor: Can't find file group for uri: android://com.google.android.googlequicksearchbox/files/datadownload/shared/public/datadownloadfile_1778496938338
05-16 10:34:01.351  1240  1314 E MDM     : [BaseSitrepChimeraService] No Google accounts; deferring server state update. [CONTEXT service_id=247 ]
05-16 10:34:01.369  1591  1884 E MDD     : DownloadProgressMonitor: Can't find file group for uri: android://com.google.android.googlequicksearchbox/files/datadownload/shared/public/datadownloadfile_1778496938337
05-16 10:34:01.538  1591  2394 E MDD     : DownloadProgressMonitor: Can't find file group for uri: android://com.google.android.googlequicksearchbox/files/datadownload/shared/public/datadownloadfile_1778496938339_1d48ae4b292cd15bc945ae5ddedb9565d268f7e2
05-16 10:34:04.009  1591  1920 E MDD     : DownloadProgressMonitor: Can't find file group for uri: android://com.google.android.googlequicksearchbox/files/datadownload/shared/public/datadownloadfile_1778496938340_a64a3f98d26fa7e7180cd6d29bf44fced216fc32
05-16 10:34:04.278  1591  2826 E MDD     : DownloadProgressMonitor: Can't find file group for uri: android://com.google.android.googlequicksearchbox/files/datadownload/shared/public/datadownloadfile_1778496938341_5e9da2701f510020f2592c1e5b468922569445d7
05-16 10:34:04.365  1591  2394 E MDD     : DownloadProgressMonitor: Can't find file group for uri: android://com.google.android.googlequicksearchbox/files/datadownload/shared/public/datadownloadfile_1778496938342_b56351a773b9354cf1ebcacf86f309b6489173ac
05-16 10:34:06.179  1591  1884 E SingleDataFileGroupPop: Failed to add file group 
05-16 10:34:06.179  1591  1884 E PhFileGroupPop: Failed to add file group 
05-16 10:34:06.179  1591  1884 E PhFileGroupPop: Failed to add file group 
05-16 10:34:06.179  1591  1884 E PhFileGroupPop: Failed to add file group 
05-16 10:34:06.179  1591  1884 E PhFileGroupPop: Failed to add file group 
05-16 10:34:06.180  1591  1884 E PhFileGroupPop: Failed to add file group 
05-16 10:34:06.180  1591  1884 E PhFileGroupPop: Failed to add file group 
05-16 10:34:06.180  1591  1884 E com.google.common.w.a.d: RuntimeException while executing runnable cc{com.google.apps.tiktok.tracing.ff@6341dad} with executor MoreExecutors.directExecutor()
05-16 10:34:06.180  1591  1884 E com.google.common.w.a.d: java.lang.NullPointerException: Attempt to read from field 'java.lang.String com.google.android.libraries.mdi.download.an.b' on a null object reference in method 'void com.google.android.libraries.mdi.download.h.ba.onSuccess(java.lang.Object)'
05-16 10:34:06.180  1591  1884 E com.google.common.w.a.d: 	at com.google.android.libraries.mdi.download.h.ba.onSuccess(PG:2)
05-16 10:34:06.180  1591  1884 E com.google.common.w.a.d: 	at com.google.apps.tiktok.tracing.ff.onSuccess(PG:3)
05-16 10:34:06.180  1591  1884 E com.google.common.w.a.d: 	at com.google.common.w.a.cc.run(PG:7)
05-16 10:34:06.180  1591  1884 E com.google.common.w.a.d: 	at com.google.common.w.a.bg.execute(PG:1)
05-16 10:34:06.180  1591  1884 E com.google.common.w.a.d: 	at com.google.common.w.a.d.i(PG:1)
05-16 10:34:06.180  1591  1884 E com.google.common.w.a.d: 	at com.google.common.w.a.d.b(PG:5)
05-16 10:34:06.180  1591  1884 E com.google.common.w.a.d: 	at com.google.common.w.a.cj.t(PG:1)
05-16 10:34:06.180  1591  1884 E com.google.common.w.a.d: 	at com.google.android.libraries.mdi.download.h.be.b(PG:26)
05-16 10:34:06.180  1591  1884 E com.google.common.w.a.d: 	at com.google.android.libraries.mdi.download.hs.u(PG:3)
05-16 10:34:06.180  1591  1884 E com.google.common.w.a.d: 	at com.google.android.libraries.mdi.download.hh.apply(Unknown Source:4)
05-16 10:34:06.180  1591  1884 E com.google.common.w.a.d: 	at com.google.apps.tiktok.tracing.ew.apply(PG:3)
05-16 10:34:06.180  1591  1884 E com.google.common.w.a.d: 	at com.google.common.w.a.h.e(PG:2)
05-16 10:34:06.180  1591  1884 E com.google.common.w.a.d: 	at com.google.common.w.a.j.run(PG:9)
05-16 10:34:06.180  1591  1884 E com.google.common.w.a.d: 	at com.google.common.w.a.dq.run(PG:4)
05-16 10:34:06.180  1591  1884 E com.google.common.w.a.d: 	at com.google.android.libraries.i.z.run(PG:1)
05-16 10:34:06.180  1591  1884 E com.google.common.w.a.d: 	at java.util.concurrent.ThreadPoolExecutor.runWorker(ThreadPoolExecutor.java:1145)
05-16 10:34:06.180  1591  1884 E com.google.common.w.a.d: 	at java.util.concurrent.ThreadPoolExecutor$Worker.run(ThreadPoolExecutor.java:644)
05-16 10:34:06.180  1591  1884 E com.google.common.w.a.d: 	at com.google.android.libraries.i.d.run(PG:2)
05-16 10:34:06.180  1591  1884 E com.google.common.w.a.d: 	at java.lang.Thread.run(Thread.java:1012)
05-16 10:34:06.180  1591  1884 E com.google.common.w.a.d: 	at com.google.android.libraries.i.ai.run(PG:5)
05-16 10:34:06.180  1591  1884 E PhFileGroupPop: Failed to add file group 
05-16 10:34:06.180  1591  1884 E PhFileGroupPop: Failed to add file group 
05-16 10:34:06.180  1591  1884 E PhFileGroupPop: Failed to add file group 
05-16 10:34:07.295  1591  1591 E A       : onError
05-16 10:34:07.295  1591  1591 E A       : com.google.android.apps.gsa.shared.speech.a.m: errorCode: 65561, engine: 2
05-16 10:34:07.295  1591  1591 E A       : 	at com.google.android.apps.gsa.staticplugins.da.a.f.a(PG:3)
05-16 10:34:07.295  1591  1591 E A       : 	at com.google.android.apps.gsa.s3.o.gO(PG:1)
05-16 10:34:07.295  1591  1591 E A       : 	at com.google.cc.g.a.f.e(PG:2)
05-16 10:34:07.295  1591  1591 E A       : 	at com.google.android.apps.gsa.speech.k.a.g.d(PG:22)
05-16 10:34:07.295  1591  1591 E A       : 	at com.google.android.apps.gsa.speech.k.a.g.jB(PG:6)
05-16 10:34:07.295  1591  1591 E A       : 	at com.google.android.apps.gsa.s3.p.c(PG:14)
05-16 10:34:07.295  1591  1591 E A       : 	at com.google.android.apps.gsa.s3.q.run(PG:1)
05-16 10:34:07.295  1591  1591 E A       : 	at java.util.concurrent.Executors$RunnableAdapter.call(Executors.java:487)
05-16 10:34:07.295  1591  1591 E A       : 	at java.util.concurrent.FutureTask.run(FutureTask.java:264)
05-16 10:34:07.295  1591  1591 E A       : 	at com.google.android.apps.gsa.shared.util.c.a.e.run(PG:2)
05-16 10:34:07.295  1591  1591 E A       : 	at com.google.android.apps.gsa.shared.util.c.a.bi.run(PG:1)
05-16 10:34:07.295  1591  1591 E A       : 	at com.google.android.apps.gsa.shared.util.c.a.bi.run(PG:1)
05-16 10:34:07.295  1591  1591 E A       : 	at java.util.concurrent.ThreadPoolExecutor.runWorker(ThreadPoolExecutor.java:1145)
05-16 10:34:07.295  1591  1591 E A       : 	at java.util.concurrent.ThreadPoolExecutor$Worker.run(ThreadPoolExecutor.java:644)
05-16 10:34:07.295  1591  1591 E A       : 	at java.lang.Thread.run(Thread.java:1012)
05-16 10:34:07.295  1591  1591 E A       : 	at com.google.android.apps.gsa.shared.util.c.a.l.run(PG:5)
05-16 10:34:07.295  1591  1591 E A       : Caused by: com.google.android.apps.gsa.shared.speech.a.o: errorCode: 65586, engine: 2
05-16 10:34:07.295  1591  1591 E A       : 	... 15 more
05-16 10:34:07.295  1591  1591 E A       : Caused by: com.google.android.apps.gsa.shared.speech.a.k: errorCode: 401, engine: 2
05-16 10:34:07.295  1591  1591 E A       : 	at com.google.android.apps.gsa.assistant.shared.n.h.a(PG:5)
05-16 10:34:07.295  1591  1591 E A       : 	at com.google.android.apps.gsa.s3.producers.j.hh(PG:2)
05-16 10:34:07.295  1591  1591 E A       : 	at com.google.android.apps.gsa.speech.k.a.g.d(PG:16)
05-16 10:34:07.295  1591  1591 E A       : 	... 12 more
05-16 10:34:07.386   538   662 E WifiStaIfaceAidlImpl: installApfPacketFilter failed with service-specific exception: android.os.ServiceSpecificException:  (code 4)
05-16 10:34:07.389   538   662 E WifiStaIfaceAidlImpl: setDtimMultiplier failed with service-specific exception: android.os.ServiceSpecificException:  (code 4)
05-16 10:34:10.420   538   662 E WifiStaIfaceAidlImpl: installApfPacketFilter failed with service-specific exception: android.os.ServiceSpecificException:  (code 4)
05-16 10:34:10.421   538   662 E WifiStaIfaceAidlImpl: setDtimMultiplier failed with service-specific exception: android.os.ServiceSpecificException:  (code 4)
05-16 10:34:13.779   538   593 E PackageInstallerSession: mUserActionRequired should not be null.
05-16 10:34:13.783   538   593 E PackageInstallerSession: mUserActionRequired should not be null.
05-16 10:34:14.280   538   564 E libprocessgroup: No such cgroup attribute: /sys/fs/cgroup/uid_4294877446/cgroup.freeze
05-16 10:34:14.318   538   587 E PackageManager: Shared lib without setting: SharedLibraryInfo{name:com.google.android.trichromelibrary, type:static, version:777816733}
05-16 10:34:14.319   538   564 E libprocessgroup: No such cgroup attribute: /sys/fs/cgroup/uid_4294877446/cgroup.freeze
05-16 10:34:14.656   538   587 E PackageManager: Shared lib without setting: SharedLibraryInfo{name:com.google.android.trichromelibrary, type:static, version:777816733}
05-16 10:34:16.016  1261  5366 E BackupHelper: Could not parse delayed permissions
05-16 10:34:16.016  1261  5366 E BackupHelper: java.io.FileNotFoundException: /data/user_de/0/com.google.android.permissioncontroller/files/delayed_restore_permissions.xml: open failed: ENOENT (No such file or directory)
05-16 10:34:16.016  1261  5366 E BackupHelper: 	at libcore.io.IoBridge.open(IoBridge.java:574)
05-16 10:34:16.016  1261  5366 E BackupHelper: 	at java.io.FileInputStream.<init>(FileInputStream.java:160)
05-16 10:34:16.016  1261  5366 E BackupHelper: 	at android.app.ContextImpl.openFileInput(ContextImpl.java:745)
05-16 10:34:16.016  1261  5366 E BackupHelper: 	at com.android.permissioncontroller.permission.service.BackupHelper.restoreDelayedState(BackupHelper.java:409)
05-16 10:34:16.016  1261  5366 E BackupHelper: 	at com.android.permissioncontroller.permission.service.PermissionControllerServiceImpl.onRestoreDelayedRuntimePermissionsBackup(PermissionControllerServiceImpl.java:426)
05-16 10:34:16.016  1261  5366 E BackupHelper: 	at com.android.permissioncontroller.permission.service.PermissionControllerServiceImpl.lambda$onApplyStagedRuntimePermissionBackup$4(PermissionControllerServiceImpl.java:420)
05-16 10:34:16.016  1261  5366 E BackupHelper: 	at com.android.permissioncontroller.permission.service.PermissionControllerServiceImpl.$r8$lambda$tLRxnveBSElsWBMXSZfvxMhS6zQ(PermissionControllerServiceImpl.java:0)
05-16 10:34:16.016  1261  5366 E BackupHelper: 	at com.android.permissioncontroller.permission.service.PermissionControllerServiceImpl$$ExternalSyntheticLambda10.run(R8$$SyntheticClass:0)
05-16 10:34:16.016  1261  5366 E BackupHelper: 	at android.os.AsyncTask$SerialExecutor$1.run(AsyncTask.java:305)
05-16 10:34:16.016  1261  5366 E BackupHelper: 	at java.util.concurrent.ThreadPoolExecutor.runWorker(ThreadPoolExecutor.java:1145)
05-16 10:34:16.016  1261  5366 E BackupHelper: 	at java.util.concurrent.ThreadPoolExecutor$Worker.run(ThreadPoolExecutor.java:644)
05-16 10:34:16.016  1261  5366 E BackupHelper: 	at java.lang.Thread.run(Thread.java:1012)
05-16 10:34:16.016  1261  5366 E BackupHelper: Caused by: android.system.ErrnoException: open failed: ENOENT (No such file or directory)
05-16 10:34:16.016  1261  5366 E BackupHelper: 	at libcore.io.Linux.open(Native Method)
05-16 10:34:16.016  1261  5366 E BackupHelper: 	at libcore.io.ForwardingOs.open(ForwardingOs.java:563)
05-16 10:34:16.016  1261  5366 E BackupHelper: 	at libcore.io.BlockGuardOs.open(BlockGuardOs.java:274)
05-16 10:34:16.016  1261  5366 E BackupHelper: 	at libcore.io.ForwardingOs.open(ForwardingOs.java:563)
05-16 10:34:16.016  1261  5366 E BackupHelper: 	at android.app.ActivityThread$AndroidOs.open(ActivityThread.java:8063)
05-16 10:34:16.016  1261  5366 E BackupHelper: 	at libcore.io.IoBridge.open(IoBridge.java:560)
05-16 10:34:16.016  1261  5366 E BackupHelper: 	... 11 more
05-16 10:34:16.089   538   675 E AppOps  : attributionTag VCN not declared in manifest of android
05-16 10:34:16.111   538   675 E AppOps  : attributionTag VCN not declared in manifest of android
05-16 10:34:16.111   538   675 E AppOps  : attributionTag VCN not declared in manifest of android
05-16 10:34:16.232  5372  5372 E .android.chrome: Not starting debugger since process cannot load the jdwp agent.
05-16 10:34:16.255   538   538 E AppOps  : Bad call made by uid 1000. Package "android" does not belong to uid 1037.
05-16 10:34:16.264  1261  5380 E RoleControllerServiceImpl: Default/fallback role holder package doesn't qualify for the role, package: com.google.android.gms.supervision, role: android.app.role.SYSTEM_SUPERVISION
05-16 10:34:16.270   538   538 E AppOps  : Cannot checkOperation
05-16 10:34:16.270   538   538 E AppOps  : java.lang.SecurityException: Specified package "android" under uid 1037 but it is not
05-16 10:34:16.270   538   538 E AppOps  : 	at com.android.server.appop.AppOpsService.verifyAndGetBypass(AppOpsService.java:3886)
05-16 10:34:16.270   538   538 E AppOps  : 	at com.android.server.appop.AppOpsService.verifyAndGetBypass(AppOpsService.java:3746)
05-16 10:34:16.270   538   538 E AppOps  : 	at com.android.server.appop.AppOpsService.verifyAndGetBypass(AppOpsService.java:3738)
05-16 10:34:16.270   538   538 E AppOps  : 	at com.android.server.appop.AppOpsService.checkOperationUnchecked(AppOpsService.java:2417)
05-16 10:34:16.270   538   538 E AppOps  : 	at com.android.server.appop.AppOpsService.checkOperationImpl(AppOpsService.java:2400)
05-16 10:34:16.270   538   538 E AppOps  : 	at com.android.server.appop.AppOpsService.-$$Nest$mcheckOperationImpl(AppOpsService.java:0)
05-16 10:34:16.270   538   538 E AppOps  : 	at com.android.server.appop.AppOpsService$CheckOpsDelegateDispatcher.$r8$lambda$fx57Sum-uA3sXo7NCFwrI3iq4WM(AppOpsService.java:0)
05-16 10:34:16.270   538   538 E AppOps  : 	at com.android.server.appop.AppOpsService$CheckOpsDelegateDispatcher$$ExternalSyntheticLambda9.apply(R8$$SyntheticClass:0)
05-16 10:34:16.270   538   538 E AppOps  : 	at com.android.server.policy.AppOpsPolicy.checkOperation(AppOpsPolicy.java:221)
05-16 10:34:16.270   538   538 E AppOps  : 	at com.android.server.appop.AppOpsService$CheckOpsDelegateDispatcher.checkOperation(AppOpsService.java:6389)
05-16 10:34:16.270   538   538 E AppOps  : 	at com.android.server.appop.AppOpsService.checkOperation(AppOpsService.java:2385)
05-16 10:34:16.270   538   538 E AppOps  : 	at com.android.server.StorageManagerService$StorageManagerInternalImpl.hasExternalStorageAccess(StorageManagerService.java:4717)
05-16 10:34:16.270   538   538 E AppOps  : 	at com.android.server.am.ProcessList.startProcessLocked(ProcessList.java:1778)
05-16 10:34:16.270   538   538 E AppOps  : 	at com.android.server.am.ProcessList.startProcessLocked(ProcessList.java:2483)
05-16 10:34:16.270   538   538 E AppOps  : 	at com.android.server.am.ProcessList.startProcessLocked(ProcessList.java:2628)
05-16 10:34:16.270   538   538 E AppOps  : 	at com.android.server.am.ActivityManagerService.startIsolatedProcess(ActivityManagerService.java:2894)
05-16 10:34:16.270   538   538 E AppOps  : 	at com.android.server.am.ActivityManagerService$LocalService.startIsolatedProcess(ActivityManagerService.java:17372)
05-16 10:34:16.270   538   538 E AppOps  : 	at android.webkit.WebViewLibraryLoader.createRelroFile(WebViewLibraryLoader.java:126)
05-16 10:34:16.270   538   538 E AppOps  : 	at android.webkit.WebViewLibraryLoader.createRelros(WebViewLibraryLoader.java:170)
05-16 10:34:16.270   538   538 E AppOps  : 	at android.webkit.WebViewLibraryLoader.prepareNativeLibraries(WebViewLibraryLoader.java:152)
05-16 10:34:16.270   538   538 E AppOps  : 	at android.webkit.WebViewFactory.onWebViewProviderChanged(WebViewFactory.java:555)
05-16 10:34:16.270   538   538 E AppOps  : 	at com.android.server.webkit.SystemImpl.onWebViewProviderChanged(SystemImpl.java:174)
05-16 10:34:16.270   538   538 E AppOps  : 	at com.android.server.webkit.WebViewUpdateServiceImpl.onWebViewProviderChanged(WebViewUpdateServiceImpl.java:351)
05-16 10:34:16.270   538   538 E AppOps  : 	at com.android.server.webkit.WebViewUpdateServiceImpl.packageStateChanged(WebViewUpdateServiceImpl.java:145)
05-16 10:34:16.270   538   538 E AppOps  : 	at com.android.server.webkit.WebViewUpdateService$1.onReceive(WebViewUpdateService.java:88)
05-16 10:34:16.270   538   538 E AppOps  : 	at android.app.LoadedApk$ReceiverDispatcher$Args.lambda$getRunnable$0(LoadedApk.java:1802)
05-16 10:34:16.270   538   538 E AppOps  : 	at android.app.LoadedApk$ReceiverDispatcher$Args.$r8$lambda$gDuJqgxY6Zb-ifyeubKeivTLAwk(Unknown Source:0)
05-16 10:34:16.270   538   538 E AppOps  : 	at android.app.LoadedApk$ReceiverDispatcher$Args$$ExternalSyntheticLambda0.run(Unknown Source:2)
05-16 10:34:16.270   538   538 E AppOps  : 	at android.os.Handler.handleCallback(Handler.java:958)
05-16 10:34:16.270   538   538 E AppOps  : 	at android.os.Handler.dispatchMessage(Handler.java:99)
05-16 10:34:16.270   538   538 E AppOps  : 	at android.os.Looper.loopOnce(Looper.java:205)
05-16 10:34:16.270   538   538 E AppOps  : 	at android.os.Looper.loop(Looper.java:294)
05-16 10:34:16.270   538   538 E AppOps  : 	at com.android.server.SystemServer.run(SystemServer.java:970)
05-16 10:34:16.270   538   538 E AppOps  : 	at com.android.server.SystemServer.main(SystemServer.java:664)
05-16 10:34:16.270   538   538 E AppOps  : 	at java.lang.reflect.Method.invoke(Native Method)
05-16 10:34:16.270   538   538 E AppOps  : 	at com.android.internal.os.RuntimeInit$MethodAndArgsCaller.run(RuntimeInit.java:552)
05-16 10:34:16.270   538   538 E AppOps  : 	at com.android.internal.os.ZygoteInit.main(ZygoteInit.java:949)
05-16 10:34:16.338  5389  5389 E WebViewLoader-a: Not starting debugger since process cannot load the jdwp agent.
05-16 10:34:16.339  1487  1510 E native  : E0000 00:00:1778907856.325991    1510 mmap.cc:233] Error during Unmap / munmap: Invalid argument
05-16 10:34:16.852   538   563 E system_server: No package ID 7f found for resource ID 0x7f090784.
05-16 10:34:16.852   538   563 E system_server: No package ID 7f found for resource ID 0x7f140b51.
05-16 10:34:16.852   538   563 E system_server: No package ID 7f found for resource ID 0x7f090783.
05-16 10:34:16.852   538   563 E system_server: No package ID 7f found for resource ID 0x7f140200.
05-16 10:34:16.852   538   563 E system_server: No package ID 7f found for resource ID 0x7f140b4f.
05-16 10:34:16.852   538   563 E system_server: No package ID 7f found for resource ID 0x7f140756.
05-16 10:34:16.852   538   563 E ShortcutService: Ignoring excessive intent tag.
05-16 10:34:17.026   538   563 E system_server: No package ID 7f found for resource ID 0x7f090784.
05-16 10:34:17.026   538   563 E system_server: No package ID 7f found for resource ID 0x7f140b51.
05-16 10:34:17.026   538   563 E system_server: No package ID 7f found for resource ID 0x7f090783.
05-16 10:34:17.026   538   563 E system_server: No package ID 7f found for resource ID 0x7f140200.
05-16 10:34:17.026   538   563 E system_server: No package ID 7f found for resource ID 0x7f140b4f.
05-16 10:34:17.026   538   563 E system_server: No package ID 7f found for resource ID 0x7f140756.
05-16 10:34:17.026   538   563 E ShortcutService: Ignoring excessive intent tag.
05-16 10:34:17.617  3893  4108 E Finsky:background: [62] RM: no data for ID, not removing
05-16 10:34:17.617  3893  4108 E Finsky:background: [62] RM: no data for ID, not removing
05-16 10:34:17.617  3893  4108 E Finsky:background: [62] RM: no data for ID, not removing
05-16 10:34:17.617  3893  4108 E Finsky:background: [62] RM: no data for ID, not removing
05-16 10:34:17.617  3893  4108 E Finsky:background: [62] RM: no data for ID, not removing
05-16 10:34:17.617  3893  4108 E Finsky:background: [62] RM: no data for ID, not removing
05-16 10:34:17.617  3893  4108 E Finsky:background: [62] RM: no data for ID, not removing
05-16 10:34:17.617  3893  4108 E Finsky:background: [62] RM: no data for ID, not removing
05-16 10:34:17.617  3893  4108 E Finsky:background: [62] RM: no data for ID, not removing
05-16 10:34:17.617  3893  4108 E Finsky:background: [62] RM: no data for ID, not removing
05-16 10:34:17.617  3893  4108 E Finsky:background: [62] RM: no data for ID, not removing
05-16 10:34:17.617  3893  4108 E Finsky:background: [62] RM: no data for ID, not removing
05-16 10:34:17.617  3893  4108 E Finsky:background: [62] RM: no data for ID, not removing
05-16 10:34:17.617  3893  4108 E Finsky:background: [62] RM: no data for ID, not removing
05-16 10:34:17.870   538   564 E libprocessgroup: No such cgroup attribute: /sys/fs/cgroup/uid_4294877417/cgroup.freeze
05-16 10:34:17.871   538   564 E libprocessgroup: No such cgroup attribute: /sys/fs/cgroup/uid_4294877417/cgroup.freeze
05-16 10:34:19.492  2803  3268 E Finsky  : [59] [Counters] attempted to use a non-positive increment for: 4752
05-16 10:34:19.961  1591  1591 E A       : (REDACTED) Task %s failed or timed out. Client %d disconnecting from SearchService!
05-16 10:34:19.961  1591  1591 E A       : java.util.concurrent.CancellationException: Task was cancelled.
05-16 10:34:19.961  1591  1591 E A       : 	at com.google.common.w.a.d.s(PG:3)
05-16 10:34:19.961  1591  1591 E A       : 	at com.google.common.w.a.d.get(PG:4)
05-16 10:34:19.961  1591  1591 E A       : 	at com.google.common.w.a.ee.a(PG:1)
05-16 10:34:19.961  1591  1591 E A       : 	at com.google.common.w.a.cj.r(PG:2)
05-16 10:34:19.961  1591  1591 E A       : 	at com.google.common.w.a.cc.run(PG:4)
05-16 10:34:19.961  1591  1591 E A       : 	at com.google.android.apps.gsa.shared.util.c.a.ba.run(PG:1)
05-16 10:34:19.961  1591  1591 E A       : 	at android.os.Handler.handleCallback(Handler.java:958)
05-16 10:34:19.961  1591  1591 E A       : 	at android.os.Handler.dispatchMessage(Handler.java:99)
05-16 10:34:19.961  1591  1591 E A       : 	at android.os.Looper.loopOnce(Looper.java:205)
05-16 10:34:19.961  1591  1591 E A       : 	at android.os.Looper.loop(Looper.java:294)
05-16 10:34:19.961  1591  1591 E A       : 	at android.app.ActivityThread.main(ActivityThread.java:8177)
05-16 10:34:19.961  1591  1591 E A       : 	at java.lang.reflect.Method.invoke(Native Method)
05-16 10:34:19.961  1591  1591 E A       : 	at com.android.internal.os.RuntimeInit$MethodAndArgsCaller.run(RuntimeInit.java:552)
05-16 10:34:19.961  1591  1591 E A       : 	at com.android.internal.os.ZygoteInit.main(ZygoteInit.java:971)
05-16 10:34:20.019  1591  1884 E BgTaskExecutorImpl: (REDACTED) %s background task %s was cancelled.
05-16 10:34:20.019  1591  1884 E BgTaskExecutorImpl: java.util.concurrent.CancellationException: Task was cancelled.
05-16 10:34:20.019  1591  1884 E BgTaskExecutorImpl: 	at com.google.common.w.a.d.s(PG:3)
05-16 10:34:20.019  1591  1884 E BgTaskExecutorImpl: 	at com.google.common.w.a.d.get(PG:4)
05-16 10:34:20.019  1591  1884 E BgTaskExecutorImpl: 	at com.google.common.w.a.ee.a(PG:1)
