05-16 10:36:03.836  2803  2803 E Finsky  : 	at internal.org.jni_zero.JniInit.n(PG:29)
05-16 10:36:03.836  2803  2803 E Finsky  : 	at internal.org.jni_zero.JniInit.o(PG:12)
05-16 10:36:03.836  2803  2803 E Finsky  : 	at aaiv.b(PG:37)
05-16 10:36:03.836  2803  2803 E Finsky  : 	at aaiv.kl(PG:23)
05-16 10:36:03.836  2803  2803 E Finsky  : 	at rxw.b(PG:25)
05-16 10:36:03.836  2803  2803 E Finsky  : 	at cbag.oF(PG:5)
05-16 10:36:03.836  2803  2803 E Finsky  : 	at cbhq.run(PG:109)
05-16 10:36:03.836  2803  2803 E Finsky  : 	at java.util.concurrent.ThreadPoolExecutor.runWorker(ThreadPoolExecutor.java:1145)
05-16 10:36:03.836  2803  2803 E Finsky  : 	at java.util.concurrent.ThreadPoolExecutor$Worker.run(ThreadPoolExecutor.java:644)
05-16 10:36:03.836  2803  2803 E Finsky  : 	at vpo.run(PG:617)
05-16 10:36:03.836  2803  2803 E Finsky  : 	at java.lang.Thread.run(Thread.java:1012)
05-16 10:36:03.839  2803  3260 E Finsky  : [56] ItemStore: getItems RPC failed for item com.google.android.apps.messaging
05-16 10:36:03.839  2803  2803 E Finsky  : [2] bplf failed GRPC call!
05-16 10:36:03.839  2803  2803 E Finsky  : java.lang.UnsupportedOperationException: Unauth not supported in gRPC BrowseService.
05-16 10:36:03.839  2803  2803 E Finsky  : 	at aaiw.c(PG:181)
05-16 10:36:03.839  2803  2803 E Finsky  : 	at aaiu.b(PG:181)
05-16 10:36:03.839  2803  2803 E Finsky  : 	at aaiu.a(PG:34)
05-16 10:36:03.839  2803  2803 E Finsky  : 	at org.chromium.net.AndroidNetworkLibrary.v(PG:14)
05-16 10:36:03.839  2803  2803 E Finsky  : 	at internal.org.jni_zero.JniInit.n(PG:29)
05-16 10:36:03.839  2803  2803 E Finsky  : 	at internal.org.jni_zero.JniInit.o(PG:12)
05-16 10:36:03.839  2803  2803 E Finsky  : 	at aaiv.b(PG:37)
05-16 10:36:03.839  2803  2803 E Finsky  : 	at aaiv.kl(PG:23)
05-16 10:36:03.839  2803  2803 E Finsky  : 	at rxw.b(PG:25)
05-16 10:36:03.839  2803  2803 E Finsky  : 	at cbag.oF(PG:5)
05-16 10:36:03.839  2803  2803 E Finsky  : 	at cbhq.run(PG:109)
05-16 10:36:03.839  2803  2803 E Finsky  : 	at java.util.concurrent.ThreadPoolExecutor.runWorker(ThreadPoolExecutor.java:1145)
05-16 10:36:03.839  2803  2803 E Finsky  : 	at java.util.concurrent.ThreadPoolExecutor$Worker.run(ThreadPoolExecutor.java:644)
05-16 10:36:03.839  2803  2803 E Finsky  : 	at vpo.run(PG:617)
05-16 10:36:03.839  2803  2803 E Finsky  : 	at java.lang.Thread.run(Thread.java:1012)
05-16 10:36:03.841  2803  3243 E Finsky  : [55] ItemStore: getItems RPC failed for item com.google.android.googlequicksearchbox
05-16 10:36:03.842  2803  2803 E Finsky  : [2] bplf failed GRPC call!
05-16 10:36:03.842  2803  2803 E Finsky  : java.lang.UnsupportedOperationException: Unauth not supported in gRPC BrowseService.
05-16 10:36:03.842  2803  2803 E Finsky  : 	at aaiw.c(PG:181)
05-16 10:36:03.842  2803  2803 E Finsky  : 	at aaiu.b(PG:181)
05-16 10:36:03.842  2803  2803 E Finsky  : 	at aaiu.a(PG:34)
05-16 10:36:03.842  2803  2803 E Finsky  : 	at org.chromium.net.AndroidNetworkLibrary.v(PG:14)
05-16 10:36:03.842  2803  2803 E Finsky  : 	at internal.org.jni_zero.JniInit.n(PG:29)
05-16 10:36:03.842  2803  2803 E Finsky  : 	at internal.org.jni_zero.JniInit.o(PG:12)
05-16 10:36:03.842  2803  2803 E Finsky  : 	at aaiv.b(PG:37)
05-16 10:36:03.842  2803  2803 E Finsky  : 	at aaiv.kl(PG:23)
05-16 10:36:03.842  2803  2803 E Finsky  : 	at rxw.b(PG:25)
05-16 10:36:03.842  2803  2803 E Finsky  : 	at cbag.oF(PG:5)
05-16 10:36:03.842  2803  2803 E Finsky  : 	at cbhq.run(PG:109)
05-16 10:36:03.842  2803  2803 E Finsky  : 	at java.util.concurrent.ThreadPoolExecutor.runWorker(ThreadPoolExecutor.java:1145)
05-16 10:36:03.842  2803  2803 E Finsky  : 	at java.util.concurrent.ThreadPoolExecutor$Worker.run(ThreadPoolExecutor.java:644)
05-16 10:36:03.842  2803  2803 E Finsky  : 	at vpo.run(PG:617)
05-16 10:36:03.842  2803  2803 E Finsky  : 	at java.lang.Thread.run(Thread.java:1012)
05-16 10:36:03.849  2803  3266 E Finsky  : [58] ItemStore: getItems RPC failed for item com.google.android.youtube
05-16 10:36:03.849  2803  3268 E Finsky  : [59] [Counters] attempted to use a non-positive increment for: 4752
05-16 10:36:03.849  2803  3268 E Finsky  : [59] [Counters] attempted to use a non-positive increment for: 4753
05-16 10:36:03.851  2803  2803 E Finsky  : [2] bplf failed GRPC call!
05-16 10:36:03.851  2803  2803 E Finsky  : java.lang.UnsupportedOperationException: Unauth not supported in gRPC BrowseService.
05-16 10:36:03.851  2803  2803 E Finsky  : 	at aaiw.c(PG:181)
05-16 10:36:03.851  2803  2803 E Finsky  : 	at aaiu.b(PG:181)
05-16 10:36:03.851  2803  2803 E Finsky  : 	at aaiu.a(PG:34)
05-16 10:36:03.851  2803  2803 E Finsky  : 	at org.chromium.net.AndroidNetworkLibrary.v(PG:14)
05-16 10:36:03.851  2803  2803 E Finsky  : 	at internal.org.jni_zero.JniInit.n(PG:29)
05-16 10:36:03.851  2803  2803 E Finsky  : 	at internal.org.jni_zero.JniInit.o(PG:12)
05-16 10:36:03.851  2803  2803 E Finsky  : 	at aaiv.b(PG:37)
05-16 10:36:03.851  2803  2803 E Finsky  : 	at aaiv.kl(PG:23)
05-16 10:36:03.851  2803  2803 E Finsky  : 	at rxw.b(PG:25)
05-16 10:36:03.851  2803  2803 E Finsky  : 	at cbag.oF(PG:5)
05-16 10:36:03.851  2803  2803 E Finsky  : 	at cbhq.run(PG:109)
05-16 10:36:03.851  2803  2803 E Finsky  : 	at java.util.concurrent.ThreadPoolExecutor.runWorker(ThreadPoolExecutor.java:1145)
05-16 10:36:03.851  2803  2803 E Finsky  : 	at java.util.concurrent.ThreadPoolExecutor$Worker.run(ThreadPoolExecutor.java:644)
05-16 10:36:03.851  2803  2803 E Finsky  : 	at vpo.run(PG:617)
05-16 10:36:03.851  2803  2803 E Finsky  : 	at java.lang.Thread.run(Thread.java:1012)
05-16 10:36:03.851  2803  3266 E Finsky  : [58] ItemStore: getItems RPC failed for item com.google.android.gm
05-16 10:36:03.852  2803  2803 E Finsky  : [2] bplf failed GRPC call!
05-16 10:36:03.852  2803  2803 E Finsky  : java.lang.UnsupportedOperationException: Unauth not supported in gRPC BrowseService.
05-16 10:36:03.852  2803  2803 E Finsky  : 	at aaiw.c(PG:181)
05-16 10:36:03.852  2803  2803 E Finsky  : 	at aaiu.b(PG:181)
05-16 10:36:03.852  2803  2803 E Finsky  : 	at aaiu.a(PG:34)
05-16 10:36:03.852  2803  2803 E Finsky  : 	at org.chromium.net.AndroidNetworkLibrary.v(PG:14)
05-16 10:36:03.852  2803  2803 E Finsky  : 	at internal.org.jni_zero.JniInit.n(PG:29)
05-16 10:36:03.852  2803  2803 E Finsky  : 	at internal.org.jni_zero.JniInit.o(PG:12)
05-16 10:36:03.852  2803  2803 E Finsky  : 	at aaiv.b(PG:37)
05-16 10:36:03.852  2803  2803 E Finsky  : 	at aaiv.kl(PG:23)
05-16 10:36:03.852  2803  2803 E Finsky  : 	at rxw.b(PG:25)
05-16 10:36:03.852  2803  2803 E Finsky  : 	at cbag.oF(PG:5)
05-16 10:36:03.852  2803  2803 E Finsky  : 	at cbhq.run(PG:109)
05-16 10:36:03.852  2803  2803 E Finsky  : 	at java.util.concurrent.ThreadPoolExecutor.runWorker(ThreadPoolExecutor.java:1145)
05-16 10:36:03.852  2803  2803 E Finsky  : 	at java.util.concurrent.ThreadPoolExecutor$Worker.run(ThreadPoolExecutor.java:644)
05-16 10:36:03.852  2803  2803 E Finsky  : 	at vpo.run(PG:617)
05-16 10:36:03.852  2803  2803 E Finsky  : 	at java.lang.Thread.run(Thread.java:1012)
05-16 10:36:03.852  2803  3266 E Finsky  : [58] ItemStore: getItems RPC failed for item com.google.android.apps.wellbeing
05-16 10:36:03.863  2803  3260 E Finsky  : [56] [Counters] attempted to use a non-positive increment for: 4752
05-16 10:36:03.864  2803  3260 E Finsky  : [56] [Counters] attempted to use a non-positive increment for: 4753
05-16 10:36:03.866  2803  2803 E Finsky  : [2] bplf failed GRPC call!
05-16 10:36:03.866  2803  2803 E Finsky  : java.lang.UnsupportedOperationException: Unauth not supported in gRPC BrowseService.
05-16 10:36:03.866  2803  2803 E Finsky  : 	at aaiw.c(PG:181)
05-16 10:36:03.866  2803  2803 E Finsky  : 	at aaiu.b(PG:181)
05-16 10:36:03.866  2803  2803 E Finsky  : 	at aaiu.a(PG:34)
05-16 10:36:03.866  2803  2803 E Finsky  : 	at org.chromium.net.AndroidNetworkLibrary.v(PG:14)
05-16 10:36:03.866  2803  2803 E Finsky  : 	at internal.org.jni_zero.JniInit.n(PG:29)
05-16 10:36:03.866  2803  2803 E Finsky  : 	at internal.org.jni_zero.JniInit.o(PG:12)
05-16 10:36:03.866  2803  2803 E Finsky  : 	at aaiv.b(PG:37)
05-16 10:36:03.866  2803  2803 E Finsky  : 	at aaiv.kl(PG:23)
05-16 10:36:03.866  2803  2803 E Finsky  : 	at rxw.b(PG:25)
05-16 10:36:03.866  2803  2803 E Finsky  : 	at cbag.oF(PG:5)
05-16 10:36:03.866  2803  2803 E Finsky  : 	at cbhq.run(PG:109)
05-16 10:36:03.866  2803  2803 E Finsky  : 	at java.util.concurrent.ThreadPoolExecutor.runWorker(ThreadPoolExecutor.java:1145)
05-16 10:36:03.866  2803  2803 E Finsky  : 	at java.util.concurrent.ThreadPoolExecutor$Worker.run(ThreadPoolExecutor.java:644)
05-16 10:36:03.866  2803  2803 E Finsky  : 	at vpo.run(PG:617)
05-16 10:36:03.866  2803  2803 E Finsky  : 	at java.lang.Thread.run(Thread.java:1012)
05-16 10:36:03.867  2803  3268 E Finsky  : [59] ItemStore: getItems RPC failed for item com.google.android.dialer
05-16 10:36:03.874  2803  3266 E Finsky  : [58] [Counters] attempted to use a non-positive increment for: 4752
05-16 10:36:03.874  2803  3266 E Finsky  : [58] [Counters] attempted to use a non-positive increment for: 4753
05-16 10:36:03.876  2803  2803 E Finsky  : [2] bplf failed GRPC call!
05-16 10:36:03.876  2803  2803 E Finsky  : java.lang.UnsupportedOperationException: Unauth not supported in gRPC BrowseService.
05-16 10:36:03.876  2803  2803 E Finsky  : 	at aaiw.c(PG:181)
05-16 10:36:03.876  2803  2803 E Finsky  : 	at aaiu.b(PG:181)
05-16 10:36:03.876  2803  2803 E Finsky  : 	at aaiu.a(PG:34)
05-16 10:36:03.876  2803  2803 E Finsky  : 	at org.chromium.net.AndroidNetworkLibrary.v(PG:14)
05-16 10:36:03.876  2803  2803 E Finsky  : 	at internal.org.jni_zero.JniInit.n(PG:29)
05-16 10:36:03.876  2803  2803 E Finsky  : 	at internal.org.jni_zero.JniInit.o(PG:12)
05-16 10:36:03.876  2803  2803 E Finsky  : 	at aaiv.b(PG:37)
05-16 10:36:03.876  2803  2803 E Finsky  : 	at aaiv.kl(PG:23)
05-16 10:36:03.876  2803  2803 E Finsky  : 	at rxw.b(PG:25)
05-16 10:36:03.876  2803  2803 E Finsky  : 	at cbag.oF(PG:5)
05-16 10:36:03.876  2803  2803 E Finsky  : 	at cbhq.run(PG:109)
05-16 10:36:03.876  2803  2803 E Finsky  : 	at java.util.concurrent.ThreadPoolExecutor.runWorker(ThreadPoolExecutor.java:1145)
05-16 10:36:03.876  2803  2803 E Finsky  : 	at java.util.concurrent.ThreadPoolExecutor$Worker.run(ThreadPoolExecutor.java:644)
05-16 10:36:03.876  2803  2803 E Finsky  : 	at vpo.run(PG:617)
05-16 10:36:03.876  2803  2803 E Finsky  : 	at java.lang.Thread.run(Thread.java:1012)
05-16 10:36:03.876  2803  3260 E Finsky  : [56] ItemStore: getItems RPC failed for item com.google.android.apps.docs
05-16 10:36:03.884  2803  3260 E Finsky  : [56] [Counters] attempted to use a non-positive increment for: 4752
05-16 10:36:03.884  2803  3260 E Finsky  : [56] [Counters] attempted to use a non-positive increment for: 4753
05-16 10:36:03.885  2803  2803 E Finsky  : [2] bplf failed GRPC call!
05-16 10:36:03.885  2803  2803 E Finsky  : java.lang.UnsupportedOperationException: Unauth not supported in gRPC BrowseService.
05-16 10:36:03.885  2803  2803 E Finsky  : 	at aaiw.c(PG:181)
05-16 10:36:03.885  2803  2803 E Finsky  : 	at aaiu.b(PG:181)
05-16 10:36:03.885  2803  2803 E Finsky  : 	at aaiu.a(PG:34)
05-16 10:36:03.885  2803  2803 E Finsky  : 	at org.chromium.net.AndroidNetworkLibrary.v(PG:14)
05-16 10:36:03.885  2803  2803 E Finsky  : 	at internal.org.jni_zero.JniInit.n(PG:29)
05-16 10:36:03.885  2803  2803 E Finsky  : 	at internal.org.jni_zero.JniInit.o(PG:12)
05-16 10:36:03.885  2803  2803 E Finsky  : 	at aaiv.b(PG:37)
05-16 10:36:03.885  2803  2803 E Finsky  : 	at aaiv.kl(PG:23)
05-16 10:36:03.885  2803  2803 E Finsky  : 	at rxw.b(PG:25)
05-16 10:36:03.885  2803  2803 E Finsky  : 	at cbag.oF(PG:5)
05-16 10:36:03.885  2803  2803 E Finsky  : 	at cbhq.run(PG:109)
05-16 10:36:03.885  2803  2803 E Finsky  : 	at java.util.concurrent.ThreadPoolExecutor.runWorker(ThreadPoolExecutor.java:1145)
05-16 10:36:03.885  2803  2803 E Finsky  : 	at java.util.concurrent.ThreadPoolExecutor$Worker.run(ThreadPoolExecutor.java:644)
05-16 10:36:03.885  2803  2803 E Finsky  : 	at vpo.run(PG:617)
05-16 10:36:03.885  2803  2803 E Finsky  : 	at java.lang.Thread.run(Thread.java:1012)
05-16 10:36:03.885  2803  3268 E Finsky  : [59] ItemStore: getItems RPC failed for item com.google.android.apps.maps
05-16 10:36:03.896  2803  3266 E Finsky  : [58] [Counters] attempted to use a non-positive increment for: 4752
05-16 10:36:03.896  2803  3266 E Finsky  : [58] [Counters] attempted to use a non-positive increment for: 4753
05-16 10:36:03.897  2803  2803 E Finsky  : [2] bplf failed GRPC call!
05-16 10:36:03.897  2803  2803 E Finsky  : java.lang.UnsupportedOperationException: Unauth not supported in gRPC BrowseService.
05-16 10:36:03.897  2803  2803 E Finsky  : 	at aaiw.c(PG:181)
05-16 10:36:03.897  2803  2803 E Finsky  : 	at aaiu.b(PG:181)
05-16 10:36:03.897  2803  2803 E Finsky  : 	at aaiu.a(PG:34)
05-16 10:36:03.897  2803  2803 E Finsky  : 	at org.chromium.net.AndroidNetworkLibrary.v(PG:14)
05-16 10:36:03.897  2803  2803 E Finsky  : 	at internal.org.jni_zero.JniInit.n(PG:29)
05-16 10:36:03.897  2803  2803 E Finsky  : 	at internal.org.jni_zero.JniInit.o(PG:12)
05-16 10:36:03.897  2803  2803 E Finsky  : 	at aaiv.b(PG:37)
05-16 10:36:03.897  2803  2803 E Finsky  : 	at aaiv.kl(PG:23)
05-16 10:36:03.897  2803  2803 E Finsky  : 	at rxw.b(PG:25)
05-16 10:36:03.897  2803  2803 E Finsky  : 	at cbag.oF(PG:5)
05-16 10:36:03.897  2803  2803 E Finsky  : 	at cbhq.run(PG:109)
05-16 10:36:03.897  2803  2803 E Finsky  : 	at java.util.concurrent.ThreadPoolExecutor.runWorker(ThreadPoolExecutor.java:1145)
05-16 10:36:03.897  2803  2803 E Finsky  : 	at java.util.concurrent.ThreadPoolExecutor$Worker.run(ThreadPoolExecutor.java:644)
05-16 10:36:03.897  2803  2803 E Finsky  : 	at vpo.run(PG:617)
05-16 10:36:03.897  2803  2803 E Finsky  : 	at java.lang.Thread.run(Thread.java:1012)
05-16 10:36:03.898  2803  3268 E Finsky  : [59] ItemStore: getItems RPC failed for item com.google.android.contacts
05-16 10:36:03.908  2803  2803 E Finsky  : [2] bplf failed GRPC call!
05-16 10:36:03.908  2803  2803 E Finsky  : java.lang.UnsupportedOperationException: Unauth not supported in gRPC BrowseService.
05-16 10:36:03.908  2803  2803 E Finsky  : 	at aaiw.c(PG:181)
05-16 10:36:03.908  2803  2803 E Finsky  : 	at aaiu.b(PG:181)
05-16 10:36:03.908  2803  2803 E Finsky  : 	at aaiu.a(PG:34)
05-16 10:36:03.908  2803  2803 E Finsky  : 	at org.chromium.net.AndroidNetworkLibrary.v(PG:14)
05-16 10:36:03.908  2803  2803 E Finsky  : 	at internal.org.jni_zero.JniInit.n(PG:29)
05-16 10:36:03.908  2803  2803 E Finsky  : 	at internal.org.jni_zero.JniInit.o(PG:12)
05-16 10:36:03.908  2803  2803 E Finsky  : 	at aaiv.b(PG:37)
05-16 10:36:03.908  2803  2803 E Finsky  : 	at aaiv.kl(PG:23)
05-16 10:36:03.908  2803  2803 E Finsky  : 	at rxw.b(PG:25)
05-16 10:36:03.908  2803  2803 E Finsky  : 	at cbag.oF(PG:5)
05-16 10:36:03.908  2803  2803 E Finsky  : 	at cbhq.run(PG:109)
05-16 10:36:03.908  2803  2803 E Finsky  : 	at java.util.concurrent.ThreadPoolExecutor.runWorker(ThreadPoolExecutor.java:1145)
05-16 10:36:03.908  2803  2803 E Finsky  : 	at java.util.concurrent.ThreadPoolExecutor$Worker.run(ThreadPoolExecutor.java:644)
05-16 10:36:03.908  2803  2803 E Finsky  : 	at vpo.run(PG:617)
05-16 10:36:03.908  2803  2803 E Finsky  : 	at java.lang.Thread.run(Thread.java:1012)
05-16 10:36:03.908  2803  3260 E Finsky  : [56] [Counters] attempted to use a non-positive increment for: 4752
05-16 10:36:03.909  2803  3268 E Finsky  : [59] [Counters] attempted to use a non-positive increment for: 4753
05-16 10:36:03.910  2803  3268 E Finsky  : [59] ItemStore: getItems RPC failed for item com.google.android.gms
05-16 10:36:03.918  2803  3243 E Finsky  : [55] [Counters] attempted to use a non-positive increment for: 4752
05-16 10:36:03.919  2803  3243 E Finsky  : [55] [Counters] attempted to use a non-positive increment for: 4753
05-16 10:36:03.925  2803  2803 E Finsky  : [2] bplf failed GRPC call!
05-16 10:36:03.925  2803  2803 E Finsky  : java.lang.UnsupportedOperationException: Unauth not supported in gRPC BrowseService.
05-16 10:36:03.925  2803  2803 E Finsky  : 	at aaiw.c(PG:181)
05-16 10:36:03.925  2803  2803 E Finsky  : 	at aaiu.b(PG:181)
05-16 10:36:03.925  2803  2803 E Finsky  : 	at aaiu.a(PG:34)
05-16 10:36:03.925  2803  2803 E Finsky  : 	at org.chromium.net.AndroidNetworkLibrary.v(PG:14)
05-16 10:36:03.925  2803  2803 E Finsky  : 	at internal.org.jni_zero.JniInit.n(PG:29)
05-16 10:36:03.925  2803  2803 E Finsky  : 	at internal.org.jni_zero.JniInit.o(PG:12)
05-16 10:36:03.925  2803  2803 E Finsky  : 	at aaiv.b(PG:37)
05-16 10:36:03.925  2803  2803 E Finsky  : 	at aaiv.kl(PG:23)
05-16 10:36:03.925  2803  2803 E Finsky  : 	at rxw.b(PG:25)
05-16 10:36:03.925  2803  2803 E Finsky  : 	at cbag.oF(PG:5)
05-16 10:36:03.925  2803  2803 E Finsky  : 	at cbhq.run(PG:109)
05-16 10:36:03.925  2803  2803 E Finsky  : 	at java.util.concurrent.ThreadPoolExecutor.runWorker(ThreadPoolExecutor.java:1145)
05-16 10:36:03.925  2803  2803 E Finsky  : 	at java.util.concurrent.ThreadPoolExecutor$Worker.run(ThreadPoolExecutor.java:644)
05-16 10:36:03.925  2803  2803 E Finsky  : 	at vpo.run(PG:617)
05-16 10:36:03.925  2803  2803 E Finsky  : 	at java.lang.Thread.run(Thread.java:1012)
05-16 10:36:03.925  2803  3243 E Finsky  : [55] ItemStore: getItems RPC failed for item com.google.android.apps.photos
05-16 10:36:03.928  2803  2803 E Finsky  : [2] bplf failed GRPC call!
05-16 10:36:03.928  2803  2803 E Finsky  : java.lang.UnsupportedOperationException: Unauth not supported in gRPC BrowseService.
05-16 10:36:03.928  2803  2803 E Finsky  : 	at aaiw.c(PG:181)
05-16 10:36:03.928  2803  2803 E Finsky  : 	at aaiu.b(PG:181)
05-16 10:36:03.928  2803  2803 E Finsky  : 	at aaiu.a(PG:34)
05-16 10:36:03.928  2803  2803 E Finsky  : 	at org.chromium.net.AndroidNetworkLibrary.v(PG:14)
05-16 10:36:03.928  2803  2803 E Finsky  : 	at internal.org.jni_zero.JniInit.n(PG:29)
05-16 10:36:03.928  2803  2803 E Finsky  : 	at internal.org.jni_zero.JniInit.o(PG:12)
05-16 10:36:03.928  2803  2803 E Finsky  : 	at aaiv.b(PG:37)
05-16 10:36:03.928  2803  2803 E Finsky  : 	at aaiv.kl(PG:23)
05-16 10:36:03.928  2803  2803 E Finsky  : 	at rxw.b(PG:25)
05-16 10:36:03.928  2803  2803 E Finsky  : 	at cbag.oF(PG:5)
05-16 10:36:03.928  2803  2803 E Finsky  : 	at cbhq.run(PG:109)
05-16 10:36:03.928  2803  2803 E Finsky  : 	at java.util.concurrent.ThreadPoolExecutor.runWorker(ThreadPoolExecutor.java:1145)
05-16 10:36:03.928  2803  2803 E Finsky  : 	at java.util.concurrent.ThreadPoolExecutor$Worker.run(ThreadPoolExecutor.java:644)
05-16 10:36:03.928  2803  2803 E Finsky  : 	at vpo.run(PG:617)
05-16 10:36:03.928  2803  2803 E Finsky  : 	at java.lang.Thread.run(Thread.java:1012)
05-16 10:36:03.928  2803  3266 E Finsky  : [58] ItemStore: getItems RPC failed for item com.google.android.calendar
05-16 10:36:03.938  2803  3243 E Finsky  : [55] [Counters] attempted to use a non-positive increment for: 4752
05-16 10:36:03.938  2803  3243 E Finsky  : [55] [Counters] attempted to use a non-positive increment for: 4753
05-16 10:36:03.946  2803  2803 E Finsky  : [2] bplf failed GRPC call!
05-16 10:36:03.946  2803  2803 E Finsky  : java.lang.UnsupportedOperationException: Unauth not supported in gRPC BrowseService.
05-16 10:36:03.946  2803  2803 E Finsky  : 	at aaiw.c(PG:181)
05-16 10:36:03.946  2803  2803 E Finsky  : 	at aaiu.b(PG:181)
05-16 10:36:03.946  2803  2803 E Finsky  : 	at aaiu.a(PG:34)
05-16 10:36:03.946  2803  2803 E Finsky  : 	at org.chromium.net.AndroidNetworkLibrary.v(PG:14)
05-16 10:36:03.946  2803  2803 E Finsky  : 	at internal.org.jni_zero.JniInit.n(PG:29)
05-16 10:36:03.946  2803  2803 E Finsky  : 	at internal.org.jni_zero.JniInit.o(PG:12)
05-16 10:36:03.946  2803  2803 E Finsky  : 	at aaiv.b(PG:37)
05-16 10:36:03.946  2803  2803 E Finsky  : 	at aaiv.kl(PG:23)
05-16 10:36:03.946  2803  2803 E Finsky  : 	at rxw.b(PG:25)
05-16 10:36:03.946  2803  2803 E Finsky  : 	at cbag.oF(PG:5)
05-16 10:36:03.946  2803  2803 E Finsky  : 	at cbhq.run(PG:109)
05-16 10:36:03.946  2803  2803 E Finsky  : 	at java.util.concurrent.ThreadPoolExecutor.runWorker(ThreadPoolExecutor.java:1145)
05-16 10:36:03.946  2803  2803 E Finsky  : 	at java.util.concurrent.ThreadPoolExecutor$Worker.run(ThreadPoolExecutor.java:644)
05-16 10:36:03.946  2803  2803 E Finsky  : 	at vpo.run(PG:617)
05-16 10:36:03.946  2803  2803 E Finsky  : 	at java.lang.Thread.run(Thread.java:1012)
05-16 10:36:03.947  2803  3266 E Finsky  : [58] ItemStore: getItems RPC failed for item com.google.android.apps.youtube.music
05-16 10:36:07.413   538   564 E libprocessgroup: No such cgroup attribute: /sys/fs/cgroup/uid_4294877423/cgroup.freeze
05-16 10:36:07.423   538   564 E libprocessgroup: No such cgroup attribute: /sys/fs/cgroup/uid_4294877423/cgroup.freeze
05-16 10:36:10.101   538   675 E AppOps  : attributionTag VCN not declared in manifest of android
05-16 10:36:10.155   538   675 E AppOps  : attributionTag VCN not declared in manifest of android
05-16 10:36:10.216   538   675 E AppOps  : attributionTag VCN not declared in manifest of android
05-16 10:36:10.261  1261  6131 E RoleControllerServiceImpl: Default/fallback role holder package doesn't qualify for the role, package: com.google.android.gms.supervision, role: android.app.role.SYSTEM_SUPERVISION
05-16 10:36:10.268  6132  6132 E .apps.wellbeing: Not starting debugger since process cannot load the jdwp agent.
05-16 10:36:10.685  2803  3260 E Finsky  : [56] [Counters] attempted to use a non-positive increment for: 4752
05-16 10:36:10.685  2803  3260 E Finsky  : [56] [Counters] attempted to use a non-positive increment for: 4753
05-16 10:36:10.715  3893  4108 E Finsky:background: [62] RM: no data for ID, not removing
05-16 10:36:10.715  3893  4108 E Finsky:background: [62] RM: no data for ID, not removing
05-16 10:36:10.715  3893  4108 E Finsky:background: [62] RM: no data for ID, not removing
05-16 10:36:10.724  2803  3266 E Finsky  : [58] [Counters] attempted to use a non-positive increment for: 4752
05-16 10:36:10.724  2803  3266 E Finsky  : [58] [Counters] attempted to use a non-positive increment for: 4753
05-16 10:36:10.728  2803  2803 E Finsky  : [2] bplf failed GRPC call!
05-16 10:36:10.728  2803  2803 E Finsky  : java.lang.UnsupportedOperationException: Unauth not supported in gRPC BrowseService.
05-16 10:36:10.728  2803  2803 E Finsky  : 	at aaiw.c(PG:181)
05-16 10:36:10.728  2803  2803 E Finsky  : 	at aaiu.b(PG:181)
05-16 10:36:10.728  2803  2803 E Finsky  : 	at aaiu.a(PG:34)
05-16 10:36:10.728  2803  2803 E Finsky  : 	at org.chromium.net.AndroidNetworkLibrary.v(PG:14)
05-16 10:36:10.728  2803  2803 E Finsky  : 	at internal.org.jni_zero.JniInit.n(PG:29)
05-16 10:36:10.728  2803  2803 E Finsky  : 	at internal.org.jni_zero.JniInit.o(PG:12)
05-16 10:36:10.728  2803  2803 E Finsky  : 	at aaiv.b(PG:37)
05-16 10:36:10.728  2803  2803 E Finsky  : 	at aaiv.kl(PG:23)
05-16 10:36:10.728  2803  2803 E Finsky  : 	at rxw.b(PG:25)
05-16 10:36:10.728  2803  2803 E Finsky  : 	at cbag.oF(PG:5)
05-16 10:36:10.728  2803  2803 E Finsky  : 	at cbhq.run(PG:109)
05-16 10:36:10.728  2803  2803 E Finsky  : 	at java.util.concurrent.ThreadPoolExecutor.runWorker(ThreadPoolExecutor.java:1145)
05-16 10:36:10.728  2803  2803 E Finsky  : 	at java.util.concurrent.ThreadPoolExecutor$Worker.run(ThreadPoolExecutor.java:644)
05-16 10:36:10.728  2803  2803 E Finsky  : 	at vpo.run(PG:617)
05-16 10:36:10.728  2803  2803 E Finsky  : 	at java.lang.Thread.run(Thread.java:1012)
05-16 10:36:10.733  2803  3266 E Finsky  : [58] ItemStore: getItems RPC failed for item com.google.android.apps.wellbeing
05-16 10:36:10.745  2803  2803 E Finsky  : [2] bplf failed GRPC call!
05-16 10:36:10.745  2803  2803 E Finsky  : java.lang.UnsupportedOperationException: Unauth not supported in gRPC BrowseService.
05-16 10:36:10.745  2803  2803 E Finsky  : 	at aaiw.c(PG:181)
05-16 10:36:10.745  2803  2803 E Finsky  : 	at aaiu.b(PG:181)
05-16 10:36:10.745  2803  2803 E Finsky  : 	at aaiu.a(PG:34)
05-16 10:36:10.745  2803  2803 E Finsky  : 	at org.chromium.net.AndroidNetworkLibrary.v(PG:14)
05-16 10:36:10.745  2803  2803 E Finsky  : 	at internal.org.jni_zero.JniInit.n(PG:29)
05-16 10:36:10.745  2803  2803 E Finsky  : 	at internal.org.jni_zero.JniInit.o(PG:12)
05-16 10:36:10.745  2803  2803 E Finsky  : 	at aaiv.b(PG:37)
05-16 10:36:10.745  2803  2803 E Finsky  : 	at aaiv.kl(PG:23)
05-16 10:36:10.745  2803  2803 E Finsky  : 	at rxw.b(PG:25)
05-16 10:36:10.745  2803  2803 E Finsky  : 	at cbag.oF(PG:5)
05-16 10:36:10.745  2803  2803 E Finsky  : 	at cbhq.run(PG:109)
05-16 10:36:10.745  2803  2803 E Finsky  : 	at java.util.concurrent.ThreadPoolExecutor.runWorker(ThreadPoolExecutor.java:1145)
05-16 10:36:10.745  2803  2803 E Finsky  : 	at java.util.concurrent.ThreadPoolExecutor$Worker.run(ThreadPoolExecutor.java:644)
05-16 10:36:10.745  2803  2803 E Finsky  : 	at vpo.run(PG:617)
05-16 10:36:10.745  2803  2803 E Finsky  : 	at java.lang.Thread.run(Thread.java:1012)
05-16 10:36:10.745  2803  3266 E Finsky  : [58] ItemStore: getItems RPC failed for item com.google.android.apps.wellbeing
05-16 10:36:11.734  1261  6131 E RoleControllerServiceImpl: Default/fallback role holder package doesn't qualify for the role, package: com.google.android.gms.supervision, role: android.app.role.SYSTEM_SUPERVISION
05-16 10:36:20.091   538   564 E libprocessgroup: No such cgroup attribute: /sys/fs/cgroup/uid_4294877449/cgroup.freeze
05-16 10:36:20.112   538   564 E libprocessgroup: No such cgroup attribute: /sys/fs/cgroup/uid_4294877449/cgroup.freeze
05-16 10:36:25.105   538   675 E AppOps  : attributionTag VCN not declared in manifest of android
05-16 10:36:25.107   538   675 E AppOps  : attributionTag VCN not declared in manifest of android
05-16 10:36:25.153   538   675 E AppOps  : attributionTag VCN not declared in manifest of android
05-16 10:36:25.194  1261  6131 E RoleControllerServiceImpl: Default/fallback role holder package doesn't qualify for the role, package: com.google.android.gms.supervision, role: android.app.role.SYSTEM_SUPERVISION
05-16 10:36:25.250  6283  6283 E oid.apps.photos: Not starting debugger since process cannot load the jdwp agent.
05-16 10:36:25.601  2803  3268 E Finsky  : [59] [Counters] attempted to use a non-positive increment for: 4752
05-16 10:36:25.601  2803  3268 E Finsky  : [59] [Counters] attempted to use a non-positive increment for: 4753
05-16 10:36:25.629  2803  3260 E Finsky  : [56] [Counters] attempted to use a non-positive increment for: 4752
05-16 10:36:25.631  2803  3243 E Finsky  : [55] [Counters] attempted to use a non-positive increment for: 4753
05-16 10:36:25.650  2803  2803 E Finsky  : [2] bplf failed GRPC call!
05-16 10:36:25.650  2803  2803 E Finsky  : java.lang.UnsupportedOperationException: Unauth not supported in gRPC BrowseService.
05-16 10:36:25.650  2803  2803 E Finsky  : 	at aaiw.c(PG:181)
05-16 10:36:25.650  2803  2803 E Finsky  : 	at aaiu.b(PG:181)
05-16 10:36:25.650  2803  2803 E Finsky  : 	at aaiu.a(PG:34)
05-16 10:36:25.650  2803  2803 E Finsky  : 	at org.chromium.net.AndroidNetworkLibrary.v(PG:14)
05-16 10:36:25.650  2803  2803 E Finsky  : 	at internal.org.jni_zero.JniInit.n(PG:29)
05-16 10:36:25.650  2803  2803 E Finsky  : 	at internal.org.jni_zero.JniInit.o(PG:12)
05-16 10:36:25.650  2803  2803 E Finsky  : 	at aaiv.b(PG:37)
05-16 10:36:25.650  2803  2803 E Finsky  : 	at aaiv.kl(PG:23)
05-16 10:36:25.650  2803  2803 E Finsky  : 	at rxw.b(PG:25)
05-16 10:36:25.650  2803  2803 E Finsky  : 	at cbag.oF(PG:5)
05-16 10:36:25.650  2803  2803 E Finsky  : 	at cbhq.run(PG:109)
05-16 10:36:25.650  2803  2803 E Finsky  : 	at java.util.concurrent.ThreadPoolExecutor.runWorker(ThreadPoolExecutor.java:1145)
05-16 10:36:25.650  2803  2803 E Finsky  : 	at java.util.concurrent.ThreadPoolExecutor$Worker.run(ThreadPoolExecutor.java:644)
05-16 10:36:25.650  2803  2803 E Finsky  : 	at vpo.run(PG:617)
05-16 10:36:25.650  2803  2803 E Finsky  : 	at java.lang.Thread.run(Thread.java:1012)
05-16 10:36:25.653  2803  3266 E Finsky  : [58] ItemStore: getItems RPC failed for item com.google.android.apps.photos
05-16 10:36:25.686  2803  2803 E Finsky  : [2] bplf failed GRPC call!
05-16 10:36:25.686  2803  2803 E Finsky  : java.lang.UnsupportedOperationException: Unauth not supported in gRPC BrowseService.
05-16 10:36:25.686  2803  2803 E Finsky  : 	at aaiw.c(PG:181)
05-16 10:36:25.686  2803  2803 E Finsky  : 	at aaiu.b(PG:181)
05-16 10:36:25.686  2803  2803 E Finsky  : 	at aaiu.a(PG:34)
05-16 10:36:25.686  2803  2803 E Finsky  : 	at org.chromium.net.AndroidNetworkLibrary.v(PG:14)
05-16 10:36:25.686  2803  2803 E Finsky  : 	at internal.org.jni_zero.JniInit.n(PG:29)
05-16 10:36:25.686  2803  2803 E Finsky  : 	at internal.org.jni_zero.JniInit.o(PG:12)
05-16 10:36:25.686  2803  2803 E Finsky  : 	at aaiv.b(PG:37)
05-16 10:36:25.686  2803  2803 E Finsky  : 	at aaiv.kl(PG:23)
05-16 10:36:25.686  2803  2803 E Finsky  : 	at rxw.b(PG:25)
05-16 10:36:25.686  2803  2803 E Finsky  : 	at cbag.oF(PG:5)
05-16 10:36:25.686  2803  2803 E Finsky  : 	at cbhq.run(PG:109)
05-16 10:36:25.686  2803  2803 E Finsky  : 	at java.util.concurrent.ThreadPoolExecutor.runWorker(ThreadPoolExecutor.java:1145)
05-16 10:36:25.686  2803  2803 E Finsky  : 	at java.util.concurrent.ThreadPoolExecutor$Worker.run(ThreadPoolExecutor.java:644)
05-16 10:36:25.686  2803  2803 E Finsky  : 	at vpo.run(PG:617)
05-16 10:36:25.686  2803  2803 E Finsky  : 	at java.lang.Thread.run(Thread.java:1012)
05-16 10:36:25.686  2803  3266 E Finsky  : [58] ItemStore: getItems RPC failed for item com.google.android.apps.photos
05-16 10:36:26.028  1676  6328 E jqhm    : *~*~*~ Previous channel {0} was garbage collected without being shut down! ~*~*~*
05-16 10:36:26.028  1676  6328 E jqhm    :     Make sure to call shutdown()/shutdownNow()
05-16 10:36:26.028  1676  6328 E jqhm    : java.lang.RuntimeException: ManagedChannel allocation site
05-16 10:36:26.028  1676  6328 E jqhm    : 	at jqhl.<init>(:com.google.android.gms@261631029@26.16.31 (190400-900800821):21)
05-16 10:36:26.028  1676  6328 E jqhm    : 	at jqhm.<init>(:com.google.android.gms@261631029@26.16.31 (190400-900800821):10)
05-16 10:36:26.028  1676  6328 E jqhm    : 	at jqhk.a(:com.google.android.gms@261631029@26.16.31 (190400-900800821):300)
05-16 10:36:26.028  1676  6328 E jqhm    : 	at jppc.a(:com.google.android.gms@261631029@26.16.31 (190400-900800821):5)
05-16 10:36:26.028  1676  6328 E jqhm    : 	at jpvc.a(:com.google.android.gms@261631029@26.16.31 (190400-900800821):18)
05-16 10:36:26.028  1676  6328 E jqhm    : 	at auzi.c(:com.google.android.gms@261631029@26.16.31 (190400-900800821):69)
05-16 10:36:26.028  1676  6328 E jqhm    : 	at auzi.<init>(:com.google.android.gms@261631029@26.16.31 (190400-900800821):60)
05-16 10:36:26.028  1676  6328 E jqhm    : 	at auxu.<init>(:com.google.android.gms@261631029@26.16.31 (190400-900800821):199)
05-16 10:36:26.028  1676  6328 E jqhm    : 	at auxd.a(:com.google.android.gms@261631029@26.16.31 (190400-900800821):5)
05-16 10:36:26.028  1676  6328 E jqhm    : 	at aywa.<init>(:com.google.android.gms@261631029@26.16.31 (190400-900800821):10)
05-16 10:36:26.028  1676  6328 E jqhm    : 	at com.google.android.gms.backup.transport.snapshot.DeviceStateSnapshotLoggingTask.a(:com.google.android.gms@261631029@26.16.31 (190400-900800821):24)
05-16 10:36:26.028  1676  6328 E jqhm    : 	at cxgn.call(:com.google.android.gms@261631029@26.16.31 (190400-900800821):36)
05-16 10:36:26.028  1676  6328 E jqhm    : 	at java.util.concurrent.FutureTask.run(FutureTask.java:264)
05-16 10:36:26.028  1676  6328 E jqhm    : 	at biwf.c(:com.google.android.gms@261631029@26.16.31 (190400-900800821):50)
05-16 10:36:26.028  1676  6328 E jqhm    : 	at biwf.run(:com.google.android.gms@261631029@26.16.31 (190400-900800821):66)
05-16 10:36:26.028  1676  6328 E jqhm    : 	at java.util.concurrent.ThreadPoolExecutor.runWorker(ThreadPoolExecutor.java:1145)
05-16 10:36:26.028  1676  6328 E jqhm    : 	at java.util.concurrent.ThreadPoolExecutor$Worker.run(ThreadPoolExecutor.java:644)
05-16 10:36:26.028  1676  6328 E jqhm    : 	at bjbw.run(:com.google.android.gms@261631029@26.16.31 (190400-900800821):8)
05-16 10:36:26.028  1676  6328 E jqhm    : 	at java.lang.Thread.run(Thread.java:1012)
05-16 10:36:26.028  1676  6328 E jqhm    : *~*~*~ Previous channel {0} was garbage collected without being shut down! ~*~*~*
05-16 10:36:26.028  1676  6328 E jqhm    :     Make sure to call shutdown()/shutdownNow()
05-16 10:36:26.028  1676  6328 E jqhm    : java.lang.RuntimeException: ManagedChannel allocation site
05-16 10:36:26.028  1676  6328 E jqhm    : 	at jqhl.<init>(:com.google.android.gms@261631029@26.16.31 (190400-900800821):21)
05-16 10:36:26.028  1676  6328 E jqhm    : 	at jqhm.<init>(:com.google.android.gms@261631029@26.16.31 (190400-900800821):10)
05-16 10:36:26.028  1676  6328 E jqhm    : 	at jqhk.a(:com.google.android.gms@261631029@26.16.31 (190400-900800821):300)
05-16 10:36:26.028  1676  6328 E jqhm    : 	at jppc.a(:com.google.android.gms@261631029@26.16.31 (190400-900800821):5)
05-16 10:36:26.028  1676  6328 E jqhm    : 	at jpvc.a(:com.google.android.gms@261631029@26.16.31 (190400-900800821):18)
05-16 10:36:26.028  1676  6328 E jqhm    : 	at auzi.c(:com.google.android.gms@261631029@26.16.31 (190400-900800821):69)
05-16 10:36:26.028  1676  6328 E jqhm    : 	at auzi.<init>(:com.google.android.gms@261631029@26.16.31 (190400-900800821):20)
05-16 10:36:26.028  1676  6328 E jqhm    : 	at auxu.<init>(:com.google.android.gms@261631029@26.16.31 (190400-900800821):199)
05-16 10:36:26.028  1676  6328 E jqhm    : 	at auxd.a(:com.google.android.gms@261631029@26.16.31 (190400-900800821):5)
05-16 10:36:26.028  1676  6328 E jqhm    : 	at aywa.<init>(:com.google.android.gms@261631029@26.16.31 (190400-900800821):10)
05-16 10:36:26.028  1676  6328 E jqhm    : 	at com.google.android.gms.backup.transport.snapshot.DeviceStateSnapshotLoggingTask.a(:com.google.android.gms@261631029@26.16.31 (190400-900800821):24)
05-16 10:36:26.028  1676  6328 E jqhm    : 	at cxgn.call(:com.google.android.gms@261631029@26.16.31 (190400-900800821):36)
05-16 10:36:26.028  1676  6328 E jqhm    : 	at java.util.concurrent.FutureTask.run(FutureTask.java:264)
05-16 10:36:26.028  1676  6328 E jqhm    : 	at biwf.c(:com.google.android.gms@261631029@26.16.31 (190400-900800821):50)
05-16 10:36:26.028  1676  6328 E jqhm    : 	at biwf.run(:com.google.android.gms@261631029@26.16.31 (190400-900800821):66)
05-16 10:36:26.028  1676  6328 E jqhm    : 	at java.util.concurrent.ThreadPoolExecutor.runWorker(ThreadPoolExecutor.java:1145)
05-16 10:36:26.028  1676  6328 E jqhm    : 	at java.util.concurrent.ThreadPoolExecutor$Worker.run(ThreadPoolExecutor.java:644)
05-16 10:36:26.028  1676  6328 E jqhm    : 	at bjbw.run(:com.google.android.gms@261631029@26.16.31 (190400-900800821):8)
05-16 10:36:26.028  1676  6328 E jqhm    : 	at java.lang.Thread.run(Thread.java:1012)
05-16 10:36:26.029  1676  6328 E jqhm    : *~*~*~ Previous channel {0} was garbage collected without being shut down! ~*~*~*
05-16 10:36:26.029  1676  6328 E jqhm    :     Make sure to call shutdown()/shutdownNow()
05-16 10:36:26.029  1676  6328 E jqhm    : java.lang.RuntimeException: ManagedChannel allocation site
05-16 10:36:26.029  1676  6328 E jqhm    : 	at jqhl.<init>(:com.google.android.gms@261631029@26.16.31 (190400-900800821):21)
05-16 10:36:26.029  1676  6328 E jqhm    : 	at jqhm.<init>(:com.google.android.gms@261631029@26.16.31 (190400-900800821):10)
05-16 10:36:26.029  1676  6328 E jqhm    : 	at jqhk.a(:com.google.android.gms@261631029@26.16.31 (190400-900800821):300)
05-16 10:36:26.029  1676  6328 E jqhm    : 	at jppc.a(:com.google.android.gms@261631029@26.16.31 (190400-900800821):5)
05-16 10:36:26.029  1676  6328 E jqhm    : 	at jpvc.a(:com.google.android.gms@261631029@26.16.31 (190400-900800821):18)
05-16 10:36:26.029  1676  6328 E jqhm    : 	at auzi.c(:com.google.android.gms@261631029@26.16.31 (190400-900800821):69)
05-16 10:36:26.029  1676  6328 E jqhm    : 	at auzi.<init>(:com.google.android.gms@261631029@26.16.31 (190400-900800821):20)
05-16 10:36:26.029  1676  6328 E jqhm    : 	at auxu.<init>(:com.google.android.gms@261631029@26.16.31 (190400-900800821):199)
05-16 10:36:26.029  1676  6328 E jqhm    : 	at auxd.a(:com.google.android.gms@261631029@26.16.31 (190400-900800821):5)
05-16 10:36:26.029  1676  6328 E jqhm    : 	at aywa.<init>(:com.google.android.gms@261631029@26.16.31 (190400-900800821):10)
05-16 10:36:26.029  1676  6328 E jqhm    : 	at com.google.android.gms.backup.transport.snapshot.DeviceStateSnapshotLoggingTask.a(:com.google.android.gms@261631029@26.16.31 (190400-900800821):24)
05-16 10:36:26.029  1676  6328 E jqhm    : 	at cxgn.call(:com.google.android.gms@261631029@26.16.31 (190400-900800821):36)
05-16 10:36:26.029  1676  6328 E jqhm    : 	at java.util.concurrent.FutureTask.run(FutureTask.java:264)
05-16 10:36:26.029  1676  6328 E jqhm    : 	at biwf.c(:com.google.android.gms@261631029@26.16.31 (190400-900800821):50)
05-16 10:36:26.029  1676  6328 E jqhm    : 	at biwf.run(:com.google.android.gms@261631029@26.16.31 (190400-900800821):66)
05-16 10:36:26.029  1676  6328 E jqhm    : 	at java.util.concurrent.ThreadPoolExecutor.runWorker(ThreadPoolExecutor.java:1145)
05-16 10:36:26.029  1676  6328 E jqhm    : 	at java.util.concurrent.ThreadPoolExecutor$Worker.run(ThreadPoolExecutor.java:644)
05-16 10:36:26.029  1676  6328 E jqhm    : 	at bjbw.run(:com.google.android.gms@261631029@26.16.31 (190400-900800821):8)
05-16 10:36:26.029  1676  6328 E jqhm    : 	at java.lang.Thread.run(Thread.java:1012)
05-16 10:36:26.029  1676  6328 E jqhm    : *~*~*~ Previous channel {0} was garbage collected without being shut down! ~*~*~*
05-16 10:36:26.029  1676  6328 E jqhm    :     Make sure to call shutdown()/shutdownNow()
05-16 10:36:26.029  1676  6328 E jqhm    : java.lang.RuntimeException: ManagedChannel allocation site
05-16 10:36:26.029  1676  6328 E jqhm    : 	at jqhl.<init>(:com.google.android.gms@261631029@26.16.31 (190400-900800821):21)
05-16 10:36:26.029  1676  6328 E jqhm    : 	at jqhm.<init>(:com.google.android.gms@261631029@26.16.31 (190400-900800821):10)
05-16 10:36:26.029  1676  6328 E jqhm    : 	at jqhk.a(:com.google.android.gms@261631029@26.16.31 (190400-900800821):300)
05-16 10:36:26.029  1676  6328 E jqhm    : 	at jppc.a(:com.google.android.gms@261631029@26.16.31 (190400-900800821):5)
05-16 10:36:26.029  1676  6328 E jqhm    : 	at jpvc.a(:com.google.android.gms@261631029@26.16.31 (190400-900800821):18)
05-16 10:36:26.029  1676  6328 E jqhm    : 	at auzi.c(:com.google.android.gms@261631029@26.16.31 (190400-900800821):69)
05-16 10:36:26.029  1676  6328 E jqhm    : 	at auzi.<init>(:com.google.android.gms@261631029@26.16.31 (190400-900800821):60)
05-16 10:36:26.029  1676  6328 E jqhm    : 	at auxu.<init>(:com.google.android.gms@261631029@26.16.31 (190400-900800821):199)
05-16 10:36:26.029  1676  6328 E jqhm    : 	at auxd.a(:com.google.android.gms@261631029@26.16.31 (190400-900800821):5)
05-16 10:36:26.029  1676  6328 E jqhm    : 	at aywa.<init>(:com.google.android.gms@261631029@26.16.31 (190400-900800821):10)
05-16 10:36:26.029  1676  6328 E jqhm    : 	at com.google.android.gms.backup.transport.snapshot.DeviceStateSnapshotLoggingTask.a(:com.google.android.gms@261631029@26.16.31 (190400-900800821):24)
05-16 10:36:26.029  1676  6328 E jqhm    : 	at cxgn.call(:com.google.android.gms@261631029@26.16.31 (190400-900800821):36)
05-16 10:36:26.029  1676  6328 E jqhm    : 	at java.util.concurrent.FutureTask.run(FutureTask.java:264)
05-16 10:36:26.029  1676  6328 E jqhm    : 	at biwf.c(:com.google.android.gms@261631029@26.16.31 (190400-900800821):50)
05-16 10:36:26.029  1676  6328 E jqhm    : 	at biwf.run(:com.google.android.gms@261631029@26.16.31 (190400-900800821):66)
05-16 10:36:26.029  1676  6328 E jqhm    : 	at java.util.concurrent.ThreadPoolExecutor.runWorker(ThreadPoolExecutor.java:1145)
05-16 10:36:26.029  1676  6328 E jqhm    : 	at java.util.concurrent.ThreadPoolExecutor$Worker.run(ThreadPoolExecutor.java:644)
05-16 10:36:26.029  1676  6328 E jqhm    : 	at bjbw.run(:com.google.android.gms@261631029@26.16.31 (190400-900800821):8)
05-16 10:36:26.029  1676  6328 E jqhm    : 	at java.lang.Thread.run(Thread.java:1012)
05-16 10:36:26.029  1676  6328 E jqhm    : *~*~*~ Previous channel {0} was garbage collected without being shut down! ~*~*~*
05-16 10:36:26.029  1676  6328 E jqhm    :     Make sure to call shutdown()/shutdownNow()
05-16 10:36:26.029  1676  6328 E jqhm    : java.lang.RuntimeException: ManagedChannel allocation site
05-16 10:36:26.029  1676  6328 E jqhm    : 	at jqhl.<init>(:com.google.android.gms@261631029@26.16.31 (190400-900800821):21)
05-16 10:36:26.029  1676  6328 E jqhm    : 	at jqhm.<init>(:com.google.android.gms@261631029@26.16.31 (190400-900800821):10)
05-16 10:36:26.029  1676  6328 E jqhm    : 	at jqhk.a(:com.google.android.gms@261631029@26.16.31 (190400-900800821):300)
05-16 10:36:26.029  1676  6328 E jqhm    : 	at jppc.a(:com.google.android.gms@261631029@26.16.31 (190400-900800821):5)
05-16 10:36:26.029  1676  6328 E jqhm    : 	at jpvc.a(:com.google.android.gms@261631029@26.16.31 (190400-900800821):18)
05-16 10:36:26.029  1676  6328 E jqhm    : 	at auzi.c(:com.google.android.gms@261631029@26.16.31 (190400-900800821):69)
05-16 10:36:26.029  1676  6328 E jqhm    : 	at auzi.<init>(:com.google.android.gms@261631029@26.16.31 (190400-900800821):41)
05-16 10:36:26.029  1676  6328 E jqhm    : 	at auxu.<init>(:com.google.android.gms@261631029@26.16.31 (190400-900800821):199)
05-16 10:36:26.029  1676  6328 E jqhm    : 	at auxd.a(:com.google.android.gms@261631029@26.16.31 (190400-900800821):5)
05-16 10:36:26.029  1676  6328 E jqhm    : 	at aywa.<init>(:com.google.android.gms@261631029@26.16.31 (190400-900800821):10)
05-16 10:36:26.029  1676  6328 E jqhm    : 	at com.google.android.gms.backup.transport.snapshot.DeviceStateSnapshotLoggingTask.a(:com.google.android.gms@261631029@26.16.31 (190400-900800821):24)
05-16 10:36:26.029  1676  6328 E jqhm    : 	at cxgn.call(:com.google.android.gms@261631029@26.16.31 (190400-900800821):36)
05-16 10:36:26.029  1676  6328 E jqhm    : 	at java.util.concurrent.FutureTask.run(FutureTask.java:264)
05-16 10:36:26.029  1676  6328 E jqhm    : 	at biwf.c(:com.google.android.gms@261631029@26.16.31 (190400-900800821):50)
05-16 10:36:26.029  1676  6328 E jqhm    : 	at biwf.run(:com.google.android.gms@261631029@26.16.31 (190400-900800821):66)
05-16 10:36:26.029  1676  6328 E jqhm    : 	at java.util.concurrent.ThreadPoolExecutor.runWorker(ThreadPoolExecutor.java:1145)
05-16 10:36:26.029  1676  6328 E jqhm    : 	at java.util.concurrent.ThreadPoolExecutor$Worker.run(ThreadPoolExecutor.java:644)
05-16 10:36:26.029  1676  6328 E jqhm    : 	at bjbw.run(:com.google.android.gms@261631029@26.16.31 (190400-900800821):8)
05-16 10:36:26.029  1676  6328 E jqhm    : 	at java.lang.Thread.run(Thread.java:1012)
05-16 10:36:26.029  1676  6328 E jqhm    : *~*~*~ Previous channel {0} was garbage collected without being shut down! ~*~*~*
05-16 10:36:26.029  1676  6328 E jqhm    :     Make sure to call shutdown()/shutdownNow()
05-16 10:36:26.029  1676  6328 E jqhm    : java.lang.RuntimeException: ManagedChannel allocation site
05-16 10:36:26.029  1676  6328 E jqhm    : 	at jqhl.<init>(:com.google.android.gms@261631029@26.16.31 (190400-900800821):21)
05-16 10:36:26.029  1676  6328 E jqhm    : 	at jqhm.<init>(:com.google.android.gms@261631029@26.16.31 (190400-900800821):10)
05-16 10:36:26.029  1676  6328 E jqhm    : 	at jqhk.a(:com.google.android.gms@261631029@26.16.31 (190400-900800821):300)
05-16 10:36:26.029  1676  6328 E jqhm    : 	at jppc.a(:com.google.android.gms@261631029@26.16.31 (190400-900800821):5)
05-16 10:36:26.029  1676  6328 E jqhm    : 	at jpvc.a(:com.google.android.gms@261631029@26.16.31 (190400-900800821):18)
05-16 10:36:26.029  1676  6328 E jqhm    : 	at auzi.c(:com.google.android.gms@261631029@26.16.31 (190400-900800821):69)
05-16 10:36:26.029  1676  6328 E jqhm    : 	at auzi.<init>(:com.google.android.gms@261631029@26.16.31 (190400-900800821):41)
05-16 10:36:26.029  1676  6328 E jqhm    : 	at auxu.<init>(:com.google.android.gms@261631029@26.16.31 (190400-900800821):199)
05-16 10:36:26.029  1676  6328 E jqhm    : 	at auxd.a(:com.google.android.gms@261631029@26.16.31 (190400-900800821):5)
05-16 10:36:26.029  1676  6328 E jqhm    : 	at aywa.<init>(:com.google.android.gms@261631029@26.16.31 (190400-900800821):10)
05-16 10:36:26.029  1676  6328 E jqhm    : 	at com.google.android.gms.backup.transport.snapshot.DeviceStateSnapshotLoggingTask.a(:com.google.android.gms@261631029@26.16.31 (190400-900800821):24)
05-16 10:36:26.029  1676  6328 E jqhm    : 	at cxgn.call(:com.google.android.gms@261631029@26.16.31 (190400-900800821):36)
05-16 10:36:26.029  1676  6328 E jqhm    : 	at java.util.concurrent.FutureTask.run(FutureTask.java:264)
05-16 10:36:26.029  1676  6328 E jqhm    : 	at biwf.c(:com.google.android.gms@261631029@26.16.31 (190400-900800821):50)
05-16 10:36:26.029  1676  6328 E jqhm    : 	at biwf.run(:com.google.android.gms@261631029@26.16.31 (190400-900800821):66)
05-16 10:36:26.029  1676  6328 E jqhm    : 	at java.util.concurrent.ThreadPoolExecutor.runWorker(ThreadPoolExecutor.java:1145)
05-16 10:36:26.029  1676  6328 E jqhm    : 	at java.util.concurrent.ThreadPoolExecutor$Worker.run(ThreadPoolExecutor.java:644)
05-16 10:36:26.029  1676  6328 E jqhm    : 	at bjbw.run(:com.google.android.gms@261631029@26.16.31 (190400-900800821):8)
05-16 10:36:26.029  1676  6328 E jqhm    : 	at java.lang.Thread.run(Thread.java:1012)
05-16 10:36:26.032  1676  6328 E jqhm    : *~*~*~ Previous channel {0} was garbage collected without being shut down! ~*~*~*
05-16 10:36:26.032  1676  6328 E jqhm    :     Make sure to call shutdown()/shutdownNow()
05-16 10:36:26.032  1676  6328 E jqhm    : java.lang.RuntimeException: ManagedChannel allocation site
05-16 10:36:26.032  1676  6328 E jqhm    : 	at jqhl.<init>(:com.google.android.gms@261631029@26.16.31 (190400-900800821):21)
05-16 10:36:26.032  1676  6328 E jqhm    : 	at jqhm.<init>(:com.google.android.gms@261631029@26.16.31 (190400-900800821):10)
05-16 10:36:26.032  1676  6328 E jqhm    : 	at jqhk.a(:com.google.android.gms@261631029@26.16.31 (190400-900800821):300)
05-16 10:36:26.032  1676  6328 E jqhm    : 	at jppc.a(:com.google.android.gms@261631029@26.16.31 (190400-900800821):5)
05-16 10:36:26.032  1676  6328 E jqhm    : 	at jpvc.a(:com.google.android.gms@261631029@26.16.31 (190400-900800821):18)
05-16 10:36:26.032  1676  6328 E jqhm    : 	at auwj.b(:com.google.android.gms@261631029@26.16.31 (190400-900800821):84)
05-16 10:36:26.032  1676  6328 E jqhm    : 	at axvy.b(:com.google.android.gms@261631029@26.16.31 (190400-900800821):91)
05-16 10:36:26.032  1676  6328 E jqhm    : 	at com.google.android.gms.backup.settings.notifications.BackupNotificationsTask.f(:com.google.android.gms@261631029@26.16.31 (190400-900800821):76)
05-16 10:36:26.032  1676  6328 E jqhm    : 	at axvu.invokeSuspend(:com.google.android.gms@261631029@26.16.31 (190400-900800821):23)
05-16 10:36:26.032  1676  6328 E jqhm    : 	at jrbo.resumeWith(:com.google.android.gms@261631029@26.16.31 (190400-900800821):17)
05-16 10:36:26.032  1676  6328 E jqhm    : 	at jrnj.run(:com.google.android.gms@261631029@26.16.31 (190400-900800821):130)
05-16 10:36:26.032  1676  6328 E jqhm    : 	at biwf.c(:com.google.android.gms@261631029@26.16.31 (190400-900800821):50)
05-16 10:36:26.032  1676  6328 E jqhm    : 	at biwf.run(:com.google.android.gms@261631029@26.16.31 (190400-900800821):66)
05-16 10:36:26.032  1676  6328 E jqhm    : 	at java.util.concurrent.ThreadPoolExecutor.runWorker(ThreadPoolExecutor.java:1145)
05-16 10:36:26.032  1676  6328 E jqhm    : 	at java.util.concurrent.ThreadPoolExecutor$Worker.run(ThreadPoolExecutor.java:644)
05-16 10:36:26.032  1676  6328 E jqhm    : 	at bjbw.run(:com.google.android.gms@261631029@26.16.31 (190400-900800821):8)
05-16 10:36:26.032  1676  6328 E jqhm    : 	at java.lang.Thread.run(Thread.java:1012)
05-16 10:36:26.413  3893  4106 E Finsky:background: [61] RM: no data for ID, not removing
05-16 10:36:26.413  3893  4106 E Finsky:background: [61] RM: no data for ID, not removing
05-16 10:36:26.413  3893  4106 E Finsky:background: [61] RM: no data for ID, not removing
05-16 10:36:26.413  3893  4106 E Finsky:background: [61] RM: no data for ID, not removing
05-16 10:36:26.413  3893  4106 E Finsky:background: [61] RM: no data for ID, not removing
05-16 10:36:26.980   538   564 E libprocessgroup: No such cgroup attribute: /sys/fs/cgroup/uid_4294877433/cgroup.freeze
05-16 10:36:27.003   538   564 E libprocessgroup: No such cgroup attribute: /sys/fs/cgroup/uid_4294877433/cgroup.freeze
05-16 10:36:28.158  1676  1718 E SharingClientImpl: Unsuspend failed: null
05-16 10:36:30.949   538   675 E AppOps  : attributionTag VCN not declared in manifest of android
05-16 10:36:30.950   538   675 E AppOps  : attributionTag VCN not declared in manifest of android
05-16 10:36:30.951   538   675 E AppOps  : attributionTag VCN not declared in manifest of android
05-16 10:36:30.978  2803  3268 E Finsky  : [59] [Counters] attempted to use a non-positive increment for: 4752
05-16 10:36:30.978  2803  3268 E Finsky  : [59] [Counters] attempted to use a non-positive increment for: 4753
05-16 10:36:31.014  1261  6131 E RoleControllerServiceImpl: Default/fallback role holder package doesn't qualify for the role, package: com.google.android.gms.supervision, role: android.app.role.SYSTEM_SUPERVISION
05-16 10:36:31.066  2803  2803 E Finsky  : [2] bplf failed GRPC call!
05-16 10:36:31.066  2803  2803 E Finsky  : java.lang.UnsupportedOperationException: Unauth not supported in gRPC BrowseService.
05-16 10:36:31.066  2803  2803 E Finsky  : 	at aaiw.c(PG:181)
05-16 10:36:31.066  2803  2803 E Finsky  : 	at aaiu.b(PG:181)
05-16 10:36:31.066  2803  2803 E Finsky  : 	at aaiu.a(PG:34)
05-16 10:36:31.066  2803  2803 E Finsky  : 	at org.chromium.net.AndroidNetworkLibrary.v(PG:14)
